MPLINK 4.37, Linker
Linker Map File - Created Wed Jul 13 15:39:58 2011

                                 Section Info
                  Section       Type    Address   Location Size(Bytes)
                ---------  ---------  ---------  ---------  ---------
               _entry_scn       code   0x000000    program   0x000006
           .code___init.o       code   0x000006    program   0x000002
               highVector       code   0x000008    program   0x000006
          .romdata_Main.o    romdata   0x00000e    program   0x000006
         .romdata_HTTP2.o    romdata   0x000014    program   0x000003
          .romdata_SNTP.o    romdata   0x000017    program   0x000000
      .romdata_StackTsk.o    romdata   0x000017    program   0x000000
           .idata_RSA.o_i    romdata   0x000017    program   0x000000
       .idata_fxm3232.o_i    romdata   0x000017    program   0x000000
      .romdata_fxd3232u.o    romdata   0x000017    program   0x000000
         .idata_MPFS2.o_i    romdata   0x000017    program   0x000000
           .idata_SSL.o_i    romdata   0x000017    program   0x000000
          .idata_ICMP.o_i    romdata   0x000017    program   0x000000
           .romdata_UDP.o    romdata   0x000017    program   0x000000
      .idata_fxd1616u.o_i    romdata   0x000017    program   0x000000
 .romdata_CustomHTTPApp.o    romdata   0x000017    program   0x000000
    .idata_BTnic_Comm.o_i    romdata   0x000017    program   0x000000
      .romdata_i2c_open.o    romdata   0x000017    program   0x000000
    .romdata_BTnic_Comm.o    romdata   0x000017    program   0x000000
      .idata_i2c_writ.o_i    romdata   0x000017    program   0x000000
      .idata_MPFSImg2.o_i    romdata   0x000017    program   0x000000
        .idata_BigInt.o_i    romdata   0x000017    program   0x000000
         .romdata_c018i.o    romdata   0x000017    program   0x000000
           .romdata_DNS.o    romdata   0x000017    program   0x000000
      .idata_Announce.o_i    romdata   0x000017    program   0x000001
        .idata___init.o_i    romdata   0x000017    program   0x000000
           .romdata_ARP.o    romdata   0x000017    program   0x000000
        .idata_Hashes.o_i    romdata   0x000017    program   0x000000
         .idata_Delay.o_i    romdata   0x000017    program   0x000000
          .romdata_NBNS.o    romdata   0x000017    program   0x000000
      .idata_i2c1writ.o_i    romdata   0x000017    program   0x000000
      .idata_ETH97J60.o_i    romdata   0x000017    program   0x000000
      .romdata_ETH97J60.o    romdata   0x000017    program   0x000000
          .idata_NBNS.o_i    romdata   0x000017    program   0x000000
       .idata_Helpers.o_i    romdata   0x000017    program   0x000000
       .romdata_Helpers.o    romdata   0x000017    program   0x000000
        .idata_Random.o_i    romdata   0x000017    program   0x000000
      .romdata_i2c1read.o    romdata   0x000017    program   0x000000
            .romdata_IP.o    romdata   0x000017    program   0x000000
        .romdata_Random.o    romdata   0x000017    program   0x000000
                lowVector       code   0x000018    program   0x000006
                   .cinit    romdata   0x00001e    program   0x0000aa
              .code_TCP.o       code   0x0000c8    program   0x0089de
            .code_HTTP2.o       code   0x008aa6    program   0x002b90
            .code_MPFS2.o       code   0x00b636    program   0x001a1c
          .code_Helpers.o       code   0x00d052    program   0x001132
              .code_UDP.o       code   0x00e184    program   0x000f32
              .code_DNS.o       code   0x00f0b6    program   0x000dbe
         .code_ETH97J60.o       code   0x00fe74    program   0x000d96
             .code_DHCP.o       code   0x010c0a    program   0x000cd4
    .code_CustomHTTPApp.o       code   0x0118de    program   0x0008cc
              .code_ARP.o       code   0x0121aa    program   0x0005c2
             .code_SNTP.o       code   0x01276c    program   0x000576
       .code_BTnic_Comm.o       code   0x012ce2    program   0x000562
             .stringtable    romdata   0x013244    program   0x000498
                   STDLIB       code   0x0136dc    program   0x000440
               .code_IP.o       code   0x013b1c    program   0x0003fa
             .code_Main.o       code   0x013f16    program   0x0002e2
      .romdata_MPFSImg2.o    romdata   0x0141f8    program   0x0002bf
      .idata_i2c1read.o_i    romdata   0x0144b7    program   0x000000
       .romdata_fxm3232.o    romdata   0x0144b7    program   0x000000
           .romdata_RSA.o    romdata   0x0144b7    program   0x000000
      .idata_fxd3232u.o_i    romdata   0x0144b7    program   0x000000
        .romdata_Hashes.o    romdata   0x0144b7    program   0x000000
      .romdata_fxd1616u.o    romdata   0x0144b7    program   0x000000
      .romdata_i2c1writ.o    romdata   0x0144b7    program   0x000000
           .romdata_SSL.o    romdata   0x0144b7    program   0x000000
        .romdata___init.o    romdata   0x0144b7    program   0x000000
      .romdata_i2c_writ.o    romdata   0x0144b7    program   0x000000
      .idata_i2c_open.o_i    romdata   0x0144b7    program   0x000000
        .romdata_BigInt.o    romdata   0x0144b7    program   0x000000
          .romdata_ICMP.o    romdata   0x0144b7    program   0x000000
         .romdata_Delay.o    romdata   0x0144b7    program   0x000000
         .romdata_MPFS2.o    romdata   0x0144b7    program   0x000000
      .idata_StackTsk.o_i    romdata   0x0144b7    program   0x000000
          .romdata_DHCP.o    romdata   0x0144b7    program   0x000000
        .idata_Reboot.o_i    romdata   0x0144b7    program   0x000001
        .romdata_Reboot.o    romdata   0x0144b7    program   0x000000
      .romdata_Announce.o    romdata   0x0144b7    program   0x000000
          .romdata_Tick.o    romdata   0x0144b7    program   0x000000
       .romdata_ARCFOUR.o    romdata   0x0144b7    program   0x000000
         .idata_c018i.o_i    romdata   0x0144b7    program   0x000000
         .code_Announce.o       code   0x0144b8    program   0x0002ac
         .code_StackTsk.o       code   0x014764    program   0x00027e
                   STRING       code   0x0149e2    program   0x00023c
           .code_Reboot.o       code   0x014c1e    program   0x000162
             .code_ICMP.o       code   0x014d80    program   0x000146
             .code_Tick.o       code   0x014ec6    program   0x000140
                     PROG       code   0x015006    program   0x0000ce
               _cinit_scn       code   0x0150d4    program   0x00009e
         .code_i2c1writ.o       code   0x015172    program   0x000080
          .code_fxm3232.o       code   0x0151f2    program   0x000070
         .code_fxd3232u.o       code   0x015262    program   0x000048
         .code_fxd1616u.o       code   0x0152aa    program   0x00002c
                    .code       code   0x0152d6    program   0x00002c
             _startup_scn       code   0x015302    program   0x00001c
         .code_i2c1read.o       code   0x01531e    program   0x00001a
           .romdata_TCP.o    romdata   0x015338    program   0x000012
              SEED_DATA_i    romdata   0x01534a    program   0x000002
           .idata_UDP.o_i    romdata   0x01534c    program   0x000002
          .idata_Tick.o_i    romdata   0x01534e    program   0x000004
           .idata_TCP.o_i    romdata   0x015352    program   0x000002
          .idata_SNTP.o_i    romdata   0x015354    program   0x000009
          .idata_Main.o_i    romdata   0x01535d    program   0x000004
            .idata_IP.o_i    romdata   0x015361    program   0x000002
         .idata_HTTP2.o_i    romdata   0x015363    program   0x00006c
           .idata_DNS.o_i    romdata   0x0153cf    program   0x000003
          .idata_DHCP.o_i    romdata   0x0153d2    program   0x000008
 .idata_CustomHTTPApp.o_i    romdata   0x0153da    program   0x000002
           .idata_ARP.o_i    romdata   0x0153dc    program   0x000001
       .idata_ARCFOUR.o_i    romdata   0x0153dd    program   0x000000
         .code_i2c_open.o       code   0x0153de    program   0x000000
         .code_i2c_writ.o       code   0x0153de    program   0x000000
         .code_MPFSImg2.o       code   0x0153de    program   0x000000
              .code_SSL.o       code   0x0153de    program   0x000000
            .code_Delay.o       code   0x0153de    program   0x000000
              .code_RSA.o       code   0x0153de    program   0x000000
           .code_Random.o       code   0x0153de    program   0x000000
           .code_Hashes.o       code   0x0153de    program   0x000000
             .code_NBNS.o       code   0x0153de    program   0x000000
            .code_c018i.o       code   0x0153de    program   0x000000
           .code_BigInt.o       code   0x0153de    program   0x000000
          .code_ARCFOUR.o       code   0x0153de    program   0x000000
                MATH_DATA      udata   0x000000       data   0x000014
                 .tmpdata      udata   0x000014       data   0x00000e
   HTTP_CONNECTION_STATES      udata   0x000060       data   0x000084
             .udata_DNS.o      udata   0x0000e4       data   0x000018
         .udata_Helpers.o      udata   0x0000fc       data   0x000004
      .udata_BTnic_Comm.o      udata   0x000100       data   0x0000f9
        .udata_ETH97J60.o      udata   0x0001f9       data   0x000007
           .udata_MPFS2.o      udata   0x000200       data   0x00006b
             .udata_UDP.o      udata   0x00026b       data   0x000044
       SYN_QUEUE_RAM_SECT      udata   0x0002af       data   0x00003c
            .udata_SNTP.o      udata   0x0002eb       data   0x00000f
            .udata_Tick.o      udata   0x0002fa       data   0x000006
             .udata_TCP.o      udata   0x000300       data   0x000033
            .udata_Main.o      udata   0x000333       data   0x000033
            .udata_DHCP.o      udata   0x000366       data   0x00001d
           .udata_c018i.o      udata   0x000383       data   0x00000a
            .idata_SNTP.o      idata   0x00038d       data   0x000009
            .idata_DHCP.o      idata   0x000396       data   0x000008
            .idata_Tick.o      idata   0x00039e       data   0x000004
            .idata_Main.o      idata   0x0003a2       data   0x000004
             .idata_DNS.o      idata   0x0003a6       data   0x000003
                SEED_DATA      idata   0x0003a9       data   0x000002
   .udata_CustomHTTPApp.o      udata   0x0003ab       data   0x000002
             .idata_UDP.o      idata   0x0003ad       data   0x000002
             .idata_TCP.o      idata   0x0003af       data   0x000002
              .idata_IP.o      idata   0x0003b1       data   0x000002
   .idata_CustomHTTPApp.o      idata   0x0003b3       data   0x000002
        .udata_Announce.o      udata   0x0003b5       data   0x000001
          .idata_Reboot.o      idata   0x0003b6       data   0x000001
        .idata_Announce.o      idata   0x0003b7       data   0x000001
             .idata_ARP.o      idata   0x0003b8       data   0x000001
          .udata_Random.o      udata   0x0003b9       data   0x000000
             .idata_SSL.o      idata   0x0003b9       data   0x000000
             .udata_SSL.o      udata   0x0003b9       data   0x000000
      .idata_BTnic_Comm.o      idata   0x0003b9       data   0x000000
             .idata_RSA.o      idata   0x0003b9       data   0x000000
             .udata_RSA.o      udata   0x0003b9       data   0x000000
          .idata_Random.o      idata   0x0003b9       data   0x000000
        .udata_i2c_writ.o      udata   0x0003b9       data   0x000000
        .idata_i2c_writ.o      idata   0x0003b9       data   0x000000
        .udata_i2c_open.o      udata   0x0003b9       data   0x000000
        .idata_i2c_open.o      idata   0x0003b9       data   0x000000
        .udata_fxd1616u.o      udata   0x0003b9       data   0x000000
        .idata_fxd1616u.o      idata   0x0003b9       data   0x000000
        .udata_fxd3232u.o      udata   0x0003b9       data   0x000000
        .idata_fxd3232u.o      idata   0x0003b9       data   0x000000
         .udata_fxm3232.o      udata   0x0003b9       data   0x000000
         .idata_fxm3232.o      idata   0x0003b9       data   0x000000
        .udata_i2c1read.o      udata   0x0003b9       data   0x000000
        .idata_i2c1read.o      idata   0x0003b9       data   0x000000
        .udata_i2c1writ.o      udata   0x0003b9       data   0x000000
        .idata_i2c1writ.o      idata   0x0003b9       data   0x000000
          .udata___init.o      udata   0x0003b9       data   0x000000
          .idata___init.o      idata   0x0003b9       data   0x000000
        .idata_MPFSImg2.o      idata   0x0003b9       data   0x000000
        .udata_MPFSImg2.o      udata   0x0003b9       data   0x000000
           .udata_HTTP2.o      udata   0x0003b9       data   0x000000
        .idata_StackTsk.o      idata   0x0003b9       data   0x000000
         .idata_Helpers.o      idata   0x0003b9       data   0x000000
        .idata_ETH97J60.o      idata   0x0003b9       data   0x000000
           .idata_Delay.o      idata   0x0003b9       data   0x000000
           .udata_Delay.o      udata   0x0003b9       data   0x000000
           .idata_c018i.o      idata   0x0003b9       data   0x000000
            .udata_ICMP.o      udata   0x0003b9       data   0x000000
            .idata_ICMP.o      idata   0x0003b9       data   0x000000
           .idata_MPFS2.o      idata   0x0003b9       data   0x000000
          .udata_Reboot.o      udata   0x0003b9       data   0x000000
            .udata_NBNS.o      udata   0x0003b9       data   0x000000
            .idata_NBNS.o      idata   0x0003b9       data   0x000000
         .udata_ARCFOUR.o      udata   0x0003b9       data   0x000000
         .idata_ARCFOUR.o      idata   0x0003b9       data   0x000000
          .udata_BigInt.o      udata   0x0003b9       data   0x000000
          .idata_BigInt.o      idata   0x0003b9       data   0x000000
          .udata_Hashes.o      udata   0x0003b9       data   0x000000
          .idata_Hashes.o      idata   0x0003b9       data   0x000000
                   .stack      udata   0x000d00       data   0x000100
           .idata_HTTP2.o      idata   0x000e00       data   0x00006c
             .udata_ARP.o      udata   0x000e6c       data   0x000014
              SFR_BANKED0      udata   0x000e80       data   0x000006
              SFR_BANKED1      udata   0x000e8a       data   0x000001
              SFR_BANKED2      udata   0x000e97       data   0x000003
              SFR_BANKED3      udata   0x000ea0       data   0x000001
              SFR_BANKED4      udata   0x000ea2       data   0x000003
              SFR_BANKED5      udata   0x000ea6       data   0x000002
              SFR_BANKED6      udata   0x000eaa       data   0x000002
              SFR_BANKED7      udata   0x000eb2       data   0x000001
              SFR_BANKED8      udata   0x000eb4       data   0x000001
              SFR_BANKED9      udata   0x000eb6       data   0x000004
             SFR_BANKED10      udata   0x000ec0       data   0x000012
             SFR_BANKED11      udata   0x000ed4       data   0x000002
             SFR_BANKED12      udata   0x000ed8       data   0x000002
             SFR_BANKED13      udata   0x000ee2       data   0x000016
             SFR_BANKED14      udata   0x000efb       data   0x000001
             SFR_BANKED15      udata   0x000efd       data   0x000002
                 TCB_uRAM      udata   0x000f00       data   0x000054
        .udata_StackTsk.o      udata   0x000f54       data   0x00000b
              .udata_IP.o      udata   0x000f5f       data   0x000001
            SFR_UNBANKED0      udata   0x000f60       data   0x0000a0



                              Program Memory Usage 
                               Start         End      
                           ---------   ---------      
                            0x000000    0x0153dc      
            87005 out of 131072 program addresses used, program memory utilization is 66%



                              Symbols - Sorted by Name
                     Name    Address   Location    Storage File                     
                ---------  ---------  ---------  --------- ---------                
                  ARPInit   0x012304    program     extern C:\Users\Matt\Documents\Microchip\TcpStack-500-Olimex\Microchip\TCPIP Stack\ARP.c
            ARPIsResolved   0x0125ce    program     extern C:\Users\Matt\Documents\Microchip\TcpStack-500-Olimex\Microchip\TCPIP Stack\ARP.c
               ARPProcess   0x01231c    program     extern C:\Users\Matt\Documents\Microchip\TcpStack-500-Olimex\Microchip\TCPIP Stack\ARP.c
                   ARPPut   0x0121aa    program     static C:\Users\Matt\Documents\Microchip\TcpStack-500-Olimex\Microchip\TCPIP Stack\ARP.c
               ARPResolve   0x0124f4    program     extern C:\Users\Matt\Documents\Microchip\TcpStack-500-Olimex\Microchip\TCPIP Stack\ARP.c
               AnnounceIP   0x0144b8    program     extern C:\Users\Matt\Documents\Microchip\TcpStack-500-Olimex\Microchip\TCPIP Stack\Announce.c
          BTCommGetBuffer   0x01321c    program     extern C:\Users\Matt\Documents\Microchip\BTnicEmb\BTnic_Comm.c
             BTCommGetRsp   0x01316c    program     extern C:\Users\Matt\Documents\Microchip\BTnicEmb\BTnic_Comm.c
          BTCommGetRspLen   0x013160    program     extern C:\Users\Matt\Documents\Microchip\BTnicEmb\BTnic_Comm.c
           BTCommGetState   0x013044    program     extern C:\Users\Matt\Documents\Microchip\BTnicEmb\BTnic_Comm.c
           BTCommGetTimer   0x0131b2    program     extern C:\Users\Matt\Documents\Microchip\BTnicEmb\BTnic_Comm.c
               BTCommInit   0x012ce2    program     extern C:\Users\Matt\Documents\Microchip\BTnicEmb\BTnic_Comm.c
                 BTCommRX   0x012e78    program     extern C:\Users\Matt\Documents\Microchip\BTnicEmb\BTnic_Comm.c
             BTCommSetRsp   0x0131c6    program     extern C:\Users\Matt\Documents\Microchip\BTnicEmb\BTnic_Comm.c
           BTCommSetState   0x013124    program     extern C:\Users\Matt\Documents\Microchip\BTnicEmb\BTnic_Comm.c
                 BTCommTX   0x012d04    program     extern C:\Users\Matt\Documents\Microchip\BTnicEmb\BTnic_Comm.c
             Base64Decode   0x00d80e    program     extern C:\Users\Matt\Documents\Microchip\TcpStack-500-Olimex\Microchip\TCPIP Stack\Helpers.c
     CalcIPBufferChecksum   0x010578    program     extern C:\Users\Matt\Documents\Microchip\TcpStack-500-Olimex\Microchip\TCPIP Stack\ETH97J60.c
           CalcIPChecksum   0x00dee6    program     extern C:\Users\Matt\Documents\Microchip\TcpStack-500-Olimex\Microchip\TCPIP Stack\Helpers.c
              CloseSocket   0x005bf6    program     static C:\Users\Matt\Documents\Microchip\TcpStack-500-Olimex\Microchip\TCPIP Stack\TCP.c
              DHCPDisable   0x010c28    program     extern C:\Users\Matt\Documents\Microchip\TcpStack-500-Olimex\Microchip\TCPIP Stack\DHCP.c
               DHCPEnable   0x010c46    program     extern C:\Users\Matt\Documents\Microchip\TcpStack-500-Olimex\Microchip\TCPIP Stack\DHCP.c
                DHCPReset   0x010c0a    program     extern C:\Users\Matt\Documents\Microchip\TcpStack-500-Olimex\Microchip\TCPIP Stack\DHCP.c
                 DHCPTask   0x010c5c    program     extern C:\Users\Matt\Documents\Microchip\TcpStack-500-Olimex\Microchip\TCPIP Stack\DHCP.c
            DNSBeginUsage   0x00f0b6    program     extern C:\Users\Matt\Documents\Microchip\TcpStack-500-Olimex\Microchip\TCPIP Stack\DNS.c
              DNSEndUsage   0x00f0c8    program     extern C:\Users\Matt\Documents\Microchip\TcpStack-500-Olimex\Microchip\TCPIP Stack\DNS.c
             DNSGetString   0x00fdf4    program     static C:\Users\Matt\Documents\Microchip\TcpStack-500-Olimex\Microchip\TCPIP Stack\DNS.c
            DNSIsResolved   0x00f1b6    program     extern C:\Users\Matt\Documents\Microchip\TcpStack-500-Olimex\Microchip\TCPIP Stack\DNS.c
          DNSPutROMString   0x00fcb4    program     static C:\Users\Matt\Documents\Microchip\TcpStack-500-Olimex\Microchip\TCPIP Stack\DNS.c
             DNSPutString   0x00fbb4    program     static C:\Users\Matt\Documents\Microchip\TcpStack-500-Olimex\Microchip\TCPIP Stack\DNS.c
               DNSResolve   0x00f0f0    program     extern C:\Users\Matt\Documents\Microchip\TcpStack-500-Olimex\Microchip\TCPIP Stack\DNS.c
            DNSResolveROM   0x00f14e    program     extern C:\Users\Matt\Documents\Microchip\TcpStack-500-Olimex\Microchip\TCPIP Stack\DNS.c
            DiscoveryTask   0x0145cc    program     extern C:\Users\Matt\Documents\Microchip\TcpStack-500-Olimex\Microchip\TCPIP Stack\Announce.c
                 FXD1616U   0x0152aa    program     extern C:\MCC18\src\traditional\math\fxd1616u.c
                 FXD3232U   0x015262    program     extern C:\MCC18\src\traditional\math\fxd3232u.c
                 FXM1616U   0x015006    program     extern C:\MCC18\src\traditional\math\fxm1616u.asm
                 FXM2424U   0x015042    program     extern C:\MCC18\src\traditional\math\fxm2424u.asm
                  FXM3232   0x0151f2    program     extern C:\MCC18\src\traditional\math\fxm3232.c
       FindMatchingSocket   0x0052ea    program     static C:\Users\Matt\Documents\Microchip\TcpStack-500-Olimex\Microchip\TCPIP Stack\TCP.c
       FindMatchingSocket   0x00ee78    program     static C:\Users\Matt\Documents\Microchip\TcpStack-500-Olimex\Microchip\TCPIP Stack\UDP.c
        FormatNetBIOSName   0x00e0f2    program     extern C:\Users\Matt\Documents\Microchip\TcpStack-500-Olimex\Microchip\TCPIP Stack\Helpers.c
      GenerateRandomDWORD   0x00d052    program     extern C:\Users\Matt\Documents\Microchip\TcpStack-500-Olimex\Microchip\TCPIP Stack\Helpers.c
              GetTickCopy   0x014ed6    program     static C:\Users\Matt\Documents\Microchip\TcpStack-500-Olimex\Microchip\TCPIP Stack\Tick.c
            HTTPCheckAuth   0x011924    program     extern C:\Users\Matt\Documents\Microchip\BTnicEmb\CustomHTTPApp.c
           HTTPExecuteGet   0x01198c    program     extern C:\Users\Matt\Documents\Microchip\BTnicEmb\CustomHTTPApp.c
          HTTPExecutePost   0x011ab2    program     extern C:\Users\Matt\Documents\Microchip\BTnicEmb\CustomHTTPApp.c
               HTTPGetArg   0x00aca8    program     extern C:\Users\Matt\Documents\Microchip\TcpStack-500-Olimex\Microchip\TCPIP Stack\HTTP2.c
            HTTPGetROMArg   0x00adba    program     extern C:\Users\Matt\Documents\Microchip\TcpStack-500-Olimex\Microchip\TCPIP Stack\HTTP2.c
HTTPHeaderParseAuthorization   0x00a7c0    program     static C:\Users\Matt\Documents\Microchip\TcpStack-500-Olimex\Microchip\TCPIP Stack\HTTP2.c
HTTPHeaderParseContentLength   0x00a9f6    program     static C:\Users\Matt\Documents\Microchip\TcpStack-500-Olimex\Microchip\TCPIP Stack\HTTP2.c
    HTTPHeaderParseLookup   0x00a79a    program     static C:\Users\Matt\Documents\Microchip\TcpStack-500-Olimex\Microchip\TCPIP Stack\HTTP2.c
              HTTPIncFile   0x00b43a    program     extern C:\Users\Matt\Documents\Microchip\TcpStack-500-Olimex\Microchip\TCPIP Stack\HTTP2.c
                 HTTPInit   0x008c10    program     extern C:\Users\Matt\Documents\Microchip\TcpStack-500-Olimex\Microchip\TCPIP Stack\HTTP2.c
             HTTPLoadConn   0x008e24    program     static C:\Users\Matt\Documents\Microchip\TcpStack-500-Olimex\Microchip\TCPIP Stack\HTTP2.c
            HTTPNeedsAuth   0x0118de    program     extern C:\Users\Matt\Documents\Microchip\BTnicEmb\CustomHTTPApp.c
                HTTPPrint   0x008aa6    program     extern C:\Users\Matt\Documents\Microchip\BTnicEmb\HTTPPrint.h
               HTTPPrint_   0x008be4    program     extern C:\Users\Matt\Documents\Microchip\BTnicEmb\HTTPPrint.h
       HTTPPrint_BTBuffer   0x0120a0    program     extern C:\Users\Matt\Documents\Microchip\BTnicEmb\CustomHTTPApp.c
    HTTPPrint_BTCommTimer   0x011f38    program     extern C:\Users\Matt\Documents\Microchip\BTnicEmb\CustomHTTPApp.c
      HTTPPrint_BTNic_CGI   0x011d2e    program     extern C:\Users\Matt\Documents\Microchip\BTnicEmb\CustomHTTPApp.c
        HTTPPrint_BTState   0x011b56    program     extern C:\Users\Matt\Documents\Microchip\BTnicEmb\CustomHTTPApp.c
          HTTPPrint_BTVer   0x011b20    program     extern C:\Users\Matt\Documents\Microchip\BTnicEmb\CustomHTTPApp.c
       HTTPPrint_SSP1CON1   0x011e00    program     extern C:\Users\Matt\Documents\Microchip\BTnicEmb\CustomHTTPApp.c
       HTTPPrint_SSP1CON2   0x011e68    program     extern C:\Users\Matt\Documents\Microchip\BTnicEmb\CustomHTTPApp.c
       HTTPPrint_SSP1STAT   0x011ed0    program     extern C:\Users\Matt\Documents\Microchip\BTnicEmb\CustomHTTPApp.c
        HTTPPrint_TickGet   0x011fec    program     extern C:\Users\Matt\Documents\Microchip\BTnicEmb\CustomHTTPApp.c
              HTTPProcess   0x008f18    program     static C:\Users\Matt\Documents\Microchip\TcpStack-500-Olimex\Microchip\TCPIP Stack\HTTP2.c
         HTTPReadPostName   0x00af14    program     extern C:\Users\Matt\Documents\Microchip\TcpStack-500-Olimex\Microchip\TCPIP Stack\HTTP2.c
        HTTPReadPostValue   0x00af88    program     extern C:\Users\Matt\Documents\Microchip\TcpStack-500-Olimex\Microchip\TCPIP Stack\HTTP2.c
               HTTPReadTo   0x00b072    program     static C:\Users\Matt\Documents\Microchip\TcpStack-500-Olimex\Microchip\TCPIP Stack\HTTP2.c
             HTTPSendFile   0x00a4ee    program     static C:\Users\Matt\Documents\Microchip\TcpStack-500-Olimex\Microchip\TCPIP Stack\HTTP2.c
               HTTPServer   0x008cfa    program     extern C:\Users\Matt\Documents\Microchip\TcpStack-500-Olimex\Microchip\TCPIP Stack\HTTP2.c
            HTTPURLDecode   0x00aae6    program     extern C:\Users\Matt\Documents\Microchip\TcpStack-500-Olimex\Microchip\TCPIP Stack\HTTP2.c
                HTTP_CRLF   0x000014    program     static C:\Users\Matt\Documents\Microchip\TcpStack-500-Olimex\Microchip\TCPIP Stack\HTTP2.c
             HandleTCPSeg   0x005f06    program     static C:\Users\Matt\Documents\Microchip\TcpStack-500-Olimex\Microchip\TCPIP Stack\TCP.c
                  HighISR   0x013fd0    program     extern C:\Users\Matt\Documents\Microchip\BTnicEmb\Main.c
               HighVector   0x000008    program     extern C:\Users\Matt\Documents\Microchip\BTnicEmb\Main.c
              ICMPProcess   0x014d80    program     extern C:\Users\Matt\Documents\Microchip\TcpStack-500-Olimex\Microchip\TCPIP Stack\ICMP.c
              IPGetHeader   0x013b1c    program     extern C:\Users\Matt\Documents\Microchip\TcpStack-500-Olimex\Microchip\TCPIP Stack\IP.c
              IPPutHeader   0x013c90    program     extern C:\Users\Matt\Documents\Microchip\TcpStack-500-Olimex\Microchip\TCPIP Stack\IP.c
            IPSetRxBuffer   0x013df4    program     extern C:\Users\Matt\Documents\Microchip\TcpStack-500-Olimex\Microchip\TCPIP Stack\IP.c
            InitAppConfig   0x01411c    program     static C:\Users\Matt\Documents\Microchip\BTnicEmb\Main.c
          InitializeBoard   0x0140f6    program     static C:\Users\Matt\Documents\Microchip\BTnicEmb\Main.c
                   LowISR   0x013f16    program     extern C:\Users\Matt\Documents\Microchip\BTnicEmb\Main.c
                LowVector   0x000018    program     extern C:\Users\Matt\Documents\Microchip\BTnicEmb\Main.c
        MACCalcRxChecksum   0x0104b6    program     extern C:\Users\Matt\Documents\Microchip\TcpStack-500-Olimex\Microchip\TCPIP Stack\ETH97J60.c
             MACDiscardRx   0x00ffd8    program     extern C:\Users\Matt\Documents\Microchip\TcpStack-500-Olimex\Microchip\TCPIP Stack\ETH97J60.c
                 MACFlush   0x010374    program     extern C:\Users\Matt\Documents\Microchip\TcpStack-500-Olimex\Microchip\TCPIP Stack\ETH97J60.c
                   MACGet   0x0109f2    program     extern C:\Users\Matt\Documents\Microchip\TcpStack-500-Olimex\Microchip\TCPIP Stack\ETH97J60.c
              MACGetArray   0x0109f8    program     extern C:\Users\Matt\Documents\Microchip\TcpStack-500-Olimex\Microchip\TCPIP Stack\ETH97J60.c
         MACGetFreeRxSize   0x01006e    program     extern C:\Users\Matt\Documents\Microchip\TcpStack-500-Olimex\Microchip\TCPIP Stack\ETH97J60.c
             MACGetHeader   0x010166    program     extern C:\Users\Matt\Documents\Microchip\TcpStack-500-Olimex\Microchip\TCPIP Stack\ETH97J60.c
                  MACInit   0x00fe74    program     extern C:\Users\Matt\Documents\Microchip\TcpStack-500-Olimex\Microchip\TCPIP Stack\ETH97J60.c
              MACIsLinked   0x00ff7e    program     extern C:\Users\Matt\Documents\Microchip\TcpStack-500-Olimex\Microchip\TCPIP Stack\ETH97J60.c
         MACIsMemCopyDone   0x0109e4    program     extern C:\Users\Matt\Documents\Microchip\TcpStack-500-Olimex\Microchip\TCPIP Stack\ETH97J60.c
             MACIsTxReady   0x00ff9e    program     extern C:\Users\Matt\Documents\Microchip\TcpStack-500-Olimex\Microchip\TCPIP Stack\ETH97J60.c
          MACMemCopyAsync   0x01077c    program     extern C:\Users\Matt\Documents\Microchip\TcpStack-500-Olimex\Microchip\TCPIP Stack\ETH97J60.c
             MACPowerDown   0x010bea    program     extern C:\Users\Matt\Documents\Microchip\TcpStack-500-Olimex\Microchip\TCPIP Stack\ETH97J60.c
               MACPowerUp   0x010bfc    program     extern C:\Users\Matt\Documents\Microchip\TcpStack-500-Olimex\Microchip\TCPIP Stack\ETH97J60.c
                   MACPut   0x010a98    program     extern C:\Users\Matt\Documents\Microchip\TcpStack-500-Olimex\Microchip\TCPIP Stack\ETH97J60.c
              MACPutArray   0x010ab2    program     extern C:\Users\Matt\Documents\Microchip\TcpStack-500-Olimex\Microchip\TCPIP Stack\ETH97J60.c
             MACPutHeader   0x0102ee    program     extern C:\Users\Matt\Documents\Microchip\TcpStack-500-Olimex\Microchip\TCPIP Stack\ETH97J60.c
           MACPutROMArray   0x010af6    program     extern C:\Users\Matt\Documents\Microchip\TcpStack-500-Olimex\Microchip\TCPIP Stack\ETH97J60.c
            MACSetReadPtr   0x010470    program     extern C:\Users\Matt\Documents\Microchip\TcpStack-500-Olimex\Microchip\TCPIP Stack\ETH97J60.c
        MACSetReadPtrInRx   0x0103aa    program     extern C:\Users\Matt\Documents\Microchip\TcpStack-500-Olimex\Microchip\TCPIP Stack\ETH97J60.c
           MACSetWritePtr   0x01042a    program     extern C:\Users\Matt\Documents\Microchip\TcpStack-500-Olimex\Microchip\TCPIP Stack\ETH97J60.c
                MPFSClose   0x00be9e    program     extern C:\Users\Matt\Documents\Microchip\TcpStack-500-Olimex\Microchip\TCPIP Stack\MPFS2.c
                  MPFSGet   0x00bef2    program     extern C:\Users\Matt\Documents\Microchip\TcpStack-500-Olimex\Microchip\TCPIP Stack\MPFS2.c
             MPFSGetArray   0x00c0d0    program     extern C:\Users\Matt\Documents\Microchip\TcpStack-500-Olimex\Microchip\TCPIP Stack\MPFS2.c
          MPFSGetBytesRem   0x00cbc0    program     extern C:\Users\Matt\Documents\Microchip\TcpStack-500-Olimex\Microchip\TCPIP Stack\MPFS2.c
           MPFSGetEndAddr   0x00cd22    program     extern C:\Users\Matt\Documents\Microchip\TcpStack-500-Olimex\Microchip\TCPIP Stack\MPFS2.c
          MPFSGetFilename   0x00cdf4    program     extern C:\Users\Matt\Documents\Microchip\TcpStack-500-Olimex\Microchip\TCPIP Stack\MPFS2.c
             MPFSGetFlags   0x00ca70    program     extern C:\Users\Matt\Documents\Microchip\TcpStack-500-Olimex\Microchip\TCPIP Stack\MPFS2.c
                MPFSGetID   0x00cf8c    program     extern C:\Users\Matt\Documents\Microchip\TcpStack-500-Olimex\Microchip\TCPIP Stack\MPFS2.c
              MPFSGetLong   0x00c37e    program     extern C:\Users\Matt\Documents\Microchip\TcpStack-500-Olimex\Microchip\TCPIP Stack\MPFS2.c
         MPFSGetMicrotime   0x00c9c0    program     extern C:\Users\Matt\Documents\Microchip\TcpStack-500-Olimex\Microchip\TCPIP Stack\MPFS2.c
          MPFSGetPosition   0x00cefa    program     extern C:\Users\Matt\Documents\Microchip\TcpStack-500-Olimex\Microchip\TCPIP Stack\MPFS2.c
              MPFSGetSize   0x00cb10    program     extern C:\Users\Matt\Documents\Microchip\TcpStack-500-Olimex\Microchip\TCPIP Stack\MPFS2.c
         MPFSGetStartAddr   0x00cc72    program     extern C:\Users\Matt\Documents\Microchip\TcpStack-500-Olimex\Microchip\TCPIP Stack\MPFS2.c
         MPFSGetTimestamp   0x00c910    program     extern C:\Users\Matt\Documents\Microchip\TcpStack-500-Olimex\Microchip\TCPIP Stack\MPFS2.c
                 MPFSInit   0x00b636    program     extern C:\Users\Matt\Documents\Microchip\TcpStack-500-Olimex\Microchip\TCPIP Stack\MPFS2.c
                 MPFSOpen   0x00b694    program     extern C:\Users\Matt\Documents\Microchip\TcpStack-500-Olimex\Microchip\TCPIP Stack\MPFS2.c
               MPFSOpenID   0x00bd66    program     extern C:\Users\Matt\Documents\Microchip\TcpStack-500-Olimex\Microchip\TCPIP Stack\MPFS2.c
              MPFSOpenROM   0x00b9da    program     extern C:\Users\Matt\Documents\Microchip\TcpStack-500-Olimex\Microchip\TCPIP Stack\MPFS2.c
                 MPFSSeek   0x00c3ca    program     extern C:\Users\Matt\Documents\Microchip\TcpStack-500-Olimex\Microchip\TCPIP Stack\MPFS2.c
               MPFS_Start   0x0141f8    program     extern C:\Users\Matt\Documents\Microchip\BTnicEmb\MPFSImg2.c
                  OneByte   0x013b0a    program     static C:\MCC18\src\traditional\stdclib\ltobcd.asm
                  OneByte   0x013954    program     static C:\MCC18\src\traditional\stdclib\itobcd.asm
                ProcLower   0x013aa2    program     static C:\MCC18\src\traditional\stdclib\ultoa.asm
                ProcLower   0x013908    program     static C:\MCC18\src\traditional\stdclib\itoa.asm
                ProcUpper   0x0138fe    program     static C:\MCC18\src\traditional\stdclib\itoa.asm
                ProcUpper   0x013a98    program     static C:\MCC18\src\traditional\stdclib\ultoa.asm
     ROMStringToIPAddress   0x00d5aa    program     extern C:\Users\Matt\Documents\Microchip\TcpStack-500-Olimex\Microchip\TCPIP Stack\Helpers.c
                 ReadI2C1   0x01531e    program     extern C:\MCC18\src\pmc_common\i2c\i2c1read.c
               ReadPHYReg   0x010b4c    program     extern C:\Users\Matt\Documents\Microchip\TcpStack-500-Olimex\Microchip\TCPIP Stack\ETH97J60.c
               RebootTask   0x014c1e    program     extern C:\Users\Matt\Documents\Microchip\TcpStack-500-Olimex\Microchip\TCPIP Stack\Reboot.c
               SNTPClient   0x01276c    program     extern C:\Users\Matt\Documents\Microchip\TcpStack-500-Olimex\Microchip\TCPIP Stack\SNTP.c
        SNTPGetUTCSeconds   0x012be4    program     extern C:\Users\Matt\Documents\Microchip\TcpStack-500-Olimex\Microchip\TCPIP Stack\SNTP.c
                  SendTCP   0x0043b0    program     static C:\Users\Matt\Documents\Microchip\TcpStack-500-Olimex\Microchip\TCPIP Stack\TCP.c
     SerializedMACAddress   0x00000e    program     static C:\Users\Matt\Documents\Microchip\BTnicEmb\Main.c
        StackApplications   0x0149d2    program     extern C:\Users\Matt\Documents\Microchip\TcpStack-500-Olimex\Microchip\TCPIP Stack\StackTsk.c
                StackInit   0x014764    program     extern C:\Users\Matt\Documents\Microchip\TcpStack-500-Olimex\Microchip\TCPIP Stack\StackTsk.c
                StackTask   0x0147a8    program     extern C:\Users\Matt\Documents\Microchip\TcpStack-500-Olimex\Microchip\TCPIP Stack\StackTsk.c
        StringToIPAddress   0x00d356    program     extern C:\Users\Matt\Documents\Microchip\TcpStack-500-Olimex\Microchip\TCPIP Stack\Helpers.c
            SwapARPPacket   0x012694    program     static C:\Users\Matt\Documents\Microchip\TcpStack-500-Olimex\Microchip\TCPIP Stack\ARP.c
             SwapIPHeader   0x013e2e    program     static C:\Users\Matt\Documents\Microchip\TcpStack-500-Olimex\Microchip\TCPIP Stack\IP.c
            SwapTCPHeader   0x0059c6    program     static C:\Users\Matt\Documents\Microchip\TcpStack-500-Olimex\Microchip\TCPIP Stack\TCP.c
                  SyncTCB   0x0000c8    program     static C:\Users\Matt\Documents\Microchip\TcpStack-500-Olimex\Microchip\TCPIP Stack\TCP.c
        TCPAdjustFIFOSize   0x0080da    program     extern C:\Users\Matt\Documents\Microchip\TcpStack-500-Olimex\Microchip\TCPIP Stack\TCP.c
               TCPDiscard   0x001ac0    program     extern C:\Users\Matt\Documents\Microchip\TcpStack-500-Olimex\Microchip\TCPIP Stack\TCP.c
            TCPDisconnect   0x0009be    program     extern C:\Users\Matt\Documents\Microchip\TcpStack-500-Olimex\Microchip\TCPIP Stack\TCP.c
           TCPFindArrayEx   0x0023a4    program     extern C:\Users\Matt\Documents\Microchip\TcpStack-500-Olimex\Microchip\TCPIP Stack\TCP.c
                TCPFindEx   0x0031ea    program     extern C:\Users\Matt\Documents\Microchip\TcpStack-500-Olimex\Microchip\TCPIP Stack\TCP.c
        TCPFindROMArrayEx   0x002a98    program     extern C:\Users\Matt\Documents\Microchip\TcpStack-500-Olimex\Microchip\TCPIP Stack\TCP.c
                 TCPFlush   0x000b72    program     extern C:\Users\Matt\Documents\Microchip\TcpStack-500-Olimex\Microchip\TCPIP Stack\TCP.c
                   TCPGet   0x001cc0    program     extern C:\Users\Matt\Documents\Microchip\TcpStack-500-Olimex\Microchip\TCPIP Stack\TCP.c
              TCPGetArray   0x001ee2    program     extern C:\Users\Matt\Documents\Microchip\TcpStack-500-Olimex\Microchip\TCPIP Stack\TCP.c
         TCPGetRemoteInfo   0x000b1c    program     extern C:\Users\Matt\Documents\Microchip\TcpStack-500-Olimex\Microchip\TCPIP Stack\TCP.c
         TCPGetRxFIFOFree   0x0022ee    program     extern C:\Users\Matt\Documents\Microchip\TcpStack-500-Olimex\Microchip\TCPIP Stack\TCP.c
         TCPGetTxFIFOFull   0x001a0c    program     extern C:\Users\Matt\Documents\Microchip\TcpStack-500-Olimex\Microchip\TCPIP Stack\TCP.c
                  TCPInit   0x0001b4    program     extern C:\Users\Matt\Documents\Microchip\TcpStack-500-Olimex\Microchip\TCPIP Stack\TCP.c
           TCPIsConnected   0x00097c    program     extern C:\Users\Matt\Documents\Microchip\TcpStack-500-Olimex\Microchip\TCPIP Stack\TCP.c
            TCPIsGetReady   0x001b48    program     extern C:\Users\Matt\Documents\Microchip\TcpStack-500-Olimex\Microchip\TCPIP Stack\TCP.c
            TCPIsPutReady   0x000bd0    program     extern C:\Users\Matt\Documents\Microchip\TcpStack-500-Olimex\Microchip\TCPIP Stack\TCP.c
                  TCPOpen   0x0005b6    program     extern C:\Users\Matt\Documents\Microchip\TcpStack-500-Olimex\Microchip\TCPIP Stack\TCP.c
               TCPProcess   0x0041a2    program     extern C:\Users\Matt\Documents\Microchip\TcpStack-500-Olimex\Microchip\TCPIP Stack\TCP.c
                   TCPPut   0x000d7a    program     extern C:\Users\Matt\Documents\Microchip\TcpStack-500-Olimex\Microchip\TCPIP Stack\TCP.c
              TCPPutArray   0x001034    program     extern C:\Users\Matt\Documents\Microchip\TcpStack-500-Olimex\Microchip\TCPIP Stack\TCP.c
           TCPPutROMArray   0x00148a    program     extern C:\Users\Matt\Documents\Microchip\TcpStack-500-Olimex\Microchip\TCPIP Stack\TCP.c
          TCPPutROMString   0x001978    program     extern C:\Users\Matt\Documents\Microchip\TcpStack-500-Olimex\Microchip\TCPIP Stack\TCP.c
             TCPPutString   0x0018f0    program     extern C:\Users\Matt\Documents\Microchip\TcpStack-500-Olimex\Microchip\TCPIP Stack\TCP.c
               TCPRAMCopy   0x0087e4    program     static C:\Users\Matt\Documents\Microchip\TcpStack-500-Olimex\Microchip\TCPIP Stack\TCP.c
            TCPRAMCopyROM   0x008926    program     static C:\Users\Matt\Documents\Microchip\TcpStack-500-Olimex\Microchip\TCPIP Stack\TCP.c
     TCPSocketInitializer   0x015338    program     extern C:\Users\Matt\Documents\Microchip\BTnicEmb\TCPIPConfig.h
                  TCPTick   0x00323e    program     extern C:\Users\Matt\Documents\Microchip\TcpStack-500-Olimex\Microchip\TCPIP Stack\TCP.c
              TCPWasReset   0x000918    program     extern C:\Users\Matt\Documents\Microchip\TcpStack-500-Olimex\Microchip\TCPIP Stack\TCP.c
TickConvertToMilliseconds   0x014fae    program     extern C:\Users\Matt\Documents\Microchip\TcpStack-500-Olimex\Microchip\TCPIP Stack\Tick.c
                  TickGet   0x014efc    program     extern C:\Users\Matt\Documents\Microchip\TcpStack-500-Olimex\Microchip\TCPIP Stack\Tick.c
            TickGetDiv256   0x014f12    program     extern C:\Users\Matt\Documents\Microchip\TcpStack-500-Olimex\Microchip\TCPIP Stack\Tick.c
            TickGetDiv64K   0x014f60    program     extern C:\Users\Matt\Documents\Microchip\TcpStack-500-Olimex\Microchip\TCPIP Stack\Tick.c
                 TickInit   0x014ec6    program     extern C:\Users\Matt\Documents\Microchip\TcpStack-500-Olimex\Microchip\TCPIP Stack\Tick.c
               TickUpdate   0x014ff2    program     extern C:\Users\Matt\Documents\Microchip\TcpStack-500-Olimex\Microchip\TCPIP Stack\Tick.c
                 TstLower   0x0138f2    program     static C:\MCC18\src\traditional\stdclib\itoa.asm
                 TstLower   0x013a8c    program     static C:\MCC18\src\traditional\stdclib\ultoa.asm
                 TstUpper   0x013a86    program     static C:\MCC18\src\traditional\stdclib\ultoa.asm
                 TstUpper   0x0138ec    program     static C:\MCC18\src\traditional\stdclib\itoa.asm
                 UDPClose   0x00e35c    program     extern C:\Users\Matt\Documents\Microchip\TcpStack-500-Olimex\Microchip\TCPIP Stack\UDP.c
               UDPDiscard   0x00ec2e    program     extern C:\Users\Matt\Documents\Microchip\TcpStack-500-Olimex\Microchip\TCPIP Stack\UDP.c
                 UDPFlush   0x00e830    program     extern C:\Users\Matt\Documents\Microchip\TcpStack-500-Olimex\Microchip\TCPIP Stack\UDP.c
                   UDPGet   0x00eb04    program     extern C:\Users\Matt\Documents\Microchip\TcpStack-500-Olimex\Microchip\TCPIP Stack\UDP.c
              UDPGetArray   0x00eb50    program     extern C:\Users\Matt\Documents\Microchip\TcpStack-500-Olimex\Microchip\TCPIP Stack\UDP.c
                  UDPInit   0x00e184    program     extern C:\Users\Matt\Documents\Microchip\TcpStack-500-Olimex\Microchip\TCPIP Stack\UDP.c
            UDPIsGetReady   0x00eab4    program     extern C:\Users\Matt\Documents\Microchip\TcpStack-500-Olimex\Microchip\TCPIP Stack\UDP.c
            UDPIsPutReady   0x00e468    program     extern C:\Users\Matt\Documents\Microchip\TcpStack-500-Olimex\Microchip\TCPIP Stack\UDP.c
                  UDPOpen   0x00e1b6    program     extern C:\Users\Matt\Documents\Microchip\TcpStack-500-Olimex\Microchip\TCPIP Stack\UDP.c
               UDPProcess   0x00ec48    program     extern C:\Users\Matt\Documents\Microchip\TcpStack-500-Olimex\Microchip\TCPIP Stack\UDP.c
                   UDPPut   0x00e4e8    program     extern C:\Users\Matt\Documents\Microchip\TcpStack-500-Olimex\Microchip\TCPIP Stack\UDP.c
              UDPPutArray   0x00e544    program     extern C:\Users\Matt\Documents\Microchip\TcpStack-500-Olimex\Microchip\TCPIP Stack\UDP.c
           UDPPutROMArray   0x00e630    program     extern C:\Users\Matt\Documents\Microchip\TcpStack-500-Olimex\Microchip\TCPIP Stack\UDP.c
          UDPPutROMString   0x00e7a2    program     extern C:\Users\Matt\Documents\Microchip\TcpStack-500-Olimex\Microchip\TCPIP Stack\UDP.c
             UDPPutString   0x00e722    program     extern C:\Users\Matt\Documents\Microchip\TcpStack-500-Olimex\Microchip\TCPIP Stack\UDP.c
           UDPSetRxBuffer   0x00e424    program     extern C:\Users\Matt\Documents\Microchip\TcpStack-500-Olimex\Microchip\TCPIP Stack\UDP.c
           UDPSetTxBuffer   0x00e3b6    program     extern C:\Users\Matt\Documents\Microchip\TcpStack-500-Olimex\Microchip\TCPIP Stack\UDP.c
                  UDPTask   0x00e1b0    program     extern C:\Users\Matt\Documents\Microchip\TcpStack-500-Olimex\Microchip\TCPIP Stack\UDP.c
                WriteI2C1   0x015172    program     extern C:\MCC18\src\pmc_common\i2c\i2c1writ.c
              WritePHYReg   0x010ba6    program     extern C:\Users\Matt\Documents\Microchip\TcpStack-500-Olimex\Microchip\TCPIP Stack\ETH97J60.c
                  _14jEnd   0x0137fa    program     static C:\MCC18\src\traditional\stdclib\atol.asm
              _2jContinue   0x014adc    program     static C:\MCC18\src\traditional\stdclib\memset.asm
                   _2jEnd   0x014bde    program     static C:\MCC18\src\traditional\stdclib\slenpgm.asm
              _3jContinue   0x014aa8    program     static C:\MCC18\src\traditional\stdclib\mcpyp2r.asm
              _3jContinue   0x014a0c    program     static C:\MCC18\src\traditional\stdclib\mcmpp2r.asm
                   _3jEnd   0x014ae6    program     static C:\MCC18\src\traditional\stdclib\memset.asm
              _4jContinue   0x014a54    program     static C:\MCC18\src\traditional\stdclib\memcpy.asm
                   _4jEnd   0x014ab2    program     static C:\MCC18\src\traditional\stdclib\mcpyp2r.asm
                   _4jEnd   0x014a16    program     static C:\MCC18\src\traditional\stdclib\mcmpp2r.asm
                   _5jEnd   0x014a5e    program     static C:\MCC18\src\traditional\stdclib\memcpy.asm
             _DHCPReceive   0x0110a8    program     static C:\Users\Matt\Documents\Microchip\TcpStack-500-Olimex\Microchip\TCPIP Stack\DHCP.c
                _DHCPSend   0x01163a    program     static C:\Users\Matt\Documents\Microchip\TcpStack-500-Olimex\Microchip\TCPIP Stack\DHCP.c
           _LoadFATRecord   0x00c858    program     static C:\Users\Matt\Documents\Microchip\TcpStack-500-Olimex\Microchip\TCPIP Stack\MPFS2.c
                _Validate   0x00cfcc    program     static C:\Users\Matt\Documents\Microchip\TcpStack-500-Olimex\Microchip\TCPIP Stack\MPFS2.c
           ___do_lbl00002   0x014ef4    program     static                          
           ___do_lbl00003   0x014ef8    program     static                          
           ___do_lbl00004   0x014ed6    program     static                          
          ___for_lbl00122   0x00e0ae    program     static                          
          ___for_lbl00123   0x00e0b4    program     static                          
          ___for_lbl00124   0x00e090    program     static                          
          ___for_lbl00125   0x00e0c8    program     static                          
          ___for_lbl00126   0x00e0cc    program     static                          
          ___for_lbl00127   0x00e0b4    program     static                          
           ___if_lbl00001   0x014c54    program     static                          
           ___if_lbl00002   0x014c5e    program     static                          
           ___if_lbl00003   0x014c78    program     static                          
           ___if_lbl00004   0x014ce8    program     static                          
           ___if_lbl00005   0x00d23e    program     static                          
           ___if_lbl00006   0x00d25c    program     static                          
           ___if_lbl00007   0x00d2f2    program     static                          
           ___if_lbl00008   0x00d2f8    program     static                          
           ___if_lbl00020   0x01017c    program     static                          
           ___if_lbl00021   0x010188    program     static                          
           ___if_lbl00027   0x010256    program     static                          
           ___if_lbl00030   0x0102ce    program     static                          
       ___return_lbl00000   0x015260    program     static                          
       ___return_lbl00000   0x0152a8    program     static                          
       ___return_lbl00000   0x014d6c    program     static                          
       ___return_lbl00000   0x00ff74    program     static                          
       ___return_lbl00000   0x000004    program     static                          
       ___return_lbl00000   0x00d342    program     static                          
       ___return_lbl00000   0x0152d4    program     static                          
       ___return_lbl00001   0x01531c    program     static                          
       ___return_lbl00001   0x014efa    program     static                          
       ___return_lbl00002   0x015170    program     static                          
       ___return_lbl00003   0x00001c    program     static                          
       ___return_lbl00004   0x00000c    program     static                          
       ___return_lbl00019   0x0102d6    program     static                          
       ___return_lbl00079   0x010aaa    program     static                          
       ___return_lbl00080   0x010aee    program     static                          
       ___return_lbl00083   0x010b44    program     static                          
       ___return_lbl00086   0x010b92    program     static                          
       ___return_lbl00089   0x010be0    program     static                          
       ___return_lbl00121   0x00e0de    program     static                          
        ___while_lbl00001   0x00fe86    program     static                          
        ___while_lbl00001   0x00d0d2    program     static                          
        ___while_lbl00002   0x00fe8c    program     static                          
        ___while_lbl00002   0x00d2fa    program     static                          
        ___while_lbl00003   0x00d0da    program     static                          
        ___while_lbl00004   0x00d0de    program     static                          
        ___while_lbl00081   0x010aba    program     static                          
        ___while_lbl00082   0x010aee    program     static                          
        ___while_lbl00084   0x010afe    program     static                          
        ___while_lbl00085   0x010b44    program     static                          
        ___while_lbl00087   0x010b68    program     static                          
        ___while_lbl00088   0x010b6e    program     static                          
        ___while_lbl00090   0x010bda    program     static                          
        ___while_lbl00091   0x010be0    program     static                          
                   __init   0x000006    program     extern C:\MCC18\src\traditional\stdclib\__init.c
               __string_0   0x0136a7    program     static C:\Users\Matt\Documents\Microchip\TcpStack-500-Olimex\Microchip\TCPIP Stack\HTTP2.c
               __string_0   0x0136ac    program     static C:\Users\Matt\Documents\Microchip\TcpStack-500-Olimex\Microchip\TCPIP Stack\MPFS2.c
               __string_0   0x013244    program     static C:\Users\Matt\Documents\Microchip\BTnicEmb\Main.c
               __string_0   0x0136b3    program     static C:\Users\Matt\Documents\Microchip\TcpStack-500-Olimex\Microchip\TCPIP Stack\SNTP.c
               __string_0   0x0136c0    program     static C:\Users\Matt\Documents\Microchip\TcpStack-500-Olimex\Microchip\TCPIP Stack\Announce.c
               __string_0   0x0132b5    program     static C:\Users\Matt\Documents\Microchip\BTnicEmb\CustomHTTPApp.c
               __string_1   0x0132af    program     static C:\Users\Matt\Documents\Microchip\BTnicEmb\CustomHTTPApp.c
              __string_10   0x013682    program     static C:\Users\Matt\Documents\Microchip\TcpStack-500-Olimex\Microchip\TCPIP Stack\HTTP2.c
              __string_10   0x01326c    program     static C:\Users\Matt\Documents\Microchip\BTnicEmb\CustomHTTPApp.c
              __string_11   0x013268    program     static C:\Users\Matt\Documents\Microchip\BTnicEmb\CustomHTTPApp.c
              __string_11   0x01367e    program     static C:\Users\Matt\Documents\Microchip\TcpStack-500-Olimex\Microchip\TCPIP Stack\HTTP2.c
              __string_12   0x013260    program     static C:\Users\Matt\Documents\Microchip\BTnicEmb\CustomHTTPApp.c
              __string_12   0x01367a    program     static C:\Users\Matt\Documents\Microchip\TcpStack-500-Olimex\Microchip\TCPIP Stack\HTTP2.c
              __string_13   0x013257    program     static C:\Users\Matt\Documents\Microchip\BTnicEmb\CustomHTTPApp.c
              __string_13   0x013676    program     static C:\Users\Matt\Documents\Microchip\TcpStack-500-Olimex\Microchip\TCPIP Stack\HTTP2.c
              __string_14   0x01324d    program     static C:\Users\Matt\Documents\Microchip\BTnicEmb\CustomHTTPApp.c
              __string_14   0x01366b    program     static C:\Users\Matt\Documents\Microchip\TcpStack-500-Olimex\Microchip\TCPIP Stack\HTTP2.c
              __string_15   0x013661    program     static C:\Users\Matt\Documents\Microchip\TcpStack-500-Olimex\Microchip\TCPIP Stack\HTTP2.c
              __string_16   0x013658    program     static C:\Users\Matt\Documents\Microchip\TcpStack-500-Olimex\Microchip\TCPIP Stack\HTTP2.c
              __string_17   0x01364f    program     static C:\Users\Matt\Documents\Microchip\TcpStack-500-Olimex\Microchip\TCPIP Stack\HTTP2.c
              __string_18   0x013645    program     static C:\Users\Matt\Documents\Microchip\TcpStack-500-Olimex\Microchip\TCPIP Stack\HTTP2.c
              __string_19   0x01363b    program     static C:\Users\Matt\Documents\Microchip\TcpStack-500-Olimex\Microchip\TCPIP Stack\HTTP2.c
               __string_2   0x0132a5    program     static C:\Users\Matt\Documents\Microchip\BTnicEmb\CustomHTTPApp.c
               __string_2   0x0136a3    program     static C:\Users\Matt\Documents\Microchip\TcpStack-500-Olimex\Microchip\TCPIP Stack\HTTP2.c
              __string_20   0x013630    program     static C:\Users\Matt\Documents\Microchip\TcpStack-500-Olimex\Microchip\TCPIP Stack\HTTP2.c
              __string_21   0x01361c    program     static C:\Users\Matt\Documents\Microchip\TcpStack-500-Olimex\Microchip\TCPIP Stack\HTTP2.c
              __string_22   0x01360f    program     static C:\Users\Matt\Documents\Microchip\TcpStack-500-Olimex\Microchip\TCPIP Stack\HTTP2.c
              __string_23   0x01360e    program     static C:\Users\Matt\Documents\Microchip\TcpStack-500-Olimex\Microchip\TCPIP Stack\HTTP2.c
              __string_24   0x0135e9    program     static C:\Users\Matt\Documents\Microchip\TcpStack-500-Olimex\Microchip\TCPIP Stack\HTTP2.c
              __string_25   0x013568    program     static C:\Users\Matt\Documents\Microchip\TcpStack-500-Olimex\Microchip\TCPIP Stack\HTTP2.c
              __string_26   0x013525    program     static C:\Users\Matt\Documents\Microchip\TcpStack-500-Olimex\Microchip\TCPIP Stack\HTTP2.c
              __string_27   0x0134b8    program     static C:\Users\Matt\Documents\Microchip\TcpStack-500-Olimex\Microchip\TCPIP Stack\HTTP2.c
              __string_28   0x013448    program     static C:\Users\Matt\Documents\Microchip\TcpStack-500-Olimex\Microchip\TCPIP Stack\HTTP2.c
              __string_29   0x0133e2    program     static C:\Users\Matt\Documents\Microchip\TcpStack-500-Olimex\Microchip\TCPIP Stack\HTTP2.c
               __string_3   0x01329a    program     static C:\Users\Matt\Documents\Microchip\BTnicEmb\CustomHTTPApp.c
               __string_3   0x01369f    program     static C:\Users\Matt\Documents\Microchip\TcpStack-500-Olimex\Microchip\TCPIP Stack\HTTP2.c
              __string_30   0x0133b0    program     static C:\Users\Matt\Documents\Microchip\TcpStack-500-Olimex\Microchip\TCPIP Stack\HTTP2.c
              __string_31   0x013359    program     static C:\Users\Matt\Documents\Microchip\TcpStack-500-Olimex\Microchip\TCPIP Stack\HTTP2.c
              __string_32   0x013351    program     static C:\Users\Matt\Documents\Microchip\TcpStack-500-Olimex\Microchip\TCPIP Stack\HTTP2.c
              __string_33   0x013342    program     static C:\Users\Matt\Documents\Microchip\TcpStack-500-Olimex\Microchip\TCPIP Stack\HTTP2.c
              __string_34   0x013332    program     static C:\Users\Matt\Documents\Microchip\TcpStack-500-Olimex\Microchip\TCPIP Stack\HTTP2.c
              __string_35   0x01332e    program     static C:\Users\Matt\Documents\Microchip\TcpStack-500-Olimex\Microchip\TCPIP Stack\HTTP2.c
              __string_36   0x013329    program     static C:\Users\Matt\Documents\Microchip\TcpStack-500-Olimex\Microchip\TCPIP Stack\HTTP2.c
              __string_37   0x01331e    program     static C:\Users\Matt\Documents\Microchip\TcpStack-500-Olimex\Microchip\TCPIP Stack\HTTP2.c
              __string_38   0x01330b    program     static C:\Users\Matt\Documents\Microchip\TcpStack-500-Olimex\Microchip\TCPIP Stack\HTTP2.c
              __string_39   0x0132fc    program     static C:\Users\Matt\Documents\Microchip\TcpStack-500-Olimex\Microchip\TCPIP Stack\HTTP2.c
               __string_4   0x01328d    program     static C:\Users\Matt\Documents\Microchip\BTnicEmb\CustomHTTPApp.c
               __string_4   0x01369a    program     static C:\Users\Matt\Documents\Microchip\TcpStack-500-Olimex\Microchip\TCPIP Stack\HTTP2.c
              __string_40   0x0132e3    program     static C:\Users\Matt\Documents\Microchip\TcpStack-500-Olimex\Microchip\TCPIP Stack\HTTP2.c
              __string_41   0x0132d3    program     static C:\Users\Matt\Documents\Microchip\TcpStack-500-Olimex\Microchip\TCPIP Stack\HTTP2.c
              __string_42   0x0132ca    program     static C:\Users\Matt\Documents\Microchip\TcpStack-500-Olimex\Microchip\TCPIP Stack\HTTP2.c
              __string_43   0x0132c1    program     static C:\Users\Matt\Documents\Microchip\TcpStack-500-Olimex\Microchip\TCPIP Stack\HTTP2.c
              __string_44   0x0132bd    program     static C:\Users\Matt\Documents\Microchip\TcpStack-500-Olimex\Microchip\TCPIP Stack\HTTP2.c
               __string_5   0x013696    program     static C:\Users\Matt\Documents\Microchip\TcpStack-500-Olimex\Microchip\TCPIP Stack\HTTP2.c
               __string_5   0x013280    program     static C:\Users\Matt\Documents\Microchip\BTnicEmb\CustomHTTPApp.c
               __string_6   0x01327c    program     static C:\Users\Matt\Documents\Microchip\BTnicEmb\CustomHTTPApp.c
               __string_6   0x013692    program     static C:\Users\Matt\Documents\Microchip\TcpStack-500-Olimex\Microchip\TCPIP Stack\HTTP2.c
               __string_7   0x01368e    program     static C:\Users\Matt\Documents\Microchip\TcpStack-500-Olimex\Microchip\TCPIP Stack\HTTP2.c
               __string_7   0x013277    program     static C:\Users\Matt\Documents\Microchip\BTnicEmb\CustomHTTPApp.c
               __string_8   0x01368a    program     static C:\Users\Matt\Documents\Microchip\TcpStack-500-Olimex\Microchip\TCPIP Stack\HTTP2.c
               __string_8   0x013274    program     static C:\Users\Matt\Documents\Microchip\BTnicEmb\CustomHTTPApp.c
               __string_9   0x013686    program     static C:\Users\Matt\Documents\Microchip\TcpStack-500-Olimex\Microchip\TCPIP Stack\HTTP2.c
               __string_9   0x01326f    program     static C:\Users\Matt\Documents\Microchip\BTnicEmb\CustomHTTPApp.c
               __tmplbl_0   0x014ce0    program     static                          
               __tmplbl_0   0x00d13e    program     static                          
              __tmplbl_10   0x0101f2    program     static                          
              __tmplbl_11   0x0101f0    program     static                          
             __tmplbl_116   0x00324c    program     static                          
              __tmplbl_12   0x0102bc    program     static                          
              __tmplbl_13   0x0102ae    program     static                          
             __tmplbl_136   0x0080c6    program     static                          
             __tmplbl_138   0x0080c6    program     static                          
              __tmplbl_14   0x0102b4    program     static                          
             __tmplbl_140   0x0080c6    program     static                          
             __tmplbl_142   0x0080c6    program     static                          
             __tmplbl_144   0x0080c6    program     static                          
             __tmplbl_147   0x0080c6    program     static                          
             __tmplbl_157   0x0080c6    program     static                          
             __tmplbl_158   0x0080c6    program     static                          
             __tmplbl_160   0x0080c6    program     static                          
             __tmplbl_161   0x007294    program     static                          
             __tmplbl_162   0x0072c2    program     static                          
             __tmplbl_163   0x0080c6    program     static                          
             __tmplbl_164   0x0080c6    program     static                          
             __tmplbl_174   0x0080c6    program     static                          
             __tmplbl_175   0x0080c6    program     static                          
             __tmplbl_176   0x0080c6    program     static                          
             __tmplbl_178   0x0080c6    program     static                          
             __tmplbl_179   0x0080c6    program     static                          
             __tmplbl_180   0x0080c6    program     static                          
             __tmplbl_181   0x0080c6    program     static                          
             __tmplbl_182   0x007dbe    program     static                          
              __tmplbl_30   0x00fb1a    program     static                          
              __tmplbl_31   0x00fafa    program     static                          
              __tmplbl_34   0x00fb98    program     static                          
              __tmplbl_35   0x00fb98    program     static                          
              __tmplbl_36   0x00fb98    program     static                          
              __tmplbl_37   0x00fb98    program     static                          
              __tmplbl_37   0x00a46e    program     static                          
              __tmplbl_38   0x00a3ea    program     static                          
              __tmplbl_38   0x00fb98    program     static                          
              __tmplbl_39   0x00a374    program     static                          
              __tmplbl_39   0x00d0ba    program     static                          
              __tmplbl_40   0x00d15a    program     static                          
              __tmplbl_40   0x00a328    program     static                          
              __tmplbl_41   0x00d19a    program     static                          
              __tmplbl_41   0x009f12    program     static                          
              __tmplbl_42   0x00d1fe    program     static                          
              __tmplbl_42   0x009ea2    program     static                          
              __tmplbl_43   0x009ca8    program     static                          
              __tmplbl_44   0x009c82    program     static                          
              __tmplbl_45   0x009bf6    program     static                          
              __tmplbl_46   0x009810    program     static                          
              __tmplbl_47   0x00a4d0    program     static                          
              __tmplbl_48   0x00a4d0    program     static                          
              __tmplbl_49   0x00a4d0    program     static                          
               __tmplbl_5   0x010254    program     static                          
              __tmplbl_50   0x00a4d0    program     static                          
              __tmplbl_51   0x00a4d0    program     static                          
              __tmplbl_53   0x00a4d0    program     static                          
              __tmplbl_54   0x00a4d0    program     static                          
              __tmplbl_55   0x00a4d0    program     static                          
              __tmplbl_56   0x00a4d0    program     static                          
              __tmplbl_57   0x00a4d0    program     static                          
              __tmplbl_59   0x008f24    program     static                          
               __tmplbl_6   0x010240    program     static                          
               __tmplbl_7   0x01022a    program     static                          
               __tmplbl_8   0x010216    program     static                          
               __tmplbl_9   0x010200    program     static                          
              __tmplbl_94   0x00400c    program     static                          
            __zero_memory   0x0152d6    program     extern C:\MCC18\src\traditional\proc\p18F67J60.asm
                _do_cinit   0x0150d4    program     extern C:\MCC18\src\traditional\startup\c018i.c
                   _entry   0x000000    program     extern C:\MCC18\src\traditional\startup\c018i.c
                   _false   0x0152a4    program     static                          
                 _startup   0x015302    program     extern C:\MCC18\src\traditional\startup\c018i.c
                     atol   0x0136dc    program     extern C:\MCC18\src\traditional\stdclib\atol.asm
             btohexa_high   0x00dc6c    program     extern C:\Users\Matt\Documents\Microchip\TcpStack-500-Olimex\Microchip\TCPIP Stack\Helpers.c
              btohexa_low   0x00dca2    program     extern C:\Users\Matt\Documents\Microchip\TcpStack-500-Olimex\Microchip\TCPIP Stack\Helpers.c
                compare_l   0x0152f8    program     static C:\MCC18\src\traditional\proc\p18F67J60.asm
                copy_loop   0x015146    program     static                          
            copy_one_byte   0x01514c    program     static                          
                     done   0x015170    program     static                          
             done_copying   0x01515a    program     static                          
                  endloop   0x0152d0    program     static                          
                  hexatob   0x00dbb0    program     extern C:\Users\Matt\Documents\Microchip\TcpStack-500-Olimex\Microchip\TCPIP Stack\Helpers.c
                   itoBCD   0x013912    program     extern C:\MCC18\src\traditional\stdclib\itobcd.asm
                     itoa   0x013832    program     extern C:\MCC18\src\traditional\stdclib\itoa.asm
                     jDo1   0x013a52    program     static C:\MCC18\src\traditional\stdclib\ultoa.asm
                     jDo1   0x0138b8    program     static C:\MCC18\src\traditional\stdclib\itoa.asm
                    jDo10   0x013a2e    program     static C:\MCC18\src\traditional\stdclib\ultoa.asm
                     jDo2   0x013a4e    program     static C:\MCC18\src\traditional\stdclib\ultoa.asm
                     jDo2   0x0138b4    program     static C:\MCC18\src\traditional\stdclib\itoa.asm
                     jDo3   0x0138b0    program     static C:\MCC18\src\traditional\stdclib\itoa.asm
                     jDo3   0x013a4a    program     static C:\MCC18\src\traditional\stdclib\ultoa.asm
                     jDo4   0x0138ac    program     static C:\MCC18\src\traditional\stdclib\itoa.asm
                     jDo4   0x013a46    program     static C:\MCC18\src\traditional\stdclib\ultoa.asm
                     jDo5   0x0138a8    program     static C:\MCC18\src\traditional\stdclib\itoa.asm
                     jDo5   0x013a42    program     static C:\MCC18\src\traditional\stdclib\ultoa.asm
                     jDo6   0x013a3e    program     static C:\MCC18\src\traditional\stdclib\ultoa.asm
                     jDo7   0x013a3a    program     static C:\MCC18\src\traditional\stdclib\ultoa.asm
                     jDo8   0x013a36    program     static C:\MCC18\src\traditional\stdclib\ultoa.asm
                     jDo9   0x013a32    program     static C:\MCC18\src\traditional\stdclib\ultoa.asm
                     jEnd   0x013b06    program     static C:\MCC18\src\traditional\stdclib\ltobcd.asm
                     jEnd   0x014be0    program     static C:\MCC18\src\traditional\stdclib\slenpgm.asm
                     jEnd   0x014ba8    program     static C:\MCC18\src\traditional\stdclib\strlen.asm
                     jEnd   0x014aee    program     static C:\MCC18\src\traditional\stdclib\memset.asm
                     jEnd   0x014a64    program     static C:\MCC18\src\traditional\stdclib\memcpy.asm
                     jEnd   0x014aba    program     static C:\MCC18\src\traditional\stdclib\mcpyp2r.asm
                     jEnd   0x014b5a    program     static C:\MCC18\src\traditional\stdclib\scmpp2r.asm
                     jEnd   0x014b8c    program     static C:\MCC18\src\traditional\stdclib\scpyp2r.asm
                     jEnd   0x014c1c    program     static C:\MCC18\src\traditional\stdclib\strupr.asm
                     jEnd   0x014a1e    program     static C:\MCC18\src\traditional\stdclib\mcmpp2r.asm
                     jEnd   0x014b1a    program     static C:\MCC18\src\traditional\stdclib\strcmp.asm
                     jEnd   0x013950    program     static C:\MCC18\src\traditional\stdclib\itobcd.asm
                     jEnd   0x0137fa    program     static C:\MCC18\src\traditional\stdclib\atol.asm
                 jEndLoop   0x0137ca    program     static C:\MCC18\src\traditional\stdclib\atol.asm
                    jLoop   0x014b9e    program     static C:\MCC18\src\traditional\stdclib\strlen.asm
                    jLoop   0x014b82    program     static C:\MCC18\src\traditional\stdclib\scpyp2r.asm
                    jLoop   0x014b10    program     static C:\MCC18\src\traditional\stdclib\strcmp.asm
                    jLoop   0x014b4e    program     static C:\MCC18\src\traditional\stdclib\scmpp2r.asm
                    jLoop   0x014ad0    program     static C:\MCC18\src\traditional\stdclib\memset.asm
                    jLoop   0x014bc8    program     static C:\MCC18\src\traditional\stdclib\slenpgm.asm
                    jLoop   0x014a9c    program     static C:\MCC18\src\traditional\stdclib\mcpyp2r.asm
                    jLoop   0x014c08    program     static C:\MCC18\src\traditional\stdclib\strupr.asm
                    jLoop   0x014a48    program     static C:\MCC18\src\traditional\stdclib\memcpy.asm
                    jLoop   0x014a00    program     static C:\MCC18\src\traditional\stdclib\mcmpp2r.asm
                    jLoop   0x01392a    program     static C:\MCC18\src\traditional\stdclib\itobcd.asm
                    jLoop   0x01373c    program     static C:\MCC18\src\traditional\stdclib\atol.asm
                    jLoop   0x013ac8    program     static C:\MCC18\src\traditional\stdclib\ltobcd.asm
                    jSkip   0x014c18    program     static C:\MCC18\src\traditional\stdclib\strupr.asm
                  jSkipWS   0x013712    program     static C:\MCC18\src\traditional\stdclib\atol.asm
                 jSkipWS1   0x013724    program     static C:\MCC18\src\traditional\stdclib\atol.asm
                jTstLowZ1   0x0138fc    program     static C:\MCC18\src\traditional\stdclib\itoa.asm
                jTstLowZ1   0x013a96    program     static C:\MCC18\src\traditional\stdclib\ultoa.asm
                 jTstSign   0x013728    program     static C:\MCC18\src\traditional\stdclib\atol.asm
                jTstSign1   0x01385e    program     static C:\MCC18\src\traditional\stdclib\itoa.asm
                jTstSign1   0x013734    program     static C:\MCC18\src\traditional\stdclib\atol.asm
                jTstSign2   0x01373a    program     static C:\MCC18\src\traditional\stdclib\atol.asm
                jTstSign3   0x01373c    program     static C:\MCC18\src\traditional\stdclib\atol.asm
          leftRotateDWORD   0x00e066    program     extern C:\Users\Matt\Documents\Microchip\TcpStack-500-Olimex\Microchip\TCPIP Stack\Helpers.c
                     loop   0x0152b4    program     static                          
                     loop   0x015312    program     static                          
                     loop   0x015270    program     static                          
                   loop_h   0x0152f0    program     static C:\MCC18\src\traditional\proc\p18F67J60.asm
                   loop_l   0x0152fa    program     static C:\MCC18\src\traditional\proc\p18F67J60.asm
                   ltoBCD   0x013aac    program     extern C:\MCC18\src\traditional\stdclib\ltobcd.asm
                     main   0x01408e    program     extern C:\Users\Matt\Documents\Microchip\BTnicEmb\Main.c
            memcmppgm2ram   0x0149e2    program     extern C:\MCC18\src\traditional\stdclib\mcmpp2r.asm
                   memcpy   0x014a20    program     extern C:\MCC18\src\traditional\stdclib\memcpy.asm
            memcpypgm2ram   0x014a76    program     extern C:\MCC18\src\traditional\stdclib\mcpyp2r.asm
                   memset   0x014abc    program     extern C:\MCC18\src\traditional\stdclib\memset.asm
                     rand   0x013974    program     extern C:\MCC18\src\traditional\stdclib\rand.asm
                    srand   0x013966    program     extern C:\MCC18\src\traditional\stdclib\rand.asm
                   strcmp   0x014af0    program     extern C:\MCC18\src\traditional\stdclib\strcmp.asm
            strcmppgm2ram   0x014b30    program     extern C:\MCC18\src\traditional\stdclib\scmpp2r.asm
            strcpypgm2ram   0x014b5c    program     extern C:\MCC18\src\traditional\stdclib\scpyp2r.asm
           stricmppgm2ram   0x00dcd6    program     extern C:\Users\Matt\Documents\Microchip\TcpStack-500-Olimex\Microchip\TCPIP Stack\Helpers.c
                   strlen   0x014b8e    program     extern C:\MCC18\src\traditional\stdclib\strlen.asm
                strlenpgm   0x014baa    program     extern C:\MCC18\src\traditional\stdclib\slenpgm.asm
                   strupr   0x014bf4    program     extern C:\MCC18\src\traditional\stdclib\strupr.asm
                    swapl   0x00de40    program     extern C:\Users\Matt\Documents\Microchip\TcpStack-500-Olimex\Microchip\TCPIP Stack\Helpers.c
                    swaps   0x00ddec    program     extern C:\Users\Matt\Documents\Microchip\TcpStack-500-Olimex\Microchip\TCPIP Stack\Helpers.c
                     test   0x0150ee    program     static                          
                    uitoa   0x00da64    program     extern C:\Users\Matt\Documents\Microchip\TcpStack-500-Olimex\Microchip\TCPIP Stack\Helpers.c
                    ultoa   0x0139a2    program     extern C:\MCC18\src\traditional\stdclib\ultoa.asm
               zero_block   0x0152f0    program     static C:\MCC18\src\traditional\proc\p18F67J60.asm
                   ADCON0   0x000fc2       data     extern C:\MCC18\src\traditional\proc\p18F67J60.asm
               ADCON0bits   0x000fc2       data     extern C:\MCC18\src\traditional\proc\p18F67J60.asm
                   ADCON1   0x000fc1       data     extern C:\MCC18\src\traditional\proc\p18F67J60.asm
               ADCON1bits   0x000fc1       data     extern C:\MCC18\src\traditional\proc\p18F67J60.asm
                   ADCON2   0x000fc0       data     extern C:\MCC18\src\traditional\proc\p18F67J60.asm
               ADCON2bits   0x000fc0       data     extern C:\MCC18\src\traditional\proc\p18F67J60.asm
                    ADRES   0x000fc3       data     extern C:\MCC18\src\traditional\proc\p18F67J60.asm
                   ADRESH   0x000fc4       data     extern C:\MCC18\src\traditional\proc\p18F67J60.asm
                   ADRESL   0x000fc3       data     extern C:\MCC18\src\traditional\proc\p18F67J60.asm
                AppConfig   0x000333       data     extern C:\Users\Matt\Documents\Microchip\BTnicEmb\Main.c
                  BAUDCON   0x000f7e       data     extern C:\MCC18\src\traditional\proc\p18F67J60.asm
                 BAUDCON1   0x000f7e       data     extern C:\MCC18\src\traditional\proc\p18F67J60.asm
             BAUDCON1bits   0x000f7e       data     extern C:\MCC18\src\traditional\proc\p18F67J60.asm
              BAUDCONbits   0x000f7e       data     extern C:\MCC18\src\traditional\proc\p18F67J60.asm
                  BAUDCTL   0x000f7e       data     extern C:\MCC18\src\traditional\proc\p18F67J60.asm
                 BAUDCTL1   0x000f7e       data     extern C:\MCC18\src\traditional\proc\p18F67J60.asm
             BAUDCTL1bits   0x000f7e       data     extern C:\MCC18\src\traditional\proc\p18F67J60.asm
              BAUDCTLbits   0x000f7e       data     extern C:\MCC18\src\traditional\proc\p18F67J60.asm
                      BSR   0x000fe0       data     extern C:\MCC18\src\traditional\proc\p18F67J60.asm
             BTCommBuffer   0x000100       data     extern C:\Users\Matt\Documents\Microchip\BTnicEmb\BTnic_Comm.c
                BTCommCur   0x0001f2       data     extern C:\Users\Matt\Documents\Microchip\BTnicEmb\BTnic_Comm.c
                BTCommLen   0x0001f0       data     extern C:\Users\Matt\Documents\Microchip\BTnicEmb\BTnic_Comm.c
              BTCommState   0x0001f4       data     extern C:\Users\Matt\Documents\Microchip\BTnicEmb\BTnic_Comm.c
              BTCommTimer   0x0001f5       data     extern C:\Users\Matt\Documents\Microchip\BTnicEmb\BTnic_Comm.c
                  CCP1CON   0x000fbd       data     extern C:\MCC18\src\traditional\proc\p18F67J60.asm
              CCP1CONbits   0x000fbd       data     extern C:\MCC18\src\traditional\proc\p18F67J60.asm
                  CCP2CON   0x000fba       data     extern C:\MCC18\src\traditional\proc\p18F67J60.asm
              CCP2CONbits   0x000fba       data     extern C:\MCC18\src\traditional\proc\p18F67J60.asm
                  CCP3CON   0x000fb7       data     extern C:\MCC18\src\traditional\proc\p18F67J60.asm
              CCP3CONbits   0x000fb7       data     extern C:\MCC18\src\traditional\proc\p18F67J60.asm
                  CCP4CON   0x000f73       data     extern C:\MCC18\src\traditional\proc\p18F67J60.asm
              CCP4CONbits   0x000f73       data     extern C:\MCC18\src\traditional\proc\p18F67J60.asm
                  CCP5CON   0x000f70       data     extern C:\MCC18\src\traditional\proc\p18F67J60.asm
              CCP5CONbits   0x000f70       data     extern C:\MCC18\src\traditional\proc\p18F67J60.asm
                    CCPR1   0x000fbe       data     extern C:\MCC18\src\traditional\proc\p18F67J60.asm
                   CCPR1H   0x000fbf       data     extern C:\MCC18\src\traditional\proc\p18F67J60.asm
                   CCPR1L   0x000fbe       data     extern C:\MCC18\src\traditional\proc\p18F67J60.asm
                    CCPR2   0x000fbb       data     extern C:\MCC18\src\traditional\proc\p18F67J60.asm
                   CCPR2H   0x000fbc       data     extern C:\MCC18\src\traditional\proc\p18F67J60.asm
                   CCPR2L   0x000fbb       data     extern C:\MCC18\src\traditional\proc\p18F67J60.asm
                    CCPR3   0x000fb8       data     extern C:\MCC18\src\traditional\proc\p18F67J60.asm
                   CCPR3H   0x000fb9       data     extern C:\MCC18\src\traditional\proc\p18F67J60.asm
                   CCPR3L   0x000fb8       data     extern C:\MCC18\src\traditional\proc\p18F67J60.asm
                    CCPR4   0x000f74       data     extern C:\MCC18\src\traditional\proc\p18F67J60.asm
[...]
                 DDRAbits   0x000f92       data     extern C:\MCC18\src\traditional\proc\p18F67J60.asm
                    TRISA   0x000f92       data     extern C:\MCC18\src\traditional\proc\p18F67J60.asm
                TRISAbits   0x000f92       data     extern C:\MCC18\src\traditional\proc\p18F67J60.asm
                     DDRB   0x000f93       data     extern C:\MCC18\src\traditional\proc\p18F67J60.asm
                 DDRBbits   0x000f93       data     extern C:\MCC18\src\traditional\proc\p18F67J60.asm
                TRISBbits   0x000f93       data     extern C:\MCC18\src\traditional\proc\p18F67J60.asm
                    TRISB   0x000f93       data     extern C:\MCC18\src\traditional\proc\p18F67J60.asm
                TRISCbits   0x000f94       data     extern C:\MCC18\src\traditional\proc\p18F67J60.asm
                    TRISC   0x000f94       data     extern C:\MCC18\src\traditional\proc\p18F67J60.asm
                     DDRC   0x000f94       data     extern C:\MCC18\src\traditional\proc\p18F67J60.asm
                 DDRCbits   0x000f94       data     extern C:\MCC18\src\traditional\proc\p18F67J60.asm
                TRISDbits   0x000f95       data     extern C:\MCC18\src\traditional\proc\p18F67J60.asm
                    TRISD   0x000f95       data     extern C:\MCC18\src\traditional\proc\p18F67J60.asm
                 DDRDbits   0x000f95       data     extern C:\MCC18\src\traditional\proc\p18F67J60.asm
                     DDRD   0x000f95       data     extern C:\MCC18\src\traditional\proc\p18F67J60.asm
                 DDREbits   0x000f96       data     extern C:\MCC18\src\traditional\proc\p18F67J60.asm
                     DDRE   0x000f96       data     extern C:\MCC18\src\traditional\proc\p18F67J60.asm
                    TRISE   0x000f96       data     extern C:\MCC18\src\traditional\proc\p18F67J60.asm
                TRISEbits   0x000f96       data     extern C:\MCC18\src\traditional\proc\p18F67J60.asm
                     DDRF   0x000f97       data     extern C:\MCC18\src\traditional\proc\p18F67J60.asm
                 DDRFbits   0x000f97       data     extern C:\MCC18\src\traditional\proc\p18F67J60.asm
                    TRISF   0x000f97       data     extern C:\MCC18\src\traditional\proc\p18F67J60.asm
                TRISFbits   0x000f97       data     extern C:\MCC18\src\traditional\proc\p18F67J60.asm
                 DDRGbits   0x000f98       data     extern C:\MCC18\src\traditional\proc\p18F67J60.asm
                     DDRG   0x000f98       data     extern C:\MCC18\src\traditional\proc\p18F67J60.asm
                    TRISG   0x000f98       data     extern C:\MCC18\src\traditional\proc\p18F67J60.asm
                TRISGbits   0x000f98       data     extern C:\MCC18\src\traditional\proc\p18F67J60.asm
              OSCTUNEbits   0x000f9b       data     extern C:\MCC18\src\traditional\proc\p18F67J60.asm
                  OSCTUNE   0x000f9b       data     extern C:\MCC18\src\traditional\proc\p18F67J60.asm
                 PIE1bits   0x000f9d       data     extern C:\MCC18\src\traditional\proc\p18F67J60.asm
                     PIE1   0x000f9d       data     extern C:\MCC18\src\traditional\proc\p18F67J60.asm
                     PIR1   0x000f9e       data     extern C:\MCC18\src\traditional\proc\p18F67J60.asm
                 PIR1bits   0x000f9e       data     extern C:\MCC18\src\traditional\proc\p18F67J60.asm
                     IPR1   0x000f9f       data     extern C:\MCC18\src\traditional\proc\p18F67J60.asm
                 IPR1bits   0x000f9f       data     extern C:\MCC18\src\traditional\proc\p18F67J60.asm
                 PIE2bits   0x000fa0       data     extern C:\MCC18\src\traditional\proc\p18F67J60.asm
                     PIE2   0x000fa0       data     extern C:\MCC18\src\traditional\proc\p18F67J60.asm
                     PIR2   0x000fa1       data     extern C:\MCC18\src\traditional\proc\p18F67J60.asm
                 PIR2bits   0x000fa1       data     extern C:\MCC18\src\traditional\proc\p18F67J60.asm
                 IPR2bits   0x000fa2       data     extern C:\MCC18\src\traditional\proc\p18F67J60.asm
                     IPR2   0x000fa2       data     extern C:\MCC18\src\traditional\proc\p18F67J60.asm
                 PIE3bits   0x000fa3       data     extern C:\MCC18\src\traditional\proc\p18F67J60.asm
                     PIE3   0x000fa3       data     extern C:\MCC18\src\traditional\proc\p18F67J60.asm
                 PIR3bits   0x000fa4       data     extern C:\MCC18\src\traditional\proc\p18F67J60.asm
                     PIR3   0x000fa4       data     extern C:\MCC18\src\traditional\proc\p18F67J60.asm
                 IPR3bits   0x000fa5       data     extern C:\MCC18\src\traditional\proc\p18F67J60.asm
                     IPR3   0x000fa5       data     extern C:\MCC18\src\traditional\proc\p18F67J60.asm
               EECON1bits   0x000fa6       data     extern C:\MCC18\src\traditional\proc\p18F67J60.asm
                   EECON1   0x000fa6       data     extern C:\MCC18\src\traditional\proc\p18F67J60.asm
                   EECON2   0x000fa7       data     extern C:\MCC18\src\traditional\proc\p18F67J60.asm
                RCSTAbits   0x000fab       data     extern C:\MCC18\src\traditional\proc\p18F67J60.asm
                    RCSTA   0x000fab       data     extern C:\MCC18\src\traditional\proc\p18F67J60.asm
                   RCSTA1   0x000fab       data     extern C:\MCC18\src\traditional\proc\p18F67J60.asm
               RCSTA1bits   0x000fab       data     extern C:\MCC18\src\traditional\proc\p18F67J60.asm
                    TXSTA   0x000fac       data     extern C:\MCC18\src\traditional\proc\p18F67J60.asm
                   TXSTA1   0x000fac       data     extern C:\MCC18\src\traditional\proc\p18F67J60.asm
               TXSTA1bits   0x000fac       data     extern C:\MCC18\src\traditional\proc\p18F67J60.asm
                TXSTAbits   0x000fac       data     extern C:\MCC18\src\traditional\proc\p18F67J60.asm
                    TXREG   0x000fad       data     extern C:\MCC18\src\traditional\proc\p18F67J60.asm
                   TXREG1   0x000fad       data     extern C:\MCC18\src\traditional\proc\p18F67J60.asm
                   RCREG1   0x000fae       data     extern C:\MCC18\src\traditional\proc\p18F67J60.asm
                    RCREG   0x000fae       data     extern C:\MCC18\src\traditional\proc\p18F67J60.asm
                    SPBRG   0x000faf       data     extern C:\MCC18\src\traditional\proc\p18F67J60.asm
                   SPBRG1   0x000faf       data     extern C:\MCC18\src\traditional\proc\p18F67J60.asm
                T3CONbits   0x000fb1       data     extern C:\MCC18\src\traditional\proc\p18F67J60.asm
                    T3CON   0x000fb1       data     extern C:\MCC18\src\traditional\proc\p18F67J60.asm
                    TMR3L   0x000fb2       data     extern C:\MCC18\src\traditional\proc\p18F67J60.asm
                    TMR3H   0x000fb3       data     extern C:\MCC18\src\traditional\proc\p18F67J60.asm
                    CMCON   0x000fb4       data     extern C:\MCC18\src\traditional\proc\p18F67J60.asm
                CMCONbits   0x000fb4       data     extern C:\MCC18\src\traditional\proc\p18F67J60.asm
               CVRCONbits   0x000fb5       data     extern C:\MCC18\src\traditional\proc\p18F67J60.asm
                   CVRCON   0x000fb5       data     extern C:\MCC18\src\traditional\proc\p18F67J60.asm
              ECCP1ASbits   0x000fb6       data     extern C:\MCC18\src\traditional\proc\p18F67J60.asm
                  ECCP1AS   0x000fb6       data     extern C:\MCC18\src\traditional\proc\p18F67J60.asm
             ECCP3CONbits   0x000fb7       data     extern C:\MCC18\src\traditional\proc\p18F67J60.asm
                 ECCP3CON   0x000fb7       data     extern C:\MCC18\src\traditional\proc\p18F67J60.asm
                  CCP3CON   0x000fb7       data     extern C:\MCC18\src\traditional\proc\p18F67J60.asm
              CCP3CONbits   0x000fb7       data     extern C:\MCC18\src\traditional\proc\p18F67J60.asm
                   CCPR3L   0x000fb8       data     extern C:\MCC18\src\traditional\proc\p18F67J60.asm
                    CCPR3   0x000fb8       data     extern C:\MCC18\src\traditional\proc\p18F67J60.asm
                   CCPR3H   0x000fb9       data     extern C:\MCC18\src\traditional\proc\p18F67J60.asm
                 ECCP2CON   0x000fba       data     extern C:\MCC18\src\traditional\proc\p18F67J60.asm
             ECCP2CONbits   0x000fba       data     extern C:\MCC18\src\traditional\proc\p18F67J60.asm
              CCP2CONbits   0x000fba       data     extern C:\MCC18\src\traditional\proc\p18F67J60.asm
                  CCP2CON   0x000fba       data     extern C:\MCC18\src\traditional\proc\p18F67J60.asm
                    CCPR2   0x000fbb       data     extern C:\MCC18\src\traditional\proc\p18F67J60.asm
                   CCPR2L   0x000fbb       data     extern C:\MCC18\src\traditional\proc\p18F67J60.asm
                   CCPR2H   0x000fbc       data     extern C:\MCC18\src\traditional\proc\p18F67J60.asm
                 ECCP1CON   0x000fbd       data     extern C:\MCC18\src\traditional\proc\p18F67J60.asm
             ECCP1CONbits   0x000fbd       data     extern C:\MCC18\src\traditional\proc\p18F67J60.asm
                  CCP1CON   0x000fbd       data     extern C:\MCC18\src\traditional\proc\p18F67J60.asm
              CCP1CONbits   0x000fbd       data     extern C:\MCC18\src\traditional\proc\p18F67J60.asm
                   CCPR1L   0x000fbe       data     extern C:\MCC18\src\traditional\proc\p18F67J60.asm
                    CCPR1   0x000fbe       data     extern C:\MCC18\src\traditional\proc\p18F67J60.asm
                   CCPR1H   0x000fbf       data     extern C:\MCC18\src\traditional\proc\p18F67J60.asm
               ADCON2bits   0x000fc0       data     extern C:\MCC18\src\traditional\proc\p18F67J60.asm
                   ADCON2   0x000fc0       data     extern C:\MCC18\src\traditional\proc\p18F67J60.asm
               ADCON1bits   0x000fc1       data     extern C:\MCC18\src\traditional\proc\p18F67J60.asm
                   ADCON1   0x000fc1       data     extern C:\MCC18\src\traditional\proc\p18F67J60.asm
               ADCON0bits   0x000fc2       data     extern C:\MCC18\src\traditional\proc\p18F67J60.asm
                   ADCON0   0x000fc2       data     extern C:\MCC18\src\traditional\proc\p18F67J60.asm
                    ADRES   0x000fc3       data     extern C:\MCC18\src\traditional\proc\p18F67J60.asm
                   ADRESL   0x000fc3       data     extern C:\MCC18\src\traditional\proc\p18F67J60.asm
                   ADRESH   0x000fc4       data     extern C:\MCC18\src\traditional\proc\p18F67J60.asm
              SSPCON2bits   0x000fc5       data     extern C:\MCC18\src\traditional\proc\p18F67J60.asm
                  SSPCON2   0x000fc5       data     extern C:\MCC18\src\traditional\proc\p18F67J60.asm
             SSP1CON2bits   0x000fc5       data     extern C:\MCC18\src\traditional\proc\p18F67J60.asm
                 SSP1CON2   0x000fc5       data     extern C:\MCC18\src\traditional\proc\p18F67J60.asm
                 SSP1CON1   0x000fc6       data     extern C:\MCC18\src\traditional\proc\p18F67J60.asm
              SSPCON1bits   0x000fc6       data     extern C:\MCC18\src\traditional\proc\p18F67J60.asm
                  SSPCON1   0x000fc6       data     extern C:\MCC18\src\traditional\proc\p18F67J60.asm
             SSP1CON1bits   0x000fc6       data     extern C:\MCC18\src\traditional\proc\p18F67J60.asm
              SSPSTATbits   0x000fc7       data     extern C:\MCC18\src\traditional\proc\p18F67J60.asm
                  SSPSTAT   0x000fc7       data     extern C:\MCC18\src\traditional\proc\p18F67J60.asm
                 SSP1STAT   0x000fc7       data     extern C:\MCC18\src\traditional\proc\p18F67J60.asm
             SSP1STATbits   0x000fc7       data     extern C:\MCC18\src\traditional\proc\p18F67J60.asm
                  SSP1ADD   0x000fc8       data     extern C:\MCC18\src\traditional\proc\p18F67J60.asm
                   SSPADD   0x000fc8       data     extern C:\MCC18\src\traditional\proc\p18F67J60.asm
                   SSPBUF   0x000fc9       data     extern C:\MCC18\src\traditional\proc\p18F67J60.asm
                  SSP1BUF   0x000fc9       data     extern C:\MCC18\src\traditional\proc\p18F67J60.asm
                T2CONbits   0x000fca       data     extern C:\MCC18\src\traditional\proc\p18F67J60.asm
                    T2CON   0x000fca       data     extern C:\MCC18\src\traditional\proc\p18F67J60.asm
                      PR2   0x000fcb       data     extern C:\MCC18\src\traditional\proc\p18F67J60.asm
                     TMR2   0x000fcc       data     extern C:\MCC18\src\traditional\proc\p18F67J60.asm
                T1CONbits   0x000fcd       data     extern C:\MCC18\src\traditional\proc\p18F67J60.asm
                    T1CON   0x000fcd       data     extern C:\MCC18\src\traditional\proc\p18F67J60.asm
                    TMR1L   0x000fce       data     extern C:\MCC18\src\traditional\proc\p18F67J60.asm
                    TMR1H   0x000fcf       data     extern C:\MCC18\src\traditional\proc\p18F67J60.asm
                 RCONbits   0x000fd0       data     extern C:\MCC18\src\traditional\proc\p18F67J60.asm
                     RCON   0x000fd0       data     extern C:\MCC18\src\traditional\proc\p18F67J60.asm
                   WDTCON   0x000fd1       data     extern C:\MCC18\src\traditional\proc\p18F67J60.asm
               WDTCONbits   0x000fd1       data     extern C:\MCC18\src\traditional\proc\p18F67J60.asm
                    ECON1   0x000fd2       data     extern C:\MCC18\src\traditional\proc\p18F67J60.asm
                ECON1bits   0x000fd2       data     extern C:\MCC18\src\traditional\proc\p18F67J60.asm
                   OSCCON   0x000fd3       data     extern C:\MCC18\src\traditional\proc\p18F67J60.asm
               OSCCONbits   0x000fd3       data     extern C:\MCC18\src\traditional\proc\p18F67J60.asm
                    T0CON   0x000fd5       data     extern C:\MCC18\src\traditional\proc\p18F67J60.asm
                T0CONbits   0x000fd5       data     extern C:\MCC18\src\traditional\proc\p18F67J60.asm
                    TMR0L   0x000fd6       data     extern C:\MCC18\src\traditional\proc\p18F67J60.asm
                    TMR0H   0x000fd7       data     extern C:\MCC18\src\traditional\proc\p18F67J60.asm
                   STATUS   0x000fd8       data     extern C:\MCC18\src\traditional\proc\p18F67J60.asm
               STATUSbits   0x000fd8       data     extern C:\MCC18\src\traditional\proc\p18F67J60.asm
                     FSR2   0x000fd9       data     extern C:\MCC18\src\traditional\proc\p18F67J60.asm
                    FSR2L   0x000fd9       data     extern C:\MCC18\src\traditional\proc\p18F67J60.asm
                    FSR2H   0x000fda       data     extern C:\MCC18\src\traditional\proc\p18F67J60.asm
                   PLUSW2   0x000fdb       data     extern C:\MCC18\src\traditional\proc\p18F67J60.asm
                  PREINC2   0x000fdc       data     extern C:\MCC18\src\traditional\proc\p18F67J60.asm
                 POSTDEC2   0x000fdd       data     extern C:\MCC18\src\traditional\proc\p18F67J60.asm
                 POSTINC2   0x000fde       data     extern C:\MCC18\src\traditional\proc\p18F67J60.asm
                    INDF2   0x000fdf       data     extern C:\MCC18\src\traditional\proc\p18F67J60.asm
                      BSR   0x000fe0       data     extern C:\MCC18\src\traditional\proc\p18F67J60.asm
                    FSR1L   0x000fe1       data     extern C:\MCC18\src\traditional\proc\p18F67J60.asm
                     FSR1   0x000fe1       data     extern C:\MCC18\src\traditional\proc\p18F67J60.asm
                    FSR1H   0x000fe2       data     extern C:\MCC18\src\traditional\proc\p18F67J60.asm
                   PLUSW1   0x000fe3       data     extern C:\MCC18\src\traditional\proc\p18F67J60.asm
                  PREINC1   0x000fe4       data     extern C:\MCC18\src\traditional\proc\p18F67J60.asm
                 POSTDEC1   0x000fe5       data     extern C:\MCC18\src\traditional\proc\p18F67J60.asm
                 POSTINC1   0x000fe6       data     extern C:\MCC18\src\traditional\proc\p18F67J60.asm
                    INDF1   0x000fe7       data     extern C:\MCC18\src\traditional\proc\p18F67J60.asm
                     WREG   0x000fe8       data     extern C:\MCC18\src\traditional\proc\p18F67J60.asm
                     FSR0   0x000fe9       data     extern C:\MCC18\src\traditional\proc\p18F67J60.asm
                    FSR0L   0x000fe9       data     extern C:\MCC18\src\traditional\proc\p18F67J60.asm
                    FSR0H   0x000fea       data     extern C:\MCC18\src\traditional\proc\p18F67J60.asm
                   PLUSW0   0x000feb       data     extern C:\MCC18\src\traditional\proc\p18F67J60.asm
                  PREINC0   0x000fec       data     extern C:\MCC18\src\traditional\proc\p18F67J60.asm
                 POSTDEC0   0x000fed       data     extern C:\MCC18\src\traditional\proc\p18F67J60.asm
                 POSTINC0   0x000fee       data     extern C:\MCC18\src\traditional\proc\p18F67J60.asm
                    INDF0   0x000fef       data     extern C:\MCC18\src\traditional\proc\p18F67J60.asm
              INTCON3bits   0x000ff0       data     extern C:\MCC18\src\traditional\proc\p18F67J60.asm
                  INTCON3   0x000ff0       data     extern C:\MCC18\src\traditional\proc\p18F67J60.asm
              INTCON2bits   0x000ff1       data     extern C:\MCC18\src\traditional\proc\p18F67J60.asm
                  INTCON2   0x000ff1       data     extern C:\MCC18\src\traditional\proc\p18F67J60.asm
               INTCONbits   0x000ff2       data     extern C:\MCC18\src\traditional\proc\p18F67J60.asm
                   INTCON   0x000ff2       data     extern C:\MCC18\src\traditional\proc\p18F67J60.asm
                    PRODL   0x000ff3       data     extern C:\MCC18\src\traditional\proc\p18F67J60.asm
                     PROD   0x000ff3       data     extern C:\MCC18\src\traditional\proc\p18F67J60.asm
                    PRODH   0x000ff4       data     extern C:\MCC18\src\traditional\proc\p18F67J60.asm
                   TABLAT   0x000ff5       data     extern C:\MCC18\src\traditional\proc\p18F67J60.asm
                   TBLPTR   0x000ff6       data     extern C:\MCC18\src\traditional\proc\p18F67J60.asm
                  TBLPTRL   0x000ff6       data     extern C:\MCC18\src\traditional\proc\p18F67J60.asm
                  TBLPTRH   0x000ff7       data     extern C:\MCC18\src\traditional\proc\p18F67J60.asm
                  TBLPTRU   0x000ff8       data     extern C:\MCC18\src\traditional\proc\p18F67J60.asm
                       PC   0x000ff9       data     extern C:\MCC18\src\traditional\proc\p18F67J60.asm
                      PCL   0x000ff9       data     extern C:\MCC18\src\traditional\proc\p18F67J60.asm
                   PCLATH   0x000ffa       data     extern C:\MCC18\src\traditional\proc\p18F67J60.asm
                   PCLATU   0x000ffb       data     extern C:\MCC18\src\traditional\proc\p18F67J60.asm
               STKPTRbits   0x000ffc       data     extern C:\MCC18\src\traditional\proc\p18F67J60.asm
                   STKPTR   0x000ffc       data     extern C:\MCC18\src\traditional\proc\p18F67J60.asm
                      TOS   0x000ffd       data     extern C:\MCC18\src\traditional\proc\p18F67J60.asm
                     TOSL   0x000ffd       data     extern C:\MCC18\src\traditional\proc\p18F67J60.asm
                     TOSH   0x000ffe       data     extern C:\MCC18\src\traditional\proc\p18F67J60.asm
                     TOSU   0x000fff       data     extern C:\MCC18\src\traditional\proc\p18F67J60.asm


