MPLINK 4.37, Linker
Linker Map File - Created Thu May 22 16:45:56 2014

                                 Section Info
                  Section       Type    Address   Location Size(Bytes)
                ---------  ---------  ---------  ---------  ---------
               _entry_scn       code   0x000000    program   0x000006
       .code__user_putc.o       code   0x000006    program   0x000002
               highVector       code   0x000008    program   0x000006
         .code_setcsspi.o       code   0x00000e    program   0x000004
         .code_clrcsspi.o       code   0x000012    program   0x000004
           .code___init.o       code   0x000016    program   0x000002
                lowVector       code   0x000018    program   0x000006
                   .cinit    romdata   0x00001e    program   0x0000b6
              .code_TCP.o       code   0x0000d4    program   0x005dc4
            .code_HTTP2.o       code   0x005e98    program   0x00383a
    .code_CustomHTTPApp.o       code   0x0096d2    program   0x0029b8
            .code_MPFS2.o       code   0x00c08a    program   0x001a80
              .code_UDP.o       code   0x00db0a    program   0x0014d2
          .code_Helpers.o       code   0x00efdc    program   0x00137e
             .code_DHCP.o       code   0x01035a    program   0x0010f6
         .code_ETH97J60.o       code   0x011450    program   0x000d9e
              .code_DNS.o       code   0x0121ee    program   0x000d4a
         .code_vfprintf.o       code   0x012f38    program   0x000c22
             .stringtable    romdata   0x013b5a    program   0x000a46
             .code_Main.o       code   0x0145a0    program   0x00080a
              .code_ARP.o       code   0x014daa    program   0x00066c
       .code_BTnic_Comm.o       code   0x015416    program   0x0004bc
                   STDLIB       code   0x0158d2    program   0x000404
             .code_SNTP.o       code   0x015cd6    program   0x000400
               .code_IP.o       code   0x0160d6    program   0x0003fa
         .code_SPIFlash.o       code   0x0164d0    program   0x0003f2
                   STRING       code   0x0168c2    program   0x0002da
         .code_StackTsk.o       code   0x016b9c    program   0x0002c6
         .code_Announce.o       code   0x016e62    program   0x0002be
             .code_sram.o       code   0x017120    program   0x00024a
           .code_eeprom.o       code   0x01736a    program   0x00021a
             .code_Tick.o       code   0x017584    program   0x000178
           .code_Reboot.o       code   0x0176fc    program   0x00014c
             .code_ICMP.o       code   0x017848    program   0x000146
                     PROG       code   0x01798e    program   0x000128
          .code_sprintf.o       code   0x017ab6    program   0x0000ac
               _cinit_scn       code   0x017b62    program   0x00009e
         .romdata_HTTP2.o    romdata   0x017c00    program   0x000084
             .code_putc.o       code   0x017c84    program   0x000084
          .code_fxm3232.o       code   0x017d08    program   0x000070
          .code_wrtsspi.o       code   0x017d78    program   0x000060
         .code_fxd3232u.o       code   0x017dd8    program   0x000048
             D10KTCYXCODE       code   0x017e20    program   0x00002e
         .code_fxd1616u.o       code   0x017e4e    program   0x00002c
                    .code       code   0x017e7a    program   0x00002c
                    CTYPE       code   0x017ea6    program   0x000024
              D1KTCYXCODE       code   0x017eca    program   0x000020
             _startup_scn       code   0x017eea    program   0x00001c
                    STDIO       code   0x017f06    program   0x00001c
           .romdata_TCP.o    romdata   0x017f22    program   0x000012
      .romdata_vfprintf.o    romdata   0x017f34    program   0x000011
      .idata_clrcsspi.o_i    romdata   0x017f45    program   0x000000
        .idata_eeprom.o_i    romdata   0x017f45    program   0x000000
      .romdata_clrcsspi.o    romdata   0x017f45    program   0x000000
    .romdata_BTnic_Comm.o    romdata   0x017f45    program   0x000000
           .romdata_SSL.o    romdata   0x017f45    program   0x000000
           .romdata_RSA.o    romdata   0x017f45    program   0x000000
      .idata_opensspi.o_i    romdata   0x017f45    program   0x000000
       .romdata_wrtsspi.o    romdata   0x017f45    program   0x000000
      .romdata_opensspi.o    romdata   0x017f45    program   0x000000
      .idata_setcsspi.o_i    romdata   0x017f45    program   0x000000
      .romdata_setcsspi.o    romdata   0x017f45    program   0x000000
           .idata_SSL.o_i    romdata   0x017f45    program   0x000000
       .idata_wrtsspi.o_i    romdata   0x017f45    program   0x000000
    .romdata__user_putc.o    romdata   0x017f45    program   0x000000
    .idata__user_putc.o_i    romdata   0x017f45    program   0x000000
          .romdata_putc.o    romdata   0x017f45    program   0x000000
          .idata_putc.o_i    romdata   0x017f45    program   0x000000
      .idata_vfprintf.o_i    romdata   0x017f45    program   0x000000
       .romdata_sprintf.o    romdata   0x017f45    program   0x000000
       .idata_sprintf.o_i    romdata   0x017f45    program   0x000000
        .romdata___init.o    romdata   0x017f45    program   0x000000
        .idata___init.o_i    romdata   0x017f45    program   0x000000
       .romdata_fxm3232.o    romdata   0x017f45    program   0x000000
       .idata_fxm3232.o_i    romdata   0x017f45    program   0x000000
      .romdata_fxd3232u.o    romdata   0x017f45    program   0x000000
      .idata_fxd3232u.o_i    romdata   0x017f45    program   0x000000
      .romdata_fxd1616u.o    romdata   0x017f45    program   0x000000
      .idata_fxd1616u.o_i    romdata   0x017f45    program   0x000000
      .romdata_SPIFlash.o    romdata   0x017f45    program   0x000000
      .idata_SPIFlash.o_i    romdata   0x017f45    program   0x000000
          .romdata_sram.o    romdata   0x017f45    program   0x000000
          .idata_sram.o_i    romdata   0x017f45    program   0x000000
        .romdata_eeprom.o    romdata   0x017f45    program   0x000000
          .romdata_ICMP.o    romdata   0x017f45    program   0x000000
           .romdata_UDP.o    romdata   0x017f45    program   0x000000
         .romdata_MPFS2.o    romdata   0x017f45    program   0x000000
          .romdata_SNTP.o    romdata   0x017f45    program   0x000000
        .idata_Reboot.o_i    romdata   0x017f45    program   0x000001
        .romdata_Reboot.o    romdata   0x017f45    program   0x000000
          .romdata_NBNS.o    romdata   0x017f45    program   0x000000
          .romdata_DHCP.o    romdata   0x017f45    program   0x000000
 .romdata_CustomHTTPApp.o    romdata   0x017f45    program   0x000000
      .romdata_Announce.o    romdata   0x017f45    program   0x000000
          .romdata_Main.o    romdata   0x017f45    program   0x000000
       .romdata_ARCFOUR.o    romdata   0x017f45    program   0x000000
          .romdata_Tick.o    romdata   0x017f45    program   0x000000
        .romdata_BigInt.o    romdata   0x017f45    program   0x000000
         .idata_c018i.o_i    romdata   0x017f45    program   0x000000
         .romdata_c018i.o    romdata   0x017f45    program   0x000000
           .romdata_ARP.o    romdata   0x017f45    program   0x000000
      .romdata_StackTsk.o    romdata   0x017f45    program   0x000000
           .romdata_DNS.o    romdata   0x017f45    program   0x000000
        .romdata_Random.o    romdata   0x017f45    program   0x000000
        .romdata_Hashes.o    romdata   0x017f45    program   0x000000
            .romdata_IP.o    romdata   0x017f45    program   0x000000
       .romdata_Helpers.o    romdata   0x017f45    program   0x000000
         .romdata_Delay.o    romdata   0x017f45    program   0x000000
      .romdata_ETH97J60.o    romdata   0x017f45    program   0x000000
         .code_opensspi.o       code   0x017f46    program   0x000010
           .idata_UDP.o_i    romdata   0x017f56    program   0x000002
          .idata_Tick.o_i    romdata   0x017f58    program   0x000004
           .idata_TCP.o_i    romdata   0x017f5c    program   0x000002
      .idata_StackTsk.o_i    romdata   0x017f5e    program   0x000002
          .idata_SNTP.o_i    romdata   0x017f60    program   0x00000a
          .idata_Main.o_i    romdata   0x017f6a    program   0x000004
           .idata_RSA.o_i    romdata   0x017f6a    program   0x000000
          .idata_NBNS.o_i    romdata   0x017f6a    program   0x000000
        .idata_Random.o_i    romdata   0x017f6a    program   0x000000
         .idata_MPFS2.o_i    romdata   0x017f6e    program   0x000000
            .idata_IP.o_i    romdata   0x017f6e    program   0x000002
       .idata_Helpers.o_i    romdata   0x017f70    program   0x000004
          .idata_ICMP.o_i    romdata   0x017f70    program   0x000000
         .idata_Delay.o_i    romdata   0x017f74    program   0x000000
      .idata_ETH97J60.o_i    romdata   0x017f74    program   0x000000
         .idata_HTTP2.o_i    romdata   0x017f74    program   0x000000
        .idata_Hashes.o_i    romdata   0x017f74    program   0x000000
           .idata_DNS.o_i    romdata   0x017f74    program   0x000003
          .idata_DHCP.o_i    romdata   0x017f77    program   0x000001
 .idata_CustomHTTPApp.o_i    romdata   0x017f78    program   0x000002
    .idata_BTnic_Comm.o_i    romdata   0x017f7a    program   0x000004
        .idata_BigInt.o_i    romdata   0x017f7a    program   0x000000
      .idata_Announce.o_i    romdata   0x017f7e    program   0x000001
           .idata_ARP.o_i    romdata   0x017f7f    program   0x000001
              .code_RSA.o       code   0x017f80    program   0x000000
            .code_c018i.o       code   0x017f80    program   0x000000
           .code_Random.o       code   0x017f80    program   0x000000
              .code_SSL.o       code   0x017f80    program   0x000000
            .code_Delay.o       code   0x017f80    program   0x000000
             .code_NBNS.o       code   0x017f80    program   0x000000
           .code_Hashes.o       code   0x017f80    program   0x000000
       .idata_ARCFOUR.o_i    romdata   0x017f80    program   0x000000
          .code_ARCFOUR.o       code   0x017f80    program   0x000000
           .code_BigInt.o       code   0x017f80    program   0x000000
     .config_1fff8_Main.o    romdata   0x01fff8    program   0x000001
     .config_1fff9_Main.o    romdata   0x01fff9    program   0x000001
     .config_1fffa_Main.o    romdata   0x01fffa    program   0x000001
     .config_1fffb_Main.o    romdata   0x01fffb    program   0x000001
     .config_1fffd_Main.o    romdata   0x01fffd    program   0x000001
                MATH_DATA      udata   0x000000       data   0x000014
                 .tmpdata      udata   0x000014       data   0x00000e
                DELAYDAT2      udata   0x000022       data   0x000001
                DELAYDAT1      udata   0x000023       data   0x000001
             .udata_UDP.o      udata   0x000060       data   0x000068
            .udata_DHCP.o      udata   0x0000c8       data   0x000028
      .udata_BTnic_Comm.o      udata   0x0000f0       data   0x00000d
             .idata_DNS.o      idata   0x0000fd       data   0x000003
   HTTP_CONNECTION_STATES      udata   0x000100       data   0x0000e8
             .udata_DNS.o      udata   0x0001e8       data   0x000018
           .udata_MPFS2.o      udata   0x000200       data   0x000057
                 TCB_uRAM      udata   0x000257       data   0x000054
             .udata_TCP.o      udata   0x0002ab       data   0x000051
        .udata_SPIFlash.o      udata   0x0002fc       data   0x000004
            .idata_SNTP.o      idata   0x000300       data   0x00000a
        .udata_ETH97J60.o      udata   0x00030a       data   0x000007
            .udata_Tick.o      udata   0x000311       data   0x000006
            .udata_SNTP.o      udata   0x000317       data   0x000004
         .udata_Helpers.o      udata   0x00031b       data   0x000004
            .idata_Tick.o      idata   0x00031f       data   0x000004
            .idata_Main.o      idata   0x000323       data   0x000004
         .idata_Helpers.o      idata   0x000327       data   0x000004
      .idata_BTnic_Comm.o      idata   0x00032b       data   0x000004
             .idata_UDP.o      idata   0x00032f       data   0x000002
             .idata_TCP.o      idata   0x000331       data   0x000002
        .idata_StackTsk.o      idata   0x000333       data   0x000002
              .idata_IP.o      idata   0x000335       data   0x000002
   .idata_CustomHTTPApp.o      idata   0x000337       data   0x000002
              .udata_IP.o      udata   0x000339       data   0x000001
        .udata_Announce.o      udata   0x00033a       data   0x000001
          .idata_Reboot.o      idata   0x00033b       data   0x000001
            .idata_DHCP.o      idata   0x00033c       data   0x000001
        .idata_Announce.o      idata   0x00033d       data   0x000001
             .idata_ARP.o      idata   0x00033e       data   0x000001
           .idata_HTTP2.o      idata   0x00033f       data   0x000000
          .udata_eeprom.o      udata   0x00033f       data   0x000000
         .idata_wrtsspi.o      idata   0x00033f       data   0x000000
           .udata_HTTP2.o      udata   0x00033f       data   0x000000
            .idata_sram.o      idata   0x00033f       data   0x000000
        .udata_setcsspi.o      udata   0x00033f       data   0x000000
        .idata_setcsspi.o      idata   0x00033f       data   0x000000
        .idata_opensspi.o      idata   0x00033f       data   0x000000
            .udata_sram.o      udata   0x00033f       data   0x000000
          .idata_eeprom.o      idata   0x00033f       data   0x000000
        .udata_opensspi.o      udata   0x00033f       data   0x000000
      .idata__user_putc.o      idata   0x00033f       data   0x000000
      .udata__user_putc.o      udata   0x00033f       data   0x000000
            .idata_putc.o      idata   0x00033f       data   0x000000
            .udata_putc.o      udata   0x00033f       data   0x000000
        .idata_vfprintf.o      idata   0x00033f       data   0x000000
        .udata_vfprintf.o      udata   0x00033f       data   0x000000
         .idata_sprintf.o      idata   0x00033f       data   0x000000
         .udata_sprintf.o      udata   0x00033f       data   0x000000
          .idata___init.o      idata   0x00033f       data   0x000000
          .udata___init.o      udata   0x00033f       data   0x000000
         .idata_fxm3232.o      idata   0x00033f       data   0x000000
         .udata_fxm3232.o      udata   0x00033f       data   0x000000
        .idata_fxd3232u.o      idata   0x00033f       data   0x000000
        .udata_fxd3232u.o      udata   0x00033f       data   0x000000
        .idata_fxd1616u.o      idata   0x00033f       data   0x000000
        .udata_fxd1616u.o      udata   0x00033f       data   0x000000
        .idata_SPIFlash.o      idata   0x00033f       data   0x000000
         .udata_ARCFOUR.o      udata   0x00033f       data   0x000000
            .idata_NBNS.o      idata   0x00033f       data   0x000000
            .udata_NBNS.o      udata   0x00033f       data   0x000000
          .udata_Reboot.o      udata   0x00033f       data   0x000000
           .idata_MPFS2.o      idata   0x00033f       data   0x000000
            .idata_ICMP.o      idata   0x00033f       data   0x000000
            .udata_ICMP.o      udata   0x00033f       data   0x000000
   .udata_CustomHTTPApp.o      udata   0x00033f       data   0x000000
        .idata_ETH97J60.o      idata   0x00033f       data   0x000000
           .idata_Delay.o      idata   0x00033f       data   0x000000
           .udata_Delay.o      udata   0x00033f       data   0x000000
           .idata_c018i.o      idata   0x00033f       data   0x000000
         .idata_ARCFOUR.o      idata   0x00033f       data   0x000000
          .udata_BigInt.o      udata   0x00033f       data   0x000000
          .idata_BigInt.o      idata   0x00033f       data   0x000000
          .udata_Hashes.o      udata   0x00033f       data   0x000000
          .idata_Hashes.o      idata   0x00033f       data   0x000000
          .udata_Random.o      udata   0x00033f       data   0x000000
          .idata_Random.o      idata   0x00033f       data   0x000000
             .udata_RSA.o      udata   0x00033f       data   0x000000
             .idata_RSA.o      idata   0x00033f       data   0x000000
             .udata_SSL.o      udata   0x00033f       data   0x000000
             .idata_SSL.o      idata   0x00033f       data   0x000000
        .udata_clrcsspi.o      udata   0x00033f       data   0x000000
        .idata_clrcsspi.o      idata   0x00033f       data   0x000000
                  BUFFERS      udata   0x000800       data   0x0004c8
                   .stack      udata   0x000d00       data   0x000100
            .udata_Main.o      udata   0x000e00       data   0x00006a
        .udata_StackTsk.o      udata   0x000e6a       data   0x00000b
           .udata_c018i.o      udata   0x000e75       data   0x00000a
         .udata_wrtsspi.o      udata   0x000e7f       data   0x000001
              SFR_BANKED0      udata   0x000e80       data   0x000006
              SFR_BANKED1      udata   0x000e8a       data   0x000001
              SFR_BANKED2      udata   0x000e97       data   0x000003
              SFR_BANKED3      udata   0x000ea0       data   0x000001
              SFR_BANKED4      udata   0x000ea2       data   0x000003
              SFR_BANKED5      udata   0x000ea6       data   0x000002
              SFR_BANKED6      udata   0x000eaa       data   0x000002
              SFR_BANKED7      udata   0x000eb2       data   0x000001
              SFR_BANKED8      udata   0x000eb4       data   0x000001
              SFR_BANKED9      udata   0x000eb6       data   0x000004
             SFR_BANKED10      udata   0x000ec0       data   0x000012
             SFR_BANKED11      udata   0x000ed4       data   0x000002
             SFR_BANKED12      udata   0x000ed8       data   0x000002
             SFR_BANKED13      udata   0x000ee2       data   0x000016
             SFR_BANKED14      udata   0x000efb       data   0x000001
             SFR_BANKED15      udata   0x000efd       data   0x000002
       SYN_QUEUE_RAM_SECT      udata   0x000f00       data   0x00003c
             .udata_ARP.o      udata   0x000f3c       data   0x000014
               BOOTIP_SEC      udata   0x000f50       data   0x00000c
            SFR_UNBANKED0      udata   0x000f60       data   0x0000a0



                              Program Memory Usage 
                               Start         End      
                           ---------   ---------      
                            0x000000    0x017f7f      
                            0x01fff8    0x01fffb      
                            0x01fffd    0x01fffd      
            98181 out of 131072 program addresses used, program memory utilization is 74%



                              Symbols - Sorted by Name
                     Name    Address   Location    Storage File                     
                ---------  ---------  ---------  --------- ---------                
                  ARPInit   0x014fae    program     extern C:\Users\Matt\Documents\Microchip\i2ceth\TCPIP Stack\ARP.c
            ARPIsResolved   0x015278    program     extern C:\Users\Matt\Documents\Microchip\i2ceth\TCPIP Stack\ARP.c
               ARPProcess   0x014fc6    program     extern C:\Users\Matt\Documents\Microchip\i2ceth\TCPIP Stack\ARP.c
                   ARPPut   0x014e56    program     static C:\Users\Matt\Documents\Microchip\i2ceth\TCPIP Stack\ARP.c
               ARPResolve   0x01519e    program     extern C:\Users\Matt\Documents\Microchip\i2ceth\TCPIP Stack\ARP.c
               ARPSendPkt   0x014daa    program     extern C:\Users\Matt\Documents\Microchip\i2ceth\TCPIP Stack\ARP.c
               AnnounceIP   0x016e62    program     extern C:\Users\Matt\Documents\Microchip\i2ceth\TCPIP Stack\Announce.c
       BTCommGetReqBuffer   0x0158aa    program     extern C:\Users\Matt\Documents\Microchip\i2ceth\BTnic_Comm.c
          BTCommGetReqLen   0x0157bc    program     extern C:\Users\Matt\Documents\Microchip\i2ceth\BTnic_Comm.c
             BTCommGetRsp   0x0157c8    program     extern C:\Users\Matt\Documents\Microchip\i2ceth\BTnic_Comm.c
       BTCommGetRspBuffer   0x015882    program     extern C:\Users\Matt\Documents\Microchip\i2ceth\BTnic_Comm.c
          BTCommGetRspLen   0x0157b0    program     extern C:\Users\Matt\Documents\Microchip\i2ceth\BTnic_Comm.c
           BTCommGetState   0x01563c    program     extern C:\Users\Matt\Documents\Microchip\i2ceth\BTnic_Comm.c
           BTCommGetTimer   0x015818    program     extern C:\Users\Matt\Documents\Microchip\i2ceth\BTnic_Comm.c
               BTCommInit   0x015416    program     extern C:\Users\Matt\Documents\Microchip\i2ceth\BTnic_Comm.c
                 BTCommRX   0x01553c    program     extern C:\Users\Matt\Documents\Microchip\i2ceth\BTnic_Comm.c
            BTCommRequest   0x01543a    program     extern C:\Users\Matt\Documents\Microchip\i2ceth\BTnic_Comm.c
             BTCommSetRsp   0x01582c    program     extern C:\Users\Matt\Documents\Microchip\i2ceth\BTnic_Comm.c
           BTCommSetState   0x01576c    program     extern C:\Users\Matt\Documents\Microchip\i2ceth\BTnic_Comm.c
             Base64Decode   0x00f810    program     extern C:\Users\Matt\Documents\Microchip\i2ceth\TCPIP Stack\Helpers.c
     CalcIPBufferChecksum   0x011b54    program     extern C:\Users\Matt\Documents\Microchip\i2ceth\TCPIP Stack\ETH97J60.c
           CalcIPChecksum   0x00feb4    program     extern C:\Users\Matt\Documents\Microchip\i2ceth\TCPIP Stack\Helpers.c
             ClearCSSWSPI   0x000012    program     extern C:\Users\Matt\Documents\Microchip\i2ceth\clrcsspi.c
              CloseSocket   0x004204    program     static C:\Users\Matt\Documents\Microchip\i2ceth\TCPIP Stack\TCP.c
                   D10K_1   0x017e2c    program     static C:\MCC18\src\traditional\delays\d10ktcyx.asm
                    D10Kl   0x017e38    program     static C:\MCC18\src\traditional\delays\d10ktcyx.asm
                    D10Kx   0x017e2a    program     static C:\MCC18\src\traditional\delays\d10ktcyx.asm
                    D1K_1   0x017ed6    program     static C:\MCC18\src\traditional\delays\d1ktcyx.asm
                     D1Kx   0x017ed4    program     static C:\MCC18\src\traditional\delays\d1ktcyx.asm
              DHCPDisable   0x0103b2    program     extern C:\Users\Matt\Documents\Microchip\i2ceth\TCPIP Stack\DHCP.c
               DHCPEnable   0x0103da    program     extern C:\Users\Matt\Documents\Microchip\i2ceth\TCPIP Stack\DHCP.c
                 DHCPInit   0x01035a    program     extern C:\Users\Matt\Documents\Microchip\i2ceth\TCPIP Stack\DHCP.c
              DHCPIsBound   0x01041e    program     extern C:\Users\Matt\Documents\Microchip\i2ceth\TCPIP Stack\DHCP.c
            DHCPIsEnabled   0x010400    program     extern C:\Users\Matt\Documents\Microchip\i2ceth\TCPIP Stack\DHCP.c
     DHCPIsServerDetected   0x010456    program     extern C:\Users\Matt\Documents\Microchip\i2ceth\TCPIP Stack\DHCP.c
         DHCPStateChanged   0x010436    program     extern C:\Users\Matt\Documents\Microchip\i2ceth\TCPIP Stack\DHCP.c
                 DHCPTask   0x010484    program     extern C:\Users\Matt\Documents\Microchip\i2ceth\TCPIP Stack\DHCP.c
           DHCPTempIPAddr   0x010472    program     extern C:\Users\Matt\Documents\Microchip\i2ceth\TCPIP Stack\DHCP.c
            DNSBeginUsage   0x0121ee    program     extern C:\Users\Matt\Documents\Microchip\i2ceth\TCPIP Stack\DNS.c
           DNSDiscardName   0x012ed4    program     static C:\Users\Matt\Documents\Microchip\i2ceth\TCPIP Stack\DNS.c
              DNSEndUsage   0x012200    program     extern C:\Users\Matt\Documents\Microchip\i2ceth\TCPIP Stack\DNS.c
            DNSIsResolved   0x0122ee    program     extern C:\Users\Matt\Documents\Microchip\i2ceth\TCPIP Stack\DNS.c
          DNSPutROMString   0x012d94    program     static C:\Users\Matt\Documents\Microchip\i2ceth\TCPIP Stack\DNS.c
             DNSPutString   0x012c94    program     static C:\Users\Matt\Documents\Microchip\i2ceth\TCPIP Stack\DNS.c
               DNSResolve   0x012228    program     extern C:\Users\Matt\Documents\Microchip\i2ceth\TCPIP Stack\DNS.c
            DNSResolveROM   0x012286    program     extern C:\Users\Matt\Documents\Microchip\i2ceth\TCPIP Stack\DNS.c
             Delay10KTCYx   0x017e20    program     extern C:\MCC18\src\traditional\delays\d10ktcyx.asm
              Delay1KTCYx   0x017eca    program     extern C:\MCC18\src\traditional\delays\d1ktcyx.asm
            DiscoveryTask   0x016f84    program     extern C:\Users\Matt\Documents\Microchip\i2ceth\TCPIP Stack\Announce.c
                 FXD1616U   0x017e4e    program     extern C:\MCC18\src\traditional\math\fxd1616u.c
                 FXD3232U   0x017dd8    program     extern C:\MCC18\src\traditional\math\fxd3232u.c
                 FXM1616S   0x017a5c    program     extern C:\MCC18\src\traditional\math\fxm1616s.asm
                 FXM1616U   0x01798e    program     extern C:\MCC18\src\traditional\math\fxm1616u.asm
                 FXM2424U   0x0179ca    program     extern C:\MCC18\src\traditional\math\fxm2424u.asm
                  FXM3232   0x017d08    program     extern C:\MCC18\src\traditional\math\fxm3232.c
       FindMatchingSocket   0x0039b6    program     static C:\Users\Matt\Documents\Microchip\i2ceth\TCPIP Stack\TCP.c
       FindMatchingSocket   0x00edf0    program     static C:\Users\Matt\Documents\Microchip\i2ceth\TCPIP Stack\UDP.c
        FormatNetBIOSName   0x0100b6    program     extern C:\Users\Matt\Documents\Microchip\i2ceth\TCPIP Stack\Helpers.c
      GenerateRandomDWORD   0x00f128    program     extern C:\Users\Matt\Documents\Microchip\i2ceth\TCPIP Stack\Helpers.c
      GetMaxSegSizeOption   0x00428e    program     static C:\Users\Matt\Documents\Microchip\i2ceth\TCPIP Stack\TCP.c
              GetTickCopy   0x017594    program     static C:\Users\Matt\Documents\Microchip\i2ceth\TCPIP Stack\Tick.c
            HTTPCheckAuth   0x009784    program     extern C:\Users\Matt\Documents\Microchip\i2ceth\CustomHTTPApp.c
           HTTPExecuteGet   0x0097e4    program     extern C:\Users\Matt\Documents\Microchip\i2ceth\CustomHTTPApp.c
          HTTPExecutePost   0x0098ba    program     extern C:\Users\Matt\Documents\Microchip\i2ceth\CustomHTTPApp.c
               HTTPGetArg   0x008874    program     extern C:\Users\Matt\Documents\Microchip\i2ceth\TCPIP Stack\HTTP2.c
            HTTPGetROMArg   0x008986    program     extern C:\Users\Matt\Documents\Microchip\i2ceth\TCPIP Stack\HTTP2.c
HTTPHeaderParseAuthorization   0x00836c    program     static C:\Users\Matt\Documents\Microchip\i2ceth\TCPIP Stack\HTTP2.c
HTTPHeaderParseContentLength   0x0085a2    program     static C:\Users\Matt\Documents\Microchip\i2ceth\TCPIP Stack\HTTP2.c
    HTTPHeaderParseLookup   0x008346    program     static C:\Users\Matt\Documents\Microchip\i2ceth\TCPIP Stack\HTTP2.c
              HTTPIncFile   0x0094d6    program     extern C:\Users\Matt\Documents\Microchip\i2ceth\TCPIP Stack\HTTP2.c
                 HTTPInit   0x006532    program     extern C:\Users\Matt\Documents\Microchip\i2ceth\TCPIP Stack\HTTP2.c
             HTTPLoadConn   0x006748    program     static C:\Users\Matt\Documents\Microchip\i2ceth\TCPIP Stack\HTTP2.c
           HTTPMPFSUpload   0x009006    program     static C:\Users\Matt\Documents\Microchip\i2ceth\TCPIP Stack\HTTP2.c
            HTTPNeedsAuth   0x0096d2    program     extern C:\Users\Matt\Documents\Microchip\i2ceth\CustomHTTPApp.c
            HTTPPostBTCom   0x00a4ba    program     static C:\Users\Matt\Documents\Microchip\i2ceth\CustomHTTPApp.c
           HTTPPostConfig   0x00998a    program     static C:\Users\Matt\Documents\Microchip\i2ceth\CustomHTTPApp.c
          HTTPPostWebConf   0x009fd2    program     static C:\Users\Matt\Documents\Microchip\i2ceth\CustomHTTPApp.c
                HTTPPrint   0x005e98    program     extern C:\Users\Matt\Documents\Microchip\i2ceth\HTTPPrint.h
              HTTPPrintIP   0x00b29a    program     extern C:\Users\Matt\Documents\Microchip\i2ceth\CustomHTTPApp.c
               HTTPPrint_   0x006506    program     extern C:\Users\Matt\Documents\Microchip\i2ceth\HTTPPrint.h
    HTTPPrint_BTCommTimer   0x00ae36    program     extern C:\Users\Matt\Documents\Microchip\i2ceth\CustomHTTPApp.c
      HTTPPrint_BTNic_CGI   0x00a7a0    program     extern C:\Users\Matt\Documents\Microchip\i2ceth\CustomHTTPApp.c
HTTPPrint_BTRequestBuffer   0x00b192    program     extern C:\Users\Matt\Documents\Microchip\i2ceth\CustomHTTPApp.c
   HTTPPrint_BTRequestLen   0x00b014    program     extern C:\Users\Matt\Documents\Microchip\i2ceth\CustomHTTPApp.c
HTTPPrint_BTResponseBuffer   0x00b08a    program     extern C:\Users\Matt\Documents\Microchip\i2ceth\CustomHTTPApp.c
  HTTPPrint_BTResponseLen   0x00af9e    program     extern C:\Users\Matt\Documents\Microchip\i2ceth\CustomHTTPApp.c
        HTTPPrint_BTState   0x00a5c8    program     extern C:\Users\Matt\Documents\Microchip\i2ceth\CustomHTTPApp.c
          HTTPPrint_BTVer   0x00a592    program     extern C:\Users\Matt\Documents\Microchip\i2ceth\CustomHTTPApp.c
    HTTPPrint_FLASHSTATUS   0x00be60    program     extern C:\Users\Matt\Documents\Microchip\i2ceth\CustomHTTPApp.c
        HTTPPrint_MEMDUMP   0x00ba0c    program     extern C:\Users\Matt\Documents\Microchip\i2ceth\CustomHTTPApp.c
   HTTPPrint_SSP1CON1_CKP   0x00a9f2    program     extern C:\Users\Matt\Documents\Microchip\i2ceth\CustomHTTPApp.c
 HTTPPrint_SSP1CON1_SSPEN   0x00a9be    program     extern C:\Users\Matt\Documents\Microchip\i2ceth\CustomHTTPApp.c
 HTTPPrint_SSP1CON1_SSPM0   0x00aac2    program     extern C:\Users\Matt\Documents\Microchip\i2ceth\CustomHTTPApp.c
 HTTPPrint_SSP1CON1_SSPM1   0x00aa8e    program     extern C:\Users\Matt\Documents\Microchip\i2ceth\CustomHTTPApp.c
 HTTPPrint_SSP1CON1_SSPM2   0x00aa5a    program     extern C:\Users\Matt\Documents\Microchip\i2ceth\CustomHTTPApp.c
 HTTPPrint_SSP1CON1_SSPM3   0x00aa26    program     extern C:\Users\Matt\Documents\Microchip\i2ceth\CustomHTTPApp.c
 HTTPPrint_SSP1CON1_SSPOV   0x00a98a    program     extern C:\Users\Matt\Documents\Microchip\i2ceth\CustomHTTPApp.c
  HTTPPrint_SSP1CON1_WCOL   0x00a956    program     extern C:\Users\Matt\Documents\Microchip\i2ceth\CustomHTTPApp.c
HTTPPrint_SSP1CON2_ACKSTAT   0x00ab2a    program     extern C:\Users\Matt\Documents\Microchip\i2ceth\CustomHTTPApp.c
HTTPPrint_SSP1CON2_ADMSK1   0x00ac2e    program     extern C:\Users\Matt\Documents\Microchip\i2ceth\CustomHTTPApp.c
HTTPPrint_SSP1CON2_ADMSK2   0x00abfa    program     extern C:\Users\Matt\Documents\Microchip\i2ceth\CustomHTTPApp.c
HTTPPrint_SSP1CON2_ADMSK3   0x00abc6    program     extern C:\Users\Matt\Documents\Microchip\i2ceth\CustomHTTPApp.c
HTTPPrint_SSP1CON2_ADMSK4   0x00ab92    program     extern C:\Users\Matt\Documents\Microchip\i2ceth\CustomHTTPApp.c
HTTPPrint_SSP1CON2_ADMSK5   0x00ab5e    program     extern C:\Users\Matt\Documents\Microchip\i2ceth\CustomHTTPApp.c
  HTTPPrint_SSP1CON2_GCEN   0x00aaf6    program     extern C:\Users\Matt\Documents\Microchip\i2ceth\CustomHTTPApp.c
   HTTPPrint_SSP1CON2_SEN   0x00ac62    program     extern C:\Users\Matt\Documents\Microchip\i2ceth\CustomHTTPApp.c
    HTTPPrint_SSP1STAT_BF   0x00ad9a    program     extern C:\Users\Matt\Documents\Microchip\i2ceth\CustomHTTPApp.c
   HTTPPrint_SSP1STAT_CKE   0x00acca    program     extern C:\Users\Matt\Documents\Microchip\i2ceth\CustomHTTPApp.c
    HTTPPrint_SSP1STAT_DA   0x00adce    program     extern C:\Users\Matt\Documents\Microchip\i2ceth\CustomHTTPApp.c
     HTTPPrint_SSP1STAT_P   0x00acfe    program     extern C:\Users\Matt\Documents\Microchip\i2ceth\CustomHTTPApp.c
    HTTPPrint_SSP1STAT_RW   0x00ae02    program     extern C:\Users\Matt\Documents\Microchip\i2ceth\CustomHTTPApp.c
     HTTPPrint_SSP1STAT_S   0x00ad32    program     extern C:\Users\Matt\Documents\Microchip\i2ceth\CustomHTTPApp.c
   HTTPPrint_SSP1STAT_SMP   0x00ac96    program     extern C:\Users\Matt\Documents\Microchip\i2ceth\CustomHTTPApp.c
    HTTPPrint_SSP1STAT_UA   0x00ad66    program     extern C:\Users\Matt\Documents\Microchip\i2ceth\CustomHTTPApp.c
        HTTPPrint_TickGet   0x00aeea    program     extern C:\Users\Matt\Documents\Microchip\i2ceth\CustomHTTPApp.c
HTTPPrint_config_dhcpchecked   0x00b394    program     extern C:\Users\Matt\Documents\Microchip\i2ceth\CustomHTTPApp.c
    HTTPPrint_config_dns1   0x00b42c    program     extern C:\Users\Matt\Documents\Microchip\i2ceth\CustomHTTPApp.c
    HTTPPrint_config_dns2   0x00b44a    program     extern C:\Users\Matt\Documents\Microchip\i2ceth\CustomHTTPApp.c
      HTTPPrint_config_gw   0x00b3f0    program     extern C:\Users\Matt\Documents\Microchip\i2ceth\CustomHTTPApp.c
HTTPPrint_config_hostname   0x00b362    program     extern C:\Users\Matt\Documents\Microchip\i2ceth\CustomHTTPApp.c
HTTPPrint_config_httpPort   0x00bed6    program     extern C:\Users\Matt\Documents\Microchip\i2ceth\CustomHTTPApp.c
HTTPPrint_config_httpsPort   0x00bf40    program     extern C:\Users\Matt\Documents\Microchip\i2ceth\CustomHTTPApp.c
      HTTPPrint_config_ip   0x00b3d2    program     extern C:\Users\Matt\Documents\Microchip\i2ceth\CustomHTTPApp.c
     HTTPPrint_config_mac   0x00b468    program     extern C:\Users\Matt\Documents\Microchip\i2ceth\CustomHTTPApp.c
    HTTPPrint_config_pass   0x00c01a    program     extern C:\Users\Matt\Documents\Microchip\i2ceth\CustomHTTPApp.c
 HTTPPrint_config_reqauth   0x00c04c    program     extern C:\Users\Matt\Documents\Microchip\i2ceth\CustomHTTPApp.c
HTTPPrint_config_reqhttps   0x00bfaa    program     extern C:\Users\Matt\Documents\Microchip\i2ceth\CustomHTTPApp.c
HTTPPrint_config_stateTimeBuffering   0x00b5f8    program     extern C:\Users\Matt\Documents\Microchip\i2ceth\CustomHTTPApp.c
HTTPPrint_config_stateTimeIdle   0x00b57a    program     extern C:\Users\Matt\Documents\Microchip\i2ceth\CustomHTTPApp.c
HTTPPrint_config_stateTimeMsg   0x00b86e    program     extern C:\Users\Matt\Documents\Microchip\i2ceth\CustomHTTPApp.c
HTTPPrint_config_stateTimeRX   0x00b7f0    program     extern C:\Users\Matt\Documents\Microchip\i2ceth\CustomHTTPApp.c
HTTPPrint_config_stateTimeTX   0x00b6f4    program     extern C:\Users\Matt\Documents\Microchip\i2ceth\CustomHTTPApp.c
HTTPPrint_config_stateTimeTXReady   0x00b676    program     extern C:\Users\Matt\Documents\Microchip\i2ceth\CustomHTTPApp.c
HTTPPrint_config_stateTimeWait   0x00b772    program     extern C:\Users\Matt\Documents\Microchip\i2ceth\CustomHTTPApp.c
  HTTPPrint_config_subnet   0x00b40e    program     extern C:\Users\Matt\Documents\Microchip\i2ceth\CustomHTTPApp.c
    HTTPPrint_config_user   0x00bfe8    program     extern C:\Users\Matt\Documents\Microchip\i2ceth\CustomHTTPApp.c
         HTTPPrint_reboot   0x00b8ec    program     extern C:\Users\Matt\Documents\Microchip\i2ceth\CustomHTTPApp.c
     HTTPPrint_rebootaddr   0x00b8f0    program     extern C:\Users\Matt\Documents\Microchip\i2ceth\CustomHTTPApp.c
    HTTPPrint_status_fail   0x00b996    program     extern C:\Users\Matt\Documents\Microchip\i2ceth\CustomHTTPApp.c
      HTTPPrint_status_ok   0x00b920    program     extern C:\Users\Matt\Documents\Microchip\i2ceth\CustomHTTPApp.c
              HTTPProcess   0x00683c    program     static C:\Users\Matt\Documents\Microchip\i2ceth\TCPIP Stack\HTTP2.c
         HTTPReadPostName   0x008ae0    program     extern C:\Users\Matt\Documents\Microchip\i2ceth\TCPIP Stack\HTTP2.c
        HTTPReadPostValue   0x008b54    program     extern C:\Users\Matt\Documents\Microchip\i2ceth\TCPIP Stack\HTTP2.c
               HTTPReadTo   0x008c3e    program     static C:\Users\Matt\Documents\Microchip\i2ceth\TCPIP Stack\HTTP2.c
       HTTPRequestHeaders   0x017c7b    program     static C:\Users\Matt\Documents\Microchip\i2ceth\TCPIP Stack\HTTP2.c
      HTTPResponseHeaders   0x017c51    program     static C:\Users\Matt\Documents\Microchip\i2ceth\TCPIP Stack\HTTP2.c
             HTTPSendFile   0x00809a    program     static C:\Users\Matt\Documents\Microchip\i2ceth\TCPIP Stack\HTTP2.c
               HTTPServer   0x00661e    program     extern C:\Users\Matt\Documents\Microchip\i2ceth\TCPIP Stack\HTTP2.c
            HTTPURLDecode   0x0086b2    program     extern C:\Users\Matt\Documents\Microchip\i2ceth\TCPIP Stack\HTTP2.c
                HTTP_CRLF   0x017c00    program     static C:\Users\Matt\Documents\Microchip\i2ceth\TCPIP Stack\HTTP2.c
             HandleTCPSeg   0x0043fe    program     static C:\Users\Matt\Documents\Microchip\i2ceth\TCPIP Stack\TCP.c
                  HighISR   0x01465a    program     extern C:\Users\Matt\Documents\Microchip\i2ceth\Main.c
               HighVector   0x000008    program     extern C:\Users\Matt\Documents\Microchip\i2ceth\Main.c
              ICMPProcess   0x017848    program     extern C:\Users\Matt\Documents\Microchip\i2ceth\TCPIP Stack\ICMP.c
              IPGetHeader   0x0160d6    program     extern C:\Users\Matt\Documents\Microchip\i2ceth\TCPIP Stack\IP.c
              IPPutHeader   0x01624a    program     extern C:\Users\Matt\Documents\Microchip\i2ceth\TCPIP Stack\IP.c
            IPSetRxBuffer   0x0163ae    program     extern C:\Users\Matt\Documents\Microchip\i2ceth\TCPIP Stack\IP.c
            InitAppConfig   0x0148a8    program     static C:\Users\Matt\Documents\Microchip\i2ceth\Main.c
         InitWebSrvConfig   0x014a94    program     static C:\Users\Matt\Documents\Microchip\i2ceth\Main.c
          InitializeBoard   0x01486c    program     static C:\Users\Matt\Documents\Microchip\i2ceth\Main.c
                 LFSRRand   0x00f094    program     extern C:\Users\Matt\Documents\Microchip\i2ceth\TCPIP Stack\Helpers.c
             LFSRSeedRand   0x00efdc    program     extern C:\Users\Matt\Documents\Microchip\i2ceth\TCPIP Stack\Helpers.c
                   LowISR   0x0145a0    program     extern C:\Users\Matt\Documents\Microchip\i2ceth\Main.c
                LowVector   0x000018    program     extern C:\Users\Matt\Documents\Microchip\i2ceth\Main.c
        MACCalcRxChecksum   0x011a92    program     extern C:\Users\Matt\Documents\Microchip\i2ceth\TCPIP Stack\ETH97J60.c
             MACDiscardRx   0x0115b6    program     extern C:\Users\Matt\Documents\Microchip\i2ceth\TCPIP Stack\ETH97J60.c
                 MACFlush   0x011950    program     extern C:\Users\Matt\Documents\Microchip\i2ceth\TCPIP Stack\ETH97J60.c
                   MACGet   0x011fd6    program     extern C:\Users\Matt\Documents\Microchip\i2ceth\TCPIP Stack\ETH97J60.c
              MACGetArray   0x011fdc    program     extern C:\Users\Matt\Documents\Microchip\i2ceth\TCPIP Stack\ETH97J60.c
         MACGetFreeRxSize   0x011646    program     extern C:\Users\Matt\Documents\Microchip\i2ceth\TCPIP Stack\ETH97J60.c
             MACGetHeader   0x01173e    program     extern C:\Users\Matt\Documents\Microchip\i2ceth\TCPIP Stack\ETH97J60.c
                  MACInit   0x011450    program     extern C:\Users\Matt\Documents\Microchip\i2ceth\TCPIP Stack\ETH97J60.c
              MACIsLinked   0x01155c    program     extern C:\Users\Matt\Documents\Microchip\i2ceth\TCPIP Stack\ETH97J60.c
         MACIsMemCopyDone   0x011fc8    program     extern C:\Users\Matt\Documents\Microchip\i2ceth\TCPIP Stack\ETH97J60.c
             MACIsTxReady   0x01157c    program     extern C:\Users\Matt\Documents\Microchip\i2ceth\TCPIP Stack\ETH97J60.c
          MACMemCopyAsync   0x011d58    program     extern C:\Users\Matt\Documents\Microchip\i2ceth\TCPIP Stack\ETH97J60.c
             MACPowerDown   0x0121ce    program     extern C:\Users\Matt\Documents\Microchip\i2ceth\TCPIP Stack\ETH97J60.c
               MACPowerUp   0x0121e0    program     extern C:\Users\Matt\Documents\Microchip\i2ceth\TCPIP Stack\ETH97J60.c
                   MACPut   0x01207c    program     extern C:\Users\Matt\Documents\Microchip\i2ceth\TCPIP Stack\ETH97J60.c
              MACPutArray   0x012096    program     extern C:\Users\Matt\Documents\Microchip\i2ceth\TCPIP Stack\ETH97J60.c
             MACPutHeader   0x0118ca    program     extern C:\Users\Matt\Documents\Microchip\i2ceth\TCPIP Stack\ETH97J60.c
           MACPutROMArray   0x0120da    program     extern C:\Users\Matt\Documents\Microchip\i2ceth\TCPIP Stack\ETH97J60.c
            MACSetReadPtr   0x011a4c    program     extern C:\Users\Matt\Documents\Microchip\i2ceth\TCPIP Stack\ETH97J60.c
        MACSetReadPtrInRx   0x011986    program     extern C:\Users\Matt\Documents\Microchip\i2ceth\TCPIP Stack\ETH97J60.c
           MACSetWritePtr   0x011a06    program     extern C:\Users\Matt\Documents\Microchip\i2ceth\TCPIP Stack\ETH97J60.c
                MPFSClose   0x00c8f6    program     extern C:\Users\Matt\Documents\Microchip\i2ceth\TCPIP Stack\MPFS2.c
               MPFSFormat   0x00d238    program     extern C:\Users\Matt\Documents\Microchip\i2ceth\TCPIP Stack\MPFS2.c
                  MPFSGet   0x00c94a    program     extern C:\Users\Matt\Documents\Microchip\i2ceth\TCPIP Stack\MPFS2.c
             MPFSGetArray   0x00caec    program     extern C:\Users\Matt\Documents\Microchip\i2ceth\TCPIP Stack\MPFS2.c
          MPFSGetBytesRem   0x00d678    program     extern C:\Users\Matt\Documents\Microchip\i2ceth\TCPIP Stack\MPFS2.c
           MPFSGetEndAddr   0x00d7da    program     extern C:\Users\Matt\Documents\Microchip\i2ceth\TCPIP Stack\MPFS2.c
          MPFSGetFilename   0x00d8ac    program     extern C:\Users\Matt\Documents\Microchip\i2ceth\TCPIP Stack\MPFS2.c
             MPFSGetFlags   0x00d528    program     extern C:\Users\Matt\Documents\Microchip\i2ceth\TCPIP Stack\MPFS2.c
                MPFSGetID   0x00da44    program     extern C:\Users\Matt\Documents\Microchip\i2ceth\TCPIP Stack\MPFS2.c
              MPFSGetLong   0x00cd5c    program     extern C:\Users\Matt\Documents\Microchip\i2ceth\TCPIP Stack\MPFS2.c
         MPFSGetMicrotime   0x00d478    program     extern C:\Users\Matt\Documents\Microchip\i2ceth\TCPIP Stack\MPFS2.c
          MPFSGetPosition   0x00d9b2    program     extern C:\Users\Matt\Documents\Microchip\i2ceth\TCPIP Stack\MPFS2.c
              MPFSGetSize   0x00d5c8    program     extern C:\Users\Matt\Documents\Microchip\i2ceth\TCPIP Stack\MPFS2.c
         MPFSGetStartAddr   0x00d72a    program     extern C:\Users\Matt\Documents\Microchip\i2ceth\TCPIP Stack\MPFS2.c
         MPFSGetTimestamp   0x00d3c8    program     extern C:\Users\Matt\Documents\Microchip\i2ceth\TCPIP Stack\MPFS2.c
                 MPFSInit   0x00c08a    program     extern C:\Users\Matt\Documents\Microchip\i2ceth\TCPIP Stack\MPFS2.c
                 MPFSOpen   0x00c0ec    program     extern C:\Users\Matt\Documents\Microchip\i2ceth\TCPIP Stack\MPFS2.c
               MPFSOpenID   0x00c7be    program     extern C:\Users\Matt\Documents\Microchip\i2ceth\TCPIP Stack\MPFS2.c
              MPFSOpenROM   0x00c432    program     extern C:\Users\Matt\Documents\Microchip\i2ceth\TCPIP Stack\MPFS2.c
             MPFSPutArray   0x00d2aa    program     extern C:\Users\Matt\Documents\Microchip\i2ceth\TCPIP Stack\MPFS2.c
               MPFSPutEnd   0x00d2f4    program     extern C:\Users\Matt\Documents\Microchip\i2ceth\TCPIP Stack\MPFS2.c
                 MPFSSeek   0x00cda8    program     extern C:\Users\Matt\Documents\Microchip\i2ceth\TCPIP Stack\MPFS2.c
                  OneByte   0x015b4a    program     static C:\MCC18\src\traditional\stdclib\itobcd.asm
                  OneByte   0x015cc4    program     static C:\MCC18\src\traditional\stdclib\ltobcd.asm
                OpenSWSPI   0x017f46    program     extern C:\Users\Matt\Documents\Microchip\i2ceth\opensspi.c
                ProcLower   0x015afe    program     static C:\MCC18\src\traditional\stdclib\itoa.asm
                ProcLower   0x015c5c    program     static C:\MCC18\src\traditional\stdclib\ultoa.asm
                ProcUpper   0x015af4    program     static C:\MCC18\src\traditional\stdclib\itoa.asm
                ProcUpper   0x015c52    program     static C:\MCC18\src\traditional\stdclib\ultoa.asm
     ROMStringToIPAddress   0x00f5ac    program     extern C:\Users\Matt\Documents\Microchip\i2ceth\TCPIP Stack\Helpers.c
               ReadPHYReg   0x012130    program     extern C:\Users\Matt\Documents\Microchip\i2ceth\TCPIP Stack\ETH97J60.c
               RebootTask   0x0176fc    program     extern C:\Users\Matt\Documents\Microchip\i2ceth\TCPIP Stack\Reboot.c
               SNTPClient   0x015cd6    program     extern C:\Users\Matt\Documents\Microchip\i2ceth\TCPIP Stack\SNTP.c
        SNTPGetUTCSeconds   0x015fd8    program     extern C:\Users\Matt\Documents\Microchip\i2ceth\TCPIP Stack\SNTP.c
       SPIFlashBeginWrite   0x016562    program     extern C:\Users\Matt\Documents\Microchip\i2ceth\TCPIP Stack\SPIFlash.c
      SPIFlashEraseSector   0x016722    program     extern C:\Users\Matt\Documents\Microchip\i2ceth\TCPIP Stack\SPIFlash.c
             SPIFlashInit   0x0164d0    program     extern C:\Users\Matt\Documents\Microchip\i2ceth\TCPIP Stack\SPIFlash.c
             SPIFlashRDSR   0x016778    program     extern C:\Users\Matt\Documents\Microchip\i2ceth\TCPIP Stack\SPIFlash.c
        SPIFlashReadArray   0x0164da    program     extern C:\Users\Matt\Documents\Microchip\i2ceth\TCPIP Stack\SPIFlash.c
            SPIFlashWrite   0x01658a    program     extern C:\Users\Matt\Documents\Microchip\i2ceth\TCPIP Stack\SPIFlash.c
       SPIFlashWriteArray   0x0165d8    program     extern C:\Users\Matt\Documents\Microchip\i2ceth\TCPIP Stack\SPIFlash.c
            SaveAppConfig   0x014c64    program     extern C:\Users\Matt\Documents\Microchip\i2ceth\Main.c
         SaveWebSrvConfig   0x014d06    program     extern C:\Users\Matt\Documents\Microchip\i2ceth\Main.c
                  SendTCP   0x003206    program     static C:\Users\Matt\Documents\Microchip\i2ceth\TCPIP Stack\TCP.c
               SetCSSWSPI   0x00000e    program     extern C:\Users\Matt\Documents\Microchip\i2ceth\setcsspi.c
        StackApplications   0x016e52    program     extern C:\Users\Matt\Documents\Microchip\i2ceth\TCPIP Stack\StackTsk.c
                StackInit   0x016b9c    program     extern C:\Users\Matt\Documents\Microchip\i2ceth\TCPIP Stack\StackTsk.c
                StackTask   0x016c0c    program     extern C:\Users\Matt\Documents\Microchip\i2ceth\TCPIP Stack\StackTsk.c
        StringToIPAddress   0x00f350    program     extern C:\Users\Matt\Documents\Microchip\i2ceth\TCPIP Stack\Helpers.c
            SwapARPPacket   0x01533e    program     extern C:\Users\Matt\Documents\Microchip\i2ceth\TCPIP Stack\ARP.c
             SwapIPHeader   0x0163e8    program     static C:\Users\Matt\Documents\Microchip\i2ceth\TCPIP Stack\IP.c
            SwapTCPHeader   0x003fd4    program     static C:\Users\Matt\Documents\Microchip\i2ceth\TCPIP Stack\TCP.c
                  SyncTCB   0x000172    program     static C:\Users\Matt\Documents\Microchip\i2ceth\TCPIP Stack\TCP.c
              SyncTCBStub   0x0000d4    program     static C:\Users\Matt\Documents\Microchip\i2ceth\TCPIP Stack\TCP.c
        TCPAdjustFIFOSize   0x00588a    program     extern C:\Users\Matt\Documents\Microchip\i2ceth\TCPIP Stack\TCP.c
                 TCPClose   0x0008a8    program     extern C:\Users\Matt\Documents\Microchip\i2ceth\TCPIP Stack\TCP.c
               TCPDiscard   0x001224    program     extern C:\Users\Matt\Documents\Microchip\i2ceth\TCPIP Stack\TCP.c
            TCPDisconnect   0x0007ba    program     extern C:\Users\Matt\Documents\Microchip\i2ceth\TCPIP Stack\TCP.c
           TCPFindArrayEx   0x001952    program     extern C:\Users\Matt\Documents\Microchip\i2ceth\TCPIP Stack\TCP.c
                TCPFindEx   0x00260e    program     extern C:\Users\Matt\Documents\Microchip\i2ceth\TCPIP Stack\TCP.c
        TCPFindROMArrayEx   0x001f80    program     extern C:\Users\Matt\Documents\Microchip\i2ceth\TCPIP Stack\TCP.c
                 TCPFlush   0x000958    program     extern C:\Users\Matt\Documents\Microchip\i2ceth\TCPIP Stack\TCP.c
                   TCPGet   0x0012fe    program     extern C:\Users\Matt\Documents\Microchip\i2ceth\TCPIP Stack\TCP.c
              TCPGetArray   0x0013ee    program     extern C:\Users\Matt\Documents\Microchip\i2ceth\TCPIP Stack\TCP.c
         TCPGetRemoteInfo   0x0008e6    program     extern C:\Users\Matt\Documents\Microchip\i2ceth\TCPIP Stack\TCP.c
         TCPGetRxFIFOFree   0x00163a    program     extern C:\Users\Matt\Documents\Microchip\i2ceth\TCPIP Stack\TCP.c
         TCPGetTxFIFOFull   0x00118a    program     extern C:\Users\Matt\Documents\Microchip\i2ceth\TCPIP Stack\TCP.c
                  TCPInit   0x00022a    program     extern C:\Users\Matt\Documents\Microchip\i2ceth\TCPIP Stack\TCP.c
           TCPIsConnected   0x00077a    program     extern C:\Users\Matt\Documents\Microchip\i2ceth\TCPIP Stack\TCP.c
            TCPIsGetReady   0x001270    program     extern C:\Users\Matt\Documents\Microchip\i2ceth\TCPIP Stack\TCP.c
            TCPIsPutReady   0x0009aa    program     extern C:\Users\Matt\Documents\Microchip\i2ceth\TCPIP Stack\TCP.c
                  TCPOpen   0x000534    program     extern C:\Users\Matt\Documents\Microchip\i2ceth\TCPIP Stack\TCP.c
                  TCPPeek   0x001910    program     extern C:\Users\Matt\Documents\Microchip\i2ceth\TCPIP Stack\TCP.c
             TCPPeekArray   0x0016cc    program     extern C:\Users\Matt\Documents\Microchip\i2ceth\TCPIP Stack\TCP.c
               TCPProcess   0x002ff8    program     extern C:\Users\Matt\Documents\Microchip\i2ceth\TCPIP Stack\TCP.c
                   TCPPut   0x000a56    program     extern C:\Users\Matt\Documents\Microchip\i2ceth\TCPIP Stack\TCP.c
              TCPPutArray   0x000baa    program     extern C:\Users\Matt\Documents\Microchip\i2ceth\TCPIP Stack\TCP.c
           TCPPutROMArray   0x000e08    program     extern C:\Users\Matt\Documents\Microchip\i2ceth\TCPIP Stack\TCP.c
          TCPPutROMString   0x0010f6    program     extern C:\Users\Matt\Documents\Microchip\i2ceth\TCPIP Stack\TCP.c
             TCPPutString   0x001070    program     extern C:\Users\Matt\Documents\Microchip\i2ceth\TCPIP Stack\TCP.c
               TCPRAMCopy   0x005bca    program     static C:\Users\Matt\Documents\Microchip\i2ceth\TCPIP Stack\TCP.c
            TCPRAMCopyROM   0x005d14    program     static C:\Users\Matt\Documents\Microchip\i2ceth\TCPIP Stack\TCP.c
     TCPSocketInitializer   0x017f22    program     extern C:\Users\Matt\Documents\Microchip\i2ceth\TCPIPConfig.h
                  TCPTick   0x002662    program     extern C:\Users\Matt\Documents\Microchip\i2ceth\TCPIP Stack\TCP.c
              TCPWasReset   0x00073a    program     extern C:\Users\Matt\Documents\Microchip\i2ceth\TCPIP Stack\TCP.c
               TSIGN1616A   0x017aa8    program     static C:\MCC18\src\traditional\math\fxm1616s.asm
TickConvertToMilliseconds   0x0176a4    program     extern C:\Users\Matt\Documents\Microchip\i2ceth\TCPIP Stack\Tick.c
                  TickGet   0x0175ba    program     extern C:\Users\Matt\Documents\Microchip\i2ceth\TCPIP Stack\Tick.c
            TickGetDiv256   0x017608    program     extern C:\Users\Matt\Documents\Microchip\i2ceth\TCPIP Stack\Tick.c
            TickGetDiv64K   0x017656    program     extern C:\Users\Matt\Documents\Microchip\i2ceth\TCPIP Stack\Tick.c
                 TickInit   0x017584    program     extern C:\Users\Matt\Documents\Microchip\i2ceth\TCPIP Stack\Tick.c
               TickUpdate   0x0176e8    program     extern C:\Users\Matt\Documents\Microchip\i2ceth\TCPIP Stack\Tick.c
                 TstLower   0x015c46    program     static C:\MCC18\src\traditional\stdclib\ultoa.asm
                 TstLower   0x015ae8    program     static C:\MCC18\src\traditional\stdclib\itoa.asm
                 TstUpper   0x015c40    program     static C:\MCC18\src\traditional\stdclib\ultoa.asm
                 TstUpper   0x015ae2    program     static C:\MCC18\src\traditional\stdclib\itoa.asm
                 UDPClose   0x00e294    program     extern C:\Users\Matt\Documents\Microchip\i2ceth\TCPIP Stack\UDP.c
               UDPDiscard   0x00eba6    program     extern C:\Users\Matt\Documents\Microchip\i2ceth\TCPIP Stack\UDP.c
                 UDPFlush   0x00e790    program     extern C:\Users\Matt\Documents\Microchip\i2ceth\TCPIP Stack\UDP.c
                   UDPGet   0x00ea7c    program     extern C:\Users\Matt\Documents\Microchip\i2ceth\TCPIP Stack\UDP.c
              UDPGetArray   0x00eac8    program     extern C:\Users\Matt\Documents\Microchip\i2ceth\TCPIP Stack\UDP.c
                  UDPInit   0x00db0a    program     extern C:\Users\Matt\Documents\Microchip\i2ceth\TCPIP Stack\UDP.c
            UDPIsGetReady   0x00ea2c    program     extern C:\Users\Matt\Documents\Microchip\i2ceth\TCPIP Stack\UDP.c
              UDPIsOpened   0x00e258    program     extern C:\Users\Matt\Documents\Microchip\i2ceth\TCPIP Stack\UDP.c
            UDPIsPutReady   0x00e3c8    program     extern C:\Users\Matt\Documents\Microchip\i2ceth\TCPIP Stack\UDP.c
                UDPOpenEx   0x00db36    program     extern C:\Users\Matt\Documents\Microchip\i2ceth\TCPIP Stack\UDP.c
               UDPProcess   0x00ebc0    program     extern C:\Users\Matt\Documents\Microchip\i2ceth\TCPIP Stack\UDP.c
                   UDPPut   0x00e448    program     extern C:\Users\Matt\Documents\Microchip\i2ceth\TCPIP Stack\UDP.c
              UDPPutArray   0x00e4a4    program     extern C:\Users\Matt\Documents\Microchip\i2ceth\TCPIP Stack\UDP.c
           UDPPutROMArray   0x00e590    program     extern C:\Users\Matt\Documents\Microchip\i2ceth\TCPIP Stack\UDP.c
          UDPPutROMString   0x00e702    program     extern C:\Users\Matt\Documents\Microchip\i2ceth\TCPIP Stack\UDP.c
             UDPPutString   0x00e682    program     extern C:\Users\Matt\Documents\Microchip\i2ceth\TCPIP Stack\UDP.c
           UDPSetRxBuffer   0x00e384    program     extern C:\Users\Matt\Documents\Microchip\i2ceth\TCPIP Stack\UDP.c
           UDPSetTxBuffer   0x00e318    program     extern C:\Users\Matt\Documents\Microchip\i2ceth\TCPIP Stack\UDP.c
                  UDPTask   0x00de1e    program     extern C:\Users\Matt\Documents\Microchip\i2ceth\TCPIP Stack\UDP.c
              WritePHYReg   0x01218a    program     extern C:\Users\Matt\Documents\Microchip\i2ceth\TCPIP Stack\ETH97J60.c
               WriteSWSPI   0x017d78    program     extern C:\Users\Matt\Documents\Microchip\i2ceth\wrtsspi.c
                  _14jEnd   0x0159f0    program     static C:\MCC18\src\traditional\stdclib\atol.asm
              _2jContinue   0x0169bc    program     static C:\MCC18\src\traditional\stdclib\memset.asm
                   _2jEnd   0x016b00    program     static C:\MCC18\src\traditional\stdclib\slenpgm.asm
              _3jContinue   0x0168ec    program     static C:\MCC18\src\traditional\stdclib\mcmpp2r.asm
              _3jContinue   0x016988    program     static C:\MCC18\src\traditional\stdclib\mcpyp2r.asm
                   _3jEnd   0x0169c6    program     static C:\MCC18\src\traditional\stdclib\memset.asm
              _4jContinue   0x016934    program     static C:\MCC18\src\traditional\stdclib\memcpy.asm
              _4jContinue   0x016b4a    program     static C:\MCC18\src\traditional\stdclib\strncpy.asm
                   _4jEnd   0x0168f6    program     static C:\MCC18\src\traditional\stdclib\mcmpp2r.asm
                   _4jEnd   0x016992    program     static C:\MCC18\src\traditional\stdclib\mcpyp2r.asm
                   _5jEnd   0x01693e    program     static C:\MCC18\src\traditional\stdclib\memcpy.asm
                   _5jEnd   0x016b54    program     static C:\MCC18\src\traditional\stdclib\strncpy.asm
       _D10KTCYXCODE_0010   0x017e30    program     static C:\MCC18\src\traditional\delays\d10ktcyx.asm
       _D10KTCYXCODE_001C   0x017e3c    program     static C:\MCC18\src\traditional\delays\d10ktcyx.asm
        _D1KTCYXCODE_0010   0x017eda    program     static C:\MCC18\src\traditional\delays\d1ktcyx.asm
        _D1KTCYXCODE_0016   0x017ee0    program     static C:\MCC18\src\traditional\delays\d1ktcyx.asm
             _DHCPReceive   0x010c90    program     static C:\Users\Matt\Documents\Microchip\i2ceth\TCPIP Stack\DHCP.c
                _DHCPSend   0x0111a0    program     static C:\Users\Matt\Documents\Microchip\i2ceth\TCPIP Stack\DHCP.c
           _LoadFATRecord   0x00d310    program     static C:\Users\Matt\Documents\Microchip\i2ceth\TCPIP Stack\MPFS2.c
            _SPIFlashAddr   0x0167dc    program     static C:\Users\Matt\Documents\Microchip\i2ceth\TCPIP Stack\SPIFlash.c
            _SPIFlashBusy   0x016770    program     static C:\Users\Matt\Documents\Microchip\i2ceth\TCPIP Stack\SPIFlash.c
         _SPIFlashDisable   0x0168aa    program     static C:\Users\Matt\Documents\Microchip\i2ceth\TCPIP Stack\SPIFlash.c
            _SPIFlashEWSR   0x01688a    program     static C:\Users\Matt\Documents\Microchip\i2ceth\TCPIP Stack\SPIFlash.c
          _SPIFlashEnable   0x0168b6    program     static C:\Users\Matt\Documents\Microchip\i2ceth\TCPIP Stack\SPIFlash.c
            _SPIFlashWRDI   0x01689a    program     static C:\Users\Matt\Documents\Microchip\i2ceth\TCPIP Stack\SPIFlash.c
            _SPIFlashWREN   0x016872    program     static C:\Users\Matt\Documents\Microchip\i2ceth\TCPIP Stack\SPIFlash.c
            _SPIFlashWRSR   0x0167a8    program     static C:\Users\Matt\Documents\Microchip\i2ceth\TCPIP Stack\SPIFlash.c
                _Validate   0x00da84    program     static C:\Users\Matt\Documents\Microchip\i2ceth\TCPIP Stack\MPFS2.c
           ___do_lbl00002   0x0175b2    program     static                          
           ___do_lbl00002   0x017dc4    program     static                          
           ___do_lbl00003   0x0175b6    program     static                          
           ___do_lbl00003   0x017dc8    program     static                          
           ___do_lbl00004   0x017594    program     static                          
           ___do_lbl00006   0x017d98    program     static                          
          ___for_lbl00128   0x010072    program     static                          
          ___for_lbl00129   0x010078    program     static                          
          ___for_lbl00130   0x010054    program     static                          
          ___for_lbl00131   0x01008c    program     static                          
          ___for_lbl00132   0x010090    program     static                          
          ___for_lbl00133   0x010078    program     static                          
           ___if_lbl00001   0x017d94    program     static                          
           ___if_lbl00001   0x017736    program     static                          
           ___if_lbl00002   0x017740    program     static                          
           ___if_lbl00003   0x01775a    program     static                          
           ___if_lbl00004   0x017d9e    program     static                          
           ___if_lbl00004   0x0177ca    program     static                          
           ___if_lbl00005   0x017dc2    program     static                          
           ___if_lbl00010   0x0147da    program     static                          
           ___if_lbl00011   0x0147dc    program     static                          
           ___if_lbl00014   0x014838    program     static                          
           ___if_lbl00014   0x00f23c    program     static                          
           ___if_lbl00015   0x00f25a    program     static                          
           ___if_lbl00016   0x00f2ec    program     static                          
           ___if_lbl00017   0x01484c    program     static                          
           ___if_lbl00017   0x00f2f2    program     static                          
           ___if_lbl00020   0x011754    program     static                          
           ___if_lbl00021   0x011764    program     static                          
           ___if_lbl00027   0x011832    program     static                          
           ___if_lbl00030   0x0118aa    program     static                          
       ___return_lbl00000   0x017e1e    program     static                          
       ___return_lbl00000   0x017e78    program     static                          
       ___return_lbl00000   0x017834    program     static                          
       ___return_lbl00000   0x011552    program     static                          
       ___return_lbl00000   0x000004    program     static                          
       ___return_lbl00000   0x017dce    program     static                          
       ___return_lbl00000   0x017d76    program     static                          
       ___return_lbl00001   0x017f04    program     static                          
       ___return_lbl00001   0x0175b8    program     static                          
       ___return_lbl00002   0x017bfe    program     static                          
       ___return_lbl00003   0x00001c    program     static                          
       ___return_lbl00004   0x00000c    program     static                          
       ___return_lbl00005   0x014858    program     static                          
       ___return_lbl00009   0x00f33c    program     static                          
       ___return_lbl00011   0x01735c    program     static                          
       ___return_lbl00012   0x017368    program     static                          
       ___return_lbl00019   0x017576    program     static                          
       ___return_lbl00019   0x0118b2    program     static                          
       ___return_lbl00020   0x017582    program     static                          
       ___return_lbl00036   0x0168b4    program     static                          
       ___return_lbl00037   0x0168c0    program     static                          
       ___return_lbl00079   0x01208e    program     static                          
       ___return_lbl00080   0x0120d2    program     static                          
       ___return_lbl00083   0x012128    program     static                          
       ___return_lbl00086   0x012176    program     static                          
       ___return_lbl00089   0x0121c4    program     static                          
       ___return_lbl00127   0x0100a2    program     static                          
       ___return_lbl00245   0x00b8ee    program     static                          
        ___while_lbl00001   0x011462    program     static                          
        ___while_lbl00002   0x011468    program     static                          
        ___while_lbl00006   0x014750    program     static                          
        ___while_lbl00007   0x0147dc    program     static                          
        ___while_lbl00008   0x0147d4    program     static                          
        ___while_lbl00009   0x0147d8    program     static                          
        ___while_lbl00010   0x00f196    program     static                          
        ___while_lbl00011   0x00f2f4    program     static                          
        ___while_lbl00012   0x0147ea    program     static                          
        ___while_lbl00012   0x00f19e    program     static                          
        ___while_lbl00013   0x00f1a2    program     static                          
        ___while_lbl00013   0x014858    program     static                          
        ___while_lbl00015   0x014844    program     static                          
        ___while_lbl00016   0x014848    program     static                          
        ___while_lbl00081   0x01209e    program     static                          
        ___while_lbl00082   0x0120d2    program     static                          
        ___while_lbl00084   0x0120e2    program     static                          
        ___while_lbl00085   0x012128    program     static                          
        ___while_lbl00087   0x01214c    program     static                          
        ___while_lbl00088   0x012152    program     static                          
        ___while_lbl00090   0x0121be    program     static                          
        ___while_lbl00091   0x0121c4    program     static                          
               __config_0   0x01fff8    program     static C:\Users\Matt\Documents\Microchip\i2ceth\Main.c
               __config_1   0x01fff9    program     static C:\Users\Matt\Documents\Microchip\i2ceth\Main.c
               __config_2   0x01fffa    program     static C:\Users\Matt\Documents\Microchip\i2ceth\Main.c
               __config_3   0x01fffb    program     static C:\Users\Matt\Documents\Microchip\i2ceth\Main.c
               __config_4   0x01fffd    program     static C:\Users\Matt\Documents\Microchip\i2ceth\Main.c
                   __init   0x000016    program     extern C:\MCC18\src\traditional\stdclib\__init.c
                   __pa_0   0x013878    program     static C:\MCC18\src\traditional\stdclib\vfprintf.c
                   __pa_1   0x013880    program     static C:\MCC18\src\traditional\stdclib\vfprintf.c
                  __pa_10   0x013934    program     static C:\MCC18\src\traditional\stdclib\vfprintf.c
                  __pa_11   0x013942    program     static C:\MCC18\src\traditional\stdclib\vfprintf.c
                  __pa_12   0x013958    program     static C:\MCC18\src\traditional\stdclib\vfprintf.c
                  __pa_13   0x013972    program     static C:\MCC18\src\traditional\stdclib\vfprintf.c
                  __pa_14   0x01398a    program     static C:\MCC18\src\traditional\stdclib\vfprintf.c
                  __pa_15   0x01399a    program     static C:\MCC18\src\traditional\stdclib\vfprintf.c
                  __pa_16   0x0139b0    program     static C:\MCC18\src\traditional\stdclib\vfprintf.c
                  __pa_17   0x0139c2    program     static C:\MCC18\src\traditional\stdclib\vfprintf.c
                  __pa_18   0x0139d4    program     static C:\MCC18\src\traditional\stdclib\vfprintf.c
                  __pa_19   0x0139de    program     static C:\MCC18\src\traditional\stdclib\vfprintf.c
                   __pa_2   0x01388a    program     static C:\MCC18\src\traditional\stdclib\vfprintf.c
                  __pa_20   0x0139ee    program     static C:\MCC18\src\traditional\stdclib\vfprintf.c
                  __pa_21   0x0139fe    program     static C:\MCC18\src\traditional\stdclib\vfprintf.c
                  __pa_22   0x013a0e    program     static C:\MCC18\src\traditional\stdclib\vfprintf.c
                  __pa_23   0x013a1a    program     static C:\MCC18\src\traditional\stdclib\vfprintf.c
                  __pa_24   0x013a28    program     static C:\MCC18\src\traditional\stdclib\vfprintf.c
                  __pa_25   0x013a30    program     static C:\MCC18\src\traditional\stdclib\vfprintf.c
                  __pa_26   0x013a3a    program     static C:\MCC18\src\traditional\stdclib\vfprintf.c
                  __pa_27   0x013a44    program     static C:\MCC18\src\traditional\stdclib\vfprintf.c
                  __pa_28   0x013a4c    program     static C:\MCC18\src\traditional\stdclib\vfprintf.c
                  __pa_29   0x013a5a    program     static C:\MCC18\src\traditional\stdclib\vfprintf.c
                   __pa_3   0x013894    program     static C:\MCC18\src\traditional\stdclib\vfprintf.c
                  __pa_30   0x013a76    program     static C:\MCC18\src\traditional\stdclib\vfprintf.c
                  __pa_31   0x013a90    program     static C:\MCC18\src\traditional\stdclib\vfprintf.c
                  __pa_32   0x013aaa    program     static C:\MCC18\src\traditional\stdclib\vfprintf.c
                  __pa_33   0x013ac2    program     static C:\MCC18\src\traditional\stdclib\vfprintf.c
                  __pa_34   0x013acc    program     static C:\MCC18\src\traditional\stdclib\vfprintf.c
                  __pa_35   0x013ada    program     static C:\MCC18\src\traditional\stdclib\vfprintf.c
                  __pa_36   0x013ae2    program     static C:\MCC18\src\traditional\stdclib\vfprintf.c
                  __pa_37   0x013aec    program     static C:\MCC18\src\traditional\stdclib\vfprintf.c
                  __pa_38   0x013afc    program     static C:\MCC18\src\traditional\stdclib\vfprintf.c
                  __pa_39   0x013b0a    program     static C:\MCC18\src\traditional\stdclib\vfprintf.c
                   __pa_4   0x0138ac    program     static C:\MCC18\src\traditional\stdclib\vfprintf.c
                  __pa_40   0x013b16    program     static C:\MCC18\src\traditional\stdclib\vfprintf.c
                  __pa_41   0x013b22    program     static C:\MCC18\src\traditional\stdclib\vfprintf.c
                  __pa_42   0x013b2a    program     static C:\MCC18\src\traditional\stdclib\vfprintf.c
                  __pa_43   0x013b34    program     static C:\MCC18\src\traditional\stdclib\vfprintf.c
                  __pa_44   0x013b3a    program     static C:\MCC18\src\traditional\stdclib\vfprintf.c
                  __pa_45   0x013b44    program     static C:\MCC18\src\traditional\stdclib\vfprintf.c
                  __pa_46   0x013b50    program     static C:\MCC18\src\traditional\stdclib\vfprintf.c
                   __pa_5   0x0138c0    program     static C:\MCC18\src\traditional\stdclib\vfprintf.c
                   __pa_6   0x0138dc    program     static C:\MCC18\src\traditional\stdclib\vfprintf.c
                   __pa_7   0x0138e6    program     static C:\MCC18\src\traditional\stdclib\vfprintf.c
                   __pa_8   0x0138f2    program     static C:\MCC18\src\traditional\stdclib\vfprintf.c
                   __pa_9   0x013914    program     static C:\MCC18\src\traditional\stdclib\vfprintf.c
               __string_0   0x013cbf    program     static C:\Users\Matt\Documents\Microchip\i2ceth\CustomHTTPApp.c
               __string_0   0x013b69    program     static C:\Users\Matt\Documents\Microchip\i2ceth\Main.c
               __string_0   0x01459b    program     static C:\Users\Matt\Documents\Microchip\i2ceth\TCPIP Stack\HTTP2.c
               __string_0   0x013cc7    program     static C:\Users\Matt\Documents\Microchip\i2ceth\TCPIP Stack\MPFS2.c
               __string_0   0x013cce    program     static C:\Users\Matt\Documents\Microchip\i2ceth\TCPIP Stack\SNTP.c
               __string_0   0x013cdb    program     static C:\Users\Matt\Documents\Microchip\i2ceth\TCPIP Stack\Announce.c
               __string_1   0x013b63    program     static C:\Users\Matt\Documents\Microchip\i2ceth\Main.c
               __string_1   0x013cb5    program     static C:\Users\Matt\Documents\Microchip\i2ceth\CustomHTTPApp.c
              __string_10   0x013c5d    program     static C:\Users\Matt\Documents\Microchip\i2ceth\CustomHTTPApp.c
              __string_10   0x014576    program     static C:\Users\Matt\Documents\Microchip\i2ceth\TCPIP Stack\HTTP2.c
              __string_11   0x014572    program     static C:\Users\Matt\Documents\Microchip\i2ceth\TCPIP Stack\HTTP2.c
              __string_11   0x013c59    program     static C:\Users\Matt\Documents\Microchip\i2ceth\CustomHTTPApp.c
              __string_12   0x01456e    program     static C:\Users\Matt\Documents\Microchip\i2ceth\TCPIP Stack\HTTP2.c
              __string_12   0x013c54    program     static C:\Users\Matt\Documents\Microchip\i2ceth\CustomHTTPApp.c
              __string_13   0x014568    program     static C:\Users\Matt\Documents\Microchip\i2ceth\TCPIP Stack\HTTP2.c
              __string_13   0x013c4f    program     static C:\Users\Matt\Documents\Microchip\i2ceth\CustomHTTPApp.c
              __string_14   0x013c3a    program     static C:\Users\Matt\Documents\Microchip\i2ceth\CustomHTTPApp.c
              __string_14   0x01455d    program     static C:\Users\Matt\Documents\Microchip\i2ceth\TCPIP Stack\HTTP2.c
              __string_15   0x013c26    program     static C:\Users\Matt\Documents\Microchip\i2ceth\CustomHTTPApp.c
              __string_15   0x014553    program     static C:\Users\Matt\Documents\Microchip\i2ceth\TCPIP Stack\HTTP2.c
              __string_16   0x013c21    program     static C:\Users\Matt\Documents\Microchip\i2ceth\CustomHTTPApp.c
              __string_16   0x01454a    program     static C:\Users\Matt\Documents\Microchip\i2ceth\TCPIP Stack\HTTP2.c
              __string_17   0x013c1d    program     static C:\Users\Matt\Documents\Microchip\i2ceth\CustomHTTPApp.c
              __string_17   0x014541    program     static C:\Users\Matt\Documents\Microchip\i2ceth\TCPIP Stack\HTTP2.c
              __string_18   0x013c18    program     static C:\Users\Matt\Documents\Microchip\i2ceth\CustomHTTPApp.c
              __string_18   0x014537    program     static C:\Users\Matt\Documents\Microchip\i2ceth\TCPIP Stack\HTTP2.c
              __string_19   0x013c13    program     static C:\Users\Matt\Documents\Microchip\i2ceth\CustomHTTPApp.c
              __string_19   0x01452d    program     static C:\Users\Matt\Documents\Microchip\i2ceth\TCPIP Stack\HTTP2.c
               __string_2   0x014597    program     static C:\Users\Matt\Documents\Microchip\i2ceth\TCPIP Stack\HTTP2.c
               __string_2   0x013caa    program     static C:\Users\Matt\Documents\Microchip\i2ceth\CustomHTTPApp.c
               __string_2   0x013b5a    program     static C:\Users\Matt\Documents\Microchip\i2ceth\Main.c
              __string_20   0x014522    program     static C:\Users\Matt\Documents\Microchip\i2ceth\TCPIP Stack\HTTP2.c
              __string_20   0x013c0e    program     static C:\Users\Matt\Documents\Microchip\i2ceth\CustomHTTPApp.c
              __string_21   0x01450e    program     static C:\Users\Matt\Documents\Microchip\i2ceth\TCPIP Stack\HTTP2.c
              __string_21   0x013c09    program     static C:\Users\Matt\Documents\Microchip\i2ceth\CustomHTTPApp.c
              __string_22   0x014501    program     static C:\Users\Matt\Documents\Microchip\i2ceth\TCPIP Stack\HTTP2.c
              __string_22   0x013c04    program     static C:\Users\Matt\Documents\Microchip\i2ceth\CustomHTTPApp.c
              __string_23   0x0144ea    program     static C:\Users\Matt\Documents\Microchip\i2ceth\TCPIP Stack\HTTP2.c
              __string_23   0x013c00    program     static C:\Users\Matt\Documents\Microchip\i2ceth\CustomHTTPApp.c
              __string_24   0x013bfd    program     static C:\Users\Matt\Documents\Microchip\i2ceth\CustomHTTPApp.c
              __string_24   0x0144e9    program     static C:\Users\Matt\Documents\Microchip\i2ceth\TCPIP Stack\HTTP2.c
              __string_25   0x013bf8    program     static C:\Users\Matt\Documents\Microchip\i2ceth\CustomHTTPApp.c
              __string_25   0x0144a4    program     static C:\Users\Matt\Documents\Microchip\i2ceth\TCPIP Stack\HTTP2.c
              __string_26   0x014426    program     static C:\Users\Matt\Documents\Microchip\i2ceth\TCPIP Stack\HTTP2.c
              __string_26   0x013bf5    program     static C:\Users\Matt\Documents\Microchip\i2ceth\CustomHTTPApp.c
              __string_27   0x014385    program     static C:\Users\Matt\Documents\Microchip\i2ceth\TCPIP Stack\HTTP2.c
              __string_27   0x013bf1    program     static C:\Users\Matt\Documents\Microchip\i2ceth\CustomHTTPApp.c
              __string_28   0x014322    program     static C:\Users\Matt\Documents\Microchip\i2ceth\TCPIP Stack\HTTP2.c
              __string_28   0x013bdc    program     static C:\Users\Matt\Documents\Microchip\i2ceth\CustomHTTPApp.c
              __string_29   0x013bd8    program     static C:\Users\Matt\Documents\Microchip\i2ceth\CustomHTTPApp.c
              __string_29   0x014295    program     static C:\Users\Matt\Documents\Microchip\i2ceth\TCPIP Stack\HTTP2.c
               __string_3   0x013c97    program     static C:\Users\Matt\Documents\Microchip\i2ceth\CustomHTTPApp.c
               __string_3   0x014593    program     static C:\Users\Matt\Documents\Microchip\i2ceth\TCPIP Stack\HTTP2.c
              __string_30   0x014205    program     static C:\Users\Matt\Documents\Microchip\i2ceth\TCPIP Stack\HTTP2.c
              __string_30   0x013bcc    program     static C:\Users\Matt\Documents\Microchip\i2ceth\CustomHTTPApp.c
              __string_31   0x01417f    program     static C:\Users\Matt\Documents\Microchip\i2ceth\TCPIP Stack\HTTP2.c
              __string_31   0x013bc7    program     static C:\Users\Matt\Documents\Microchip\i2ceth\CustomHTTPApp.c
              __string_32   0x01403f    program     static C:\Users\Matt\Documents\Microchip\i2ceth\TCPIP Stack\HTTP2.c
              __string_32   0x013bbd    program     static C:\Users\Matt\Documents\Microchip\i2ceth\CustomHTTPApp.c
              __string_33   0x013f72    program     static C:\Users\Matt\Documents\Microchip\i2ceth\TCPIP Stack\HTTP2.c
              __string_33   0x013bb5    program     static C:\Users\Matt\Documents\Microchip\i2ceth\CustomHTTPApp.c
              __string_34   0x013e7f    program     static C:\Users\Matt\Documents\Microchip\i2ceth\TCPIP Stack\HTTP2.c
              __string_34   0x013bb2    program     static C:\Users\Matt\Documents\Microchip\i2ceth\CustomHTTPApp.c
              __string_35   0x013e2d    program     static C:\Users\Matt\Documents\Microchip\i2ceth\TCPIP Stack\HTTP2.c
              __string_35   0x013bad    program     static C:\Users\Matt\Documents\Microchip\i2ceth\CustomHTTPApp.c
              __string_36   0x013db6    program     static C:\Users\Matt\Documents\Microchip\i2ceth\TCPIP Stack\HTTP2.c
              __string_36   0x013baa    program     static C:\Users\Matt\Documents\Microchip\i2ceth\CustomHTTPApp.c
              __string_37   0x013dae    program     static C:\Users\Matt\Documents\Microchip\i2ceth\TCPIP Stack\HTTP2.c
              __string_37   0x013ba6    program     static C:\Users\Matt\Documents\Microchip\i2ceth\CustomHTTPApp.c
              __string_38   0x013d9f    program     static C:\Users\Matt\Documents\Microchip\i2ceth\TCPIP Stack\HTTP2.c
              __string_38   0x013b9c    program     static C:\Users\Matt\Documents\Microchip\i2ceth\CustomHTTPApp.c
              __string_39   0x013d8f    program     static C:\Users\Matt\Documents\Microchip\i2ceth\TCPIP Stack\HTTP2.c
              __string_39   0x013b99    program     static C:\Users\Matt\Documents\Microchip\i2ceth\CustomHTTPApp.c
               __string_4   0x013c83    program     static C:\Users\Matt\Documents\Microchip\i2ceth\CustomHTTPApp.c
               __string_4   0x01458e    program     static C:\Users\Matt\Documents\Microchip\i2ceth\TCPIP Stack\HTTP2.c
              __string_40   0x013d8b    program     static C:\Users\Matt\Documents\Microchip\i2ceth\TCPIP Stack\HTTP2.c
              __string_40   0x013b95    program     static C:\Users\Matt\Documents\Microchip\i2ceth\CustomHTTPApp.c
[...]
                     DDRA   0x000f92       data     extern C:\MCC18\src\traditional\proc\p18F67J60.asm
                    TRISA   0x000f92       data     extern C:\MCC18\src\traditional\proc\p18F67J60.asm
                TRISAbits   0x000f92       data     extern C:\MCC18\src\traditional\proc\p18F67J60.asm
                 DDRBbits   0x000f93       data     extern C:\MCC18\src\traditional\proc\p18F67J60.asm
                     DDRB   0x000f93       data     extern C:\MCC18\src\traditional\proc\p18F67J60.asm
                TRISBbits   0x000f93       data     extern C:\MCC18\src\traditional\proc\p18F67J60.asm
                    TRISB   0x000f93       data     extern C:\MCC18\src\traditional\proc\p18F67J60.asm
                TRISCbits   0x000f94       data     extern C:\MCC18\src\traditional\proc\p18F67J60.asm
                    TRISC   0x000f94       data     extern C:\MCC18\src\traditional\proc\p18F67J60.asm
                     DDRC   0x000f94       data     extern C:\MCC18\src\traditional\proc\p18F67J60.asm
                 DDRCbits   0x000f94       data     extern C:\MCC18\src\traditional\proc\p18F67J60.asm
                TRISDbits   0x000f95       data     extern C:\MCC18\src\traditional\proc\p18F67J60.asm
                    TRISD   0x000f95       data     extern C:\MCC18\src\traditional\proc\p18F67J60.asm
                     DDRD   0x000f95       data     extern C:\MCC18\src\traditional\proc\p18F67J60.asm
                 DDRDbits   0x000f95       data     extern C:\MCC18\src\traditional\proc\p18F67J60.asm
                TRISEbits   0x000f96       data     extern C:\MCC18\src\traditional\proc\p18F67J60.asm
                    TRISE   0x000f96       data     extern C:\MCC18\src\traditional\proc\p18F67J60.asm
                     DDRE   0x000f96       data     extern C:\MCC18\src\traditional\proc\p18F67J60.asm
                 DDREbits   0x000f96       data     extern C:\MCC18\src\traditional\proc\p18F67J60.asm
                     DDRF   0x000f97       data     extern C:\MCC18\src\traditional\proc\p18F67J60.asm
                 DDRFbits   0x000f97       data     extern C:\MCC18\src\traditional\proc\p18F67J60.asm
                    TRISF   0x000f97       data     extern C:\MCC18\src\traditional\proc\p18F67J60.asm
                TRISFbits   0x000f97       data     extern C:\MCC18\src\traditional\proc\p18F67J60.asm
                TRISGbits   0x000f98       data     extern C:\MCC18\src\traditional\proc\p18F67J60.asm
                    TRISG   0x000f98       data     extern C:\MCC18\src\traditional\proc\p18F67J60.asm
                     DDRG   0x000f98       data     extern C:\MCC18\src\traditional\proc\p18F67J60.asm
                 DDRGbits   0x000f98       data     extern C:\MCC18\src\traditional\proc\p18F67J60.asm
              OSCTUNEbits   0x000f9b       data     extern C:\MCC18\src\traditional\proc\p18F67J60.asm
                  OSCTUNE   0x000f9b       data     extern C:\MCC18\src\traditional\proc\p18F67J60.asm
                 PIE1bits   0x000f9d       data     extern C:\MCC18\src\traditional\proc\p18F67J60.asm
                     PIE1   0x000f9d       data     extern C:\MCC18\src\traditional\proc\p18F67J60.asm
                     PIR1   0x000f9e       data     extern C:\MCC18\src\traditional\proc\p18F67J60.asm
                 PIR1bits   0x000f9e       data     extern C:\MCC18\src\traditional\proc\p18F67J60.asm
                     IPR1   0x000f9f       data     extern C:\MCC18\src\traditional\proc\p18F67J60.asm
                 IPR1bits   0x000f9f       data     extern C:\MCC18\src\traditional\proc\p18F67J60.asm
                 PIE2bits   0x000fa0       data     extern C:\MCC18\src\traditional\proc\p18F67J60.asm
                     PIE2   0x000fa0       data     extern C:\MCC18\src\traditional\proc\p18F67J60.asm
                 PIR2bits   0x000fa1       data     extern C:\MCC18\src\traditional\proc\p18F67J60.asm
                     PIR2   0x000fa1       data     extern C:\MCC18\src\traditional\proc\p18F67J60.asm
                     IPR2   0x000fa2       data     extern C:\MCC18\src\traditional\proc\p18F67J60.asm
                 IPR2bits   0x000fa2       data     extern C:\MCC18\src\traditional\proc\p18F67J60.asm
                     PIE3   0x000fa3       data     extern C:\MCC18\src\traditional\proc\p18F67J60.asm
                 PIE3bits   0x000fa3       data     extern C:\MCC18\src\traditional\proc\p18F67J60.asm
                 PIR3bits   0x000fa4       data     extern C:\MCC18\src\traditional\proc\p18F67J60.asm
                     PIR3   0x000fa4       data     extern C:\MCC18\src\traditional\proc\p18F67J60.asm
                 IPR3bits   0x000fa5       data     extern C:\MCC18\src\traditional\proc\p18F67J60.asm
                     IPR3   0x000fa5       data     extern C:\MCC18\src\traditional\proc\p18F67J60.asm
               EECON1bits   0x000fa6       data     extern C:\MCC18\src\traditional\proc\p18F67J60.asm
                   EECON1   0x000fa6       data     extern C:\MCC18\src\traditional\proc\p18F67J60.asm
                   EECON2   0x000fa7       data     extern C:\MCC18\src\traditional\proc\p18F67J60.asm
                    RCSTA   0x000fab       data     extern C:\MCC18\src\traditional\proc\p18F67J60.asm
                   RCSTA1   0x000fab       data     extern C:\MCC18\src\traditional\proc\p18F67J60.asm
               RCSTA1bits   0x000fab       data     extern C:\MCC18\src\traditional\proc\p18F67J60.asm
                RCSTAbits   0x000fab       data     extern C:\MCC18\src\traditional\proc\p18F67J60.asm
                    TXSTA   0x000fac       data     extern C:\MCC18\src\traditional\proc\p18F67J60.asm
                   TXSTA1   0x000fac       data     extern C:\MCC18\src\traditional\proc\p18F67J60.asm
                TXSTAbits   0x000fac       data     extern C:\MCC18\src\traditional\proc\p18F67J60.asm
               TXSTA1bits   0x000fac       data     extern C:\MCC18\src\traditional\proc\p18F67J60.asm
                   TXREG1   0x000fad       data     extern C:\MCC18\src\traditional\proc\p18F67J60.asm
                    TXREG   0x000fad       data     extern C:\MCC18\src\traditional\proc\p18F67J60.asm
                   RCREG1   0x000fae       data     extern C:\MCC18\src\traditional\proc\p18F67J60.asm
                    RCREG   0x000fae       data     extern C:\MCC18\src\traditional\proc\p18F67J60.asm
                   SPBRG1   0x000faf       data     extern C:\MCC18\src\traditional\proc\p18F67J60.asm
                    SPBRG   0x000faf       data     extern C:\MCC18\src\traditional\proc\p18F67J60.asm
                T3CONbits   0x000fb1       data     extern C:\MCC18\src\traditional\proc\p18F67J60.asm
                    T3CON   0x000fb1       data     extern C:\MCC18\src\traditional\proc\p18F67J60.asm
                    TMR3L   0x000fb2       data     extern C:\MCC18\src\traditional\proc\p18F67J60.asm
                    TMR3H   0x000fb3       data     extern C:\MCC18\src\traditional\proc\p18F67J60.asm
                    CMCON   0x000fb4       data     extern C:\MCC18\src\traditional\proc\p18F67J60.asm
                CMCONbits   0x000fb4       data     extern C:\MCC18\src\traditional\proc\p18F67J60.asm
               CVRCONbits   0x000fb5       data     extern C:\MCC18\src\traditional\proc\p18F67J60.asm
                   CVRCON   0x000fb5       data     extern C:\MCC18\src\traditional\proc\p18F67J60.asm
                  ECCP1AS   0x000fb6       data     extern C:\MCC18\src\traditional\proc\p18F67J60.asm
              ECCP1ASbits   0x000fb6       data     extern C:\MCC18\src\traditional\proc\p18F67J60.asm
                  CCP3CON   0x000fb7       data     extern C:\MCC18\src\traditional\proc\p18F67J60.asm
             ECCP3CONbits   0x000fb7       data     extern C:\MCC18\src\traditional\proc\p18F67J60.asm
                 ECCP3CON   0x000fb7       data     extern C:\MCC18\src\traditional\proc\p18F67J60.asm
              CCP3CONbits   0x000fb7       data     extern C:\MCC18\src\traditional\proc\p18F67J60.asm
                    CCPR3   0x000fb8       data     extern C:\MCC18\src\traditional\proc\p18F67J60.asm
                   CCPR3L   0x000fb8       data     extern C:\MCC18\src\traditional\proc\p18F67J60.asm
                   CCPR3H   0x000fb9       data     extern C:\MCC18\src\traditional\proc\p18F67J60.asm
                  CCP2CON   0x000fba       data     extern C:\MCC18\src\traditional\proc\p18F67J60.asm
              CCP2CONbits   0x000fba       data     extern C:\MCC18\src\traditional\proc\p18F67J60.asm
             ECCP2CONbits   0x000fba       data     extern C:\MCC18\src\traditional\proc\p18F67J60.asm
                 ECCP2CON   0x000fba       data     extern C:\MCC18\src\traditional\proc\p18F67J60.asm
                    CCPR2   0x000fbb       data     extern C:\MCC18\src\traditional\proc\p18F67J60.asm
                   CCPR2L   0x000fbb       data     extern C:\MCC18\src\traditional\proc\p18F67J60.asm
                   CCPR2H   0x000fbc       data     extern C:\MCC18\src\traditional\proc\p18F67J60.asm
              CCP1CONbits   0x000fbd       data     extern C:\MCC18\src\traditional\proc\p18F67J60.asm
                  CCP1CON   0x000fbd       data     extern C:\MCC18\src\traditional\proc\p18F67J60.asm
                 ECCP1CON   0x000fbd       data     extern C:\MCC18\src\traditional\proc\p18F67J60.asm
             ECCP1CONbits   0x000fbd       data     extern C:\MCC18\src\traditional\proc\p18F67J60.asm
                    CCPR1   0x000fbe       data     extern C:\MCC18\src\traditional\proc\p18F67J60.asm
                   CCPR1L   0x000fbe       data     extern C:\MCC18\src\traditional\proc\p18F67J60.asm
                   CCPR1H   0x000fbf       data     extern C:\MCC18\src\traditional\proc\p18F67J60.asm
                   ADCON2   0x000fc0       data     extern C:\MCC18\src\traditional\proc\p18F67J60.asm
               ADCON2bits   0x000fc0       data     extern C:\MCC18\src\traditional\proc\p18F67J60.asm
                   ADCON1   0x000fc1       data     extern C:\MCC18\src\traditional\proc\p18F67J60.asm
               ADCON1bits   0x000fc1       data     extern C:\MCC18\src\traditional\proc\p18F67J60.asm
                   ADCON0   0x000fc2       data     extern C:\MCC18\src\traditional\proc\p18F67J60.asm
               ADCON0bits   0x000fc2       data     extern C:\MCC18\src\traditional\proc\p18F67J60.asm
                    ADRES   0x000fc3       data     extern C:\MCC18\src\traditional\proc\p18F67J60.asm
                   ADRESL   0x000fc3       data     extern C:\MCC18\src\traditional\proc\p18F67J60.asm
                   ADRESH   0x000fc4       data     extern C:\MCC18\src\traditional\proc\p18F67J60.asm
                  SSPCON2   0x000fc5       data     extern C:\MCC18\src\traditional\proc\p18F67J60.asm
              SSPCON2bits   0x000fc5       data     extern C:\MCC18\src\traditional\proc\p18F67J60.asm
             SSP1CON2bits   0x000fc5       data     extern C:\MCC18\src\traditional\proc\p18F67J60.asm
                 SSP1CON2   0x000fc5       data     extern C:\MCC18\src\traditional\proc\p18F67J60.asm
                  SSPCON1   0x000fc6       data     extern C:\MCC18\src\traditional\proc\p18F67J60.asm
              SSPCON1bits   0x000fc6       data     extern C:\MCC18\src\traditional\proc\p18F67J60.asm
             SSP1CON1bits   0x000fc6       data     extern C:\MCC18\src\traditional\proc\p18F67J60.asm
                 SSP1CON1   0x000fc6       data     extern C:\MCC18\src\traditional\proc\p18F67J60.asm
                  SSPSTAT   0x000fc7       data     extern C:\MCC18\src\traditional\proc\p18F67J60.asm
              SSPSTATbits   0x000fc7       data     extern C:\MCC18\src\traditional\proc\p18F67J60.asm
                 SSP1STAT   0x000fc7       data     extern C:\MCC18\src\traditional\proc\p18F67J60.asm
             SSP1STATbits   0x000fc7       data     extern C:\MCC18\src\traditional\proc\p18F67J60.asm
                  SSP1ADD   0x000fc8       data     extern C:\MCC18\src\traditional\proc\p18F67J60.asm
                   SSPADD   0x000fc8       data     extern C:\MCC18\src\traditional\proc\p18F67J60.asm
                  SSP1BUF   0x000fc9       data     extern C:\MCC18\src\traditional\proc\p18F67J60.asm
                   SSPBUF   0x000fc9       data     extern C:\MCC18\src\traditional\proc\p18F67J60.asm
                T2CONbits   0x000fca       data     extern C:\MCC18\src\traditional\proc\p18F67J60.asm
                    T2CON   0x000fca       data     extern C:\MCC18\src\traditional\proc\p18F67J60.asm
                      PR2   0x000fcb       data     extern C:\MCC18\src\traditional\proc\p18F67J60.asm
                     TMR2   0x000fcc       data     extern C:\MCC18\src\traditional\proc\p18F67J60.asm
                T1CONbits   0x000fcd       data     extern C:\MCC18\src\traditional\proc\p18F67J60.asm
                    T1CON   0x000fcd       data     extern C:\MCC18\src\traditional\proc\p18F67J60.asm
                    TMR1L   0x000fce       data     extern C:\MCC18\src\traditional\proc\p18F67J60.asm
                    TMR1H   0x000fcf       data     extern C:\MCC18\src\traditional\proc\p18F67J60.asm
                 RCONbits   0x000fd0       data     extern C:\MCC18\src\traditional\proc\p18F67J60.asm
                     RCON   0x000fd0       data     extern C:\MCC18\src\traditional\proc\p18F67J60.asm
                   WDTCON   0x000fd1       data     extern C:\MCC18\src\traditional\proc\p18F67J60.asm
               WDTCONbits   0x000fd1       data     extern C:\MCC18\src\traditional\proc\p18F67J60.asm
                ECON1bits   0x000fd2       data     extern C:\MCC18\src\traditional\proc\p18F67J60.asm
                    ECON1   0x000fd2       data     extern C:\MCC18\src\traditional\proc\p18F67J60.asm
                   OSCCON   0x000fd3       data     extern C:\MCC18\src\traditional\proc\p18F67J60.asm
               OSCCONbits   0x000fd3       data     extern C:\MCC18\src\traditional\proc\p18F67J60.asm
                    T0CON   0x000fd5       data     extern C:\MCC18\src\traditional\proc\p18F67J60.asm
                T0CONbits   0x000fd5       data     extern C:\MCC18\src\traditional\proc\p18F67J60.asm
                    TMR0L   0x000fd6       data     extern C:\MCC18\src\traditional\proc\p18F67J60.asm
                    TMR0H   0x000fd7       data     extern C:\MCC18\src\traditional\proc\p18F67J60.asm
                   STATUS   0x000fd8       data     extern C:\MCC18\src\traditional\proc\p18F67J60.asm
               STATUSbits   0x000fd8       data     extern C:\MCC18\src\traditional\proc\p18F67J60.asm
                    FSR2L   0x000fd9       data     extern C:\MCC18\src\traditional\proc\p18F67J60.asm
                     FSR2   0x000fd9       data     extern C:\MCC18\src\traditional\proc\p18F67J60.asm
                    FSR2H   0x000fda       data     extern C:\MCC18\src\traditional\proc\p18F67J60.asm
                   PLUSW2   0x000fdb       data     extern C:\MCC18\src\traditional\proc\p18F67J60.asm
                  PREINC2   0x000fdc       data     extern C:\MCC18\src\traditional\proc\p18F67J60.asm
                 POSTDEC2   0x000fdd       data     extern C:\MCC18\src\traditional\proc\p18F67J60.asm
                 POSTINC2   0x000fde       data     extern C:\MCC18\src\traditional\proc\p18F67J60.asm
                    INDF2   0x000fdf       data     extern C:\MCC18\src\traditional\proc\p18F67J60.asm
                      BSR   0x000fe0       data     extern C:\MCC18\src\traditional\proc\p18F67J60.asm
                    FSR1L   0x000fe1       data     extern C:\MCC18\src\traditional\proc\p18F67J60.asm
                     FSR1   0x000fe1       data     extern C:\MCC18\src\traditional\proc\p18F67J60.asm
                    FSR1H   0x000fe2       data     extern C:\MCC18\src\traditional\proc\p18F67J60.asm
                   PLUSW1   0x000fe3       data     extern C:\MCC18\src\traditional\proc\p18F67J60.asm
                  PREINC1   0x000fe4       data     extern C:\MCC18\src\traditional\proc\p18F67J60.asm
                 POSTDEC1   0x000fe5       data     extern C:\MCC18\src\traditional\proc\p18F67J60.asm
                 POSTINC1   0x000fe6       data     extern C:\MCC18\src\traditional\proc\p18F67J60.asm
                    INDF1   0x000fe7       data     extern C:\MCC18\src\traditional\proc\p18F67J60.asm
                     WREG   0x000fe8       data     extern C:\MCC18\src\traditional\proc\p18F67J60.asm
                     FSR0   0x000fe9       data     extern C:\MCC18\src\traditional\proc\p18F67J60.asm
                    FSR0L   0x000fe9       data     extern C:\MCC18\src\traditional\proc\p18F67J60.asm
                    FSR0H   0x000fea       data     extern C:\MCC18\src\traditional\proc\p18F67J60.asm
                   PLUSW0   0x000feb       data     extern C:\MCC18\src\traditional\proc\p18F67J60.asm
                  PREINC0   0x000fec       data     extern C:\MCC18\src\traditional\proc\p18F67J60.asm
                 POSTDEC0   0x000fed       data     extern C:\MCC18\src\traditional\proc\p18F67J60.asm
                 POSTINC0   0x000fee       data     extern C:\MCC18\src\traditional\proc\p18F67J60.asm
                    INDF0   0x000fef       data     extern C:\MCC18\src\traditional\proc\p18F67J60.asm
              INTCON3bits   0x000ff0       data     extern C:\MCC18\src\traditional\proc\p18F67J60.asm
                  INTCON3   0x000ff0       data     extern C:\MCC18\src\traditional\proc\p18F67J60.asm
              INTCON2bits   0x000ff1       data     extern C:\MCC18\src\traditional\proc\p18F67J60.asm
                  INTCON2   0x000ff1       data     extern C:\MCC18\src\traditional\proc\p18F67J60.asm
               INTCONbits   0x000ff2       data     extern C:\MCC18\src\traditional\proc\p18F67J60.asm
                   INTCON   0x000ff2       data     extern C:\MCC18\src\traditional\proc\p18F67J60.asm
                    PRODL   0x000ff3       data     extern C:\MCC18\src\traditional\proc\p18F67J60.asm
                     PROD   0x000ff3       data     extern C:\MCC18\src\traditional\proc\p18F67J60.asm
                    PRODH   0x000ff4       data     extern C:\MCC18\src\traditional\proc\p18F67J60.asm
                   TABLAT   0x000ff5       data     extern C:\MCC18\src\traditional\proc\p18F67J60.asm
                  TBLPTRL   0x000ff6       data     extern C:\MCC18\src\traditional\proc\p18F67J60.asm
                   TBLPTR   0x000ff6       data     extern C:\MCC18\src\traditional\proc\p18F67J60.asm
                  TBLPTRH   0x000ff7       data     extern C:\MCC18\src\traditional\proc\p18F67J60.asm
                  TBLPTRU   0x000ff8       data     extern C:\MCC18\src\traditional\proc\p18F67J60.asm
                       PC   0x000ff9       data     extern C:\MCC18\src\traditional\proc\p18F67J60.asm
                      PCL   0x000ff9       data     extern C:\MCC18\src\traditional\proc\p18F67J60.asm
                   PCLATH   0x000ffa       data     extern C:\MCC18\src\traditional\proc\p18F67J60.asm
                   PCLATU   0x000ffb       data     extern C:\MCC18\src\traditional\proc\p18F67J60.asm
               STKPTRbits   0x000ffc       data     extern C:\MCC18\src\traditional\proc\p18F67J60.asm
                   STKPTR   0x000ffc       data     extern C:\MCC18\src\traditional\proc\p18F67J60.asm
                      TOS   0x000ffd       data     extern C:\MCC18\src\traditional\proc\p18F67J60.asm
                     TOSL   0x000ffd       data     extern C:\MCC18\src\traditional\proc\p18F67J60.asm
                     TOSH   0x000ffe       data     extern C:\MCC18\src\traditional\proc\p18F67J60.asm
                     TOSU   0x000fff       data     extern C:\MCC18\src\traditional\proc\p18F67J60.asm


