MPLINK 4.37, Linker
Linker Map File - Created Wed Dec 14 10:46:17 2011

                                 Section Info
                  Section       Type    Address   Location Size(Bytes)
                ---------  ---------  ---------  ---------  ---------
               _entry_scn       code   0x000000    program   0x000006
           .code___init.o       code   0x000006    program   0x000002
               highVector       code   0x000008    program   0x000006
         .code_setcsspi.o       code   0x00000e    program   0x000004
         .code_clrcsspi.o       code   0x000012    program   0x000004
              SEED_DATA_i    romdata   0x000016    program   0x000002
                lowVector       code   0x000018    program   0x000006
                   .cinit    romdata   0x00001e    program   0x0000aa
              .code_TCP.o       code   0x0000c8    program   0x0089de
            .code_HTTP2.o       code   0x008aa6    program   0x002e1c
      .romdata_MPFSImg2.o    romdata   0x00b8c2    program   0x001d75
         .romdata_MPFS2.o    romdata   0x00d637    program   0x000000
          .romdata_SNTP.o    romdata   0x00d637    program   0x000000
      .romdata_clrcsspi.o    romdata   0x00d637    program   0x000000
      .idata_clrcsspi.o_i    romdata   0x00d637    program   0x000000
        .idata_Reboot.o_i    romdata   0x00d637    program   0x000001
      .romdata_i2c_open.o    romdata   0x00d637    program   0x000000
      .idata_i2c_open.o_i    romdata   0x00d637    program   0x000000
      .romdata_i2c_writ.o    romdata   0x00d637    program   0x000000
      .idata_i2c_writ.o_i    romdata   0x00d637    program   0x000000
    .romdata_BTnic_Comm.o    romdata   0x00d637    program   0x000000
           .romdata_SSL.o    romdata   0x00d637    program   0x000000
           .idata_SSL.o_i    romdata   0x00d637    program   0x000000
           .romdata_RSA.o    romdata   0x00d637    program   0x000000
        .romdata_Random.o    romdata   0x00d637    program   0x000000
        .romdata_Hashes.o    romdata   0x00d637    program   0x000000
           .romdata_DNS.o    romdata   0x00d637    program   0x000000
        .romdata_BigInt.o    romdata   0x00d637    program   0x000000
       .romdata_ARCFOUR.o    romdata   0x00d637    program   0x000000
      .romdata_Announce.o    romdata   0x00d637    program   0x000000
          .romdata_NBNS.o    romdata   0x00d637    program   0x000000
        .romdata_Reboot.o    romdata   0x00d637    program   0x000000
        .romdata___init.o    romdata   0x00d637    program   0x000000
        .idata___init.o_i    romdata   0x00d637    program   0x000000
      .romdata_i2c1writ.o    romdata   0x00d637    program   0x000000
      .idata_i2c1writ.o_i    romdata   0x00d637    program   0x000000
      .romdata_i2c1read.o    romdata   0x00d637    program   0x000000
      .idata_i2c1read.o_i    romdata   0x00d637    program   0x000000
       .romdata_fxm3232.o    romdata   0x00d637    program   0x000000
       .idata_fxm3232.o_i    romdata   0x00d637    program   0x000000
      .romdata_fxd3232u.o    romdata   0x00d637    program   0x000000
      .idata_fxd3232u.o_i    romdata   0x00d637    program   0x000000
      .romdata_fxd1616u.o    romdata   0x00d637    program   0x000000
      .idata_fxd1616u.o_i    romdata   0x00d637    program   0x000000
          .romdata_sram.o    romdata   0x00d637    program   0x000000
          .idata_sram.o_i    romdata   0x00d637    program   0x000000
     .romdata_dataflash.o    romdata   0x00d637    program   0x000000
     .idata_dataflash.o_i    romdata   0x00d637    program   0x000000
      .romdata_readsspi.o    romdata   0x00d637    program   0x000000
      .idata_readsspi.o_i    romdata   0x00d637    program   0x000000
        .romdata_eeprom.o    romdata   0x00d637    program   0x000000
        .idata_eeprom.o_i    romdata   0x00d637    program   0x000000
       .romdata_wrtsspi.o    romdata   0x00d637    program   0x000000
       .idata_wrtsspi.o_i    romdata   0x00d637    program   0x000000
      .romdata_setcsspi.o    romdata   0x00d637    program   0x000000
      .idata_setcsspi.o_i    romdata   0x00d637    program   0x000000
      .romdata_opensspi.o    romdata   0x00d637    program   0x000000
      .idata_opensspi.o_i    romdata   0x00d637    program   0x000000
         .idata_c018i.o_i    romdata   0x00d637    program   0x000000
         .romdata_c018i.o    romdata   0x00d637    program   0x000000
          .romdata_ICMP.o    romdata   0x00d637    program   0x000000
          .romdata_DHCP.o    romdata   0x00d637    program   0x000000
 .romdata_CustomHTTPApp.o    romdata   0x00d637    program   0x000000
          .romdata_Main.o    romdata   0x00d637    program   0x000000
          .romdata_Tick.o    romdata   0x00d637    program   0x000000
           .romdata_UDP.o    romdata   0x00d637    program   0x000000
      .romdata_StackTsk.o    romdata   0x00d637    program   0x000000
           .romdata_ARP.o    romdata   0x00d637    program   0x000000
      .idata_StackTsk.o_i    romdata   0x00d637    program   0x000000
         .romdata_Delay.o    romdata   0x00d637    program   0x000000
      .romdata_ETH97J60.o    romdata   0x00d637    program   0x000000
            .romdata_IP.o    romdata   0x00d637    program   0x000000
       .romdata_Helpers.o    romdata   0x00d637    program   0x000000
    .code_CustomHTTPApp.o       code   0x00d638    program   0x001ad2
            .code_MPFS2.o       code   0x00f10a    program   0x001a1c
          .code_Helpers.o       code   0x010b26    program   0x001132
              .code_UDP.o       code   0x011c58    program   0x000f32
              .code_DNS.o       code   0x012b8a    program   0x000dbe
         .code_ETH97J60.o       code   0x013948    program   0x000d96
             .code_DHCP.o       code   0x0146de    program   0x000cd4
              .code_ARP.o       code   0x0153b2    program   0x0005c2
             .code_Main.o       code   0x015974    program   0x00058e
             .code_SNTP.o       code   0x015f02    program   0x000576
             .stringtable    romdata   0x016478    program   0x000568
       .code_BTnic_Comm.o       code   0x0169e0    program   0x0004b4
                   STDLIB       code   0x016e94    program   0x000440
               .code_IP.o       code   0x0172d4    program   0x0003fa
        .code_dataflash.o       code   0x0176ce    program   0x000394
         .code_Announce.o       code   0x017a62    program   0x0002ac
         .code_StackTsk.o       code   0x017d0e    program   0x00027e
             .code_sram.o       code   0x017f8c    program   0x00023e
                   STRING       code   0x0181ca    program   0x00023c
           .code_eeprom.o       code   0x018406    program   0x000212
           .code_Reboot.o       code   0x018618    program   0x000162
             .code_ICMP.o       code   0x01877a    program   0x000146
             .code_Tick.o       code   0x0188c0    program   0x000140
                     PROG       code   0x018a00    program   0x0000ce
               _cinit_scn       code   0x018ace    program   0x00009e
         .code_readsspi.o       code   0x018b6c    program   0x00009a
         .code_i2c1writ.o       code   0x018c06    program   0x000080
          .code_fxm3232.o       code   0x018c86    program   0x000070
          .code_wrtsspi.o       code   0x018cf6    program   0x000060
         .code_fxd3232u.o       code   0x018d56    program   0x000048
             D10KTCYXCODE       code   0x018d9e    program   0x00002e
         .code_fxd1616u.o       code   0x018dcc    program   0x00002c
                    .code       code   0x018df8    program   0x00002c
              D1KTCYXCODE       code   0x018e24    program   0x000020
             _startup_scn       code   0x018e44    program   0x00001c
         .code_i2c1read.o       code   0x018e60    program   0x00001a
           .romdata_TCP.o    romdata   0x018e7a    program   0x000012
         .code_opensspi.o       code   0x018e8c    program   0x000010
         .romdata_HTTP2.o    romdata   0x018e9c    program   0x000003
           .idata_UDP.o_i    romdata   0x018e9f    program   0x000002
          .idata_Tick.o_i    romdata   0x018ea1    program   0x000004
           .idata_TCP.o_i    romdata   0x018ea5    program   0x000002
          .idata_SNTP.o_i    romdata   0x018ea7    program   0x000009
        .idata_Random.o_i    romdata   0x018eb0    program   0x000000
          .idata_Main.o_i    romdata   0x018eb0    program   0x000004
           .idata_RSA.o_i    romdata   0x018eb0    program   0x000000
          .idata_NBNS.o_i    romdata   0x018eb0    program   0x000000
            .idata_IP.o_i    romdata   0x018eb4    program   0x000002
         .idata_MPFS2.o_i    romdata   0x018eb4    program   0x000000
      .idata_MPFSImg2.o_i    romdata   0x018eb4    program   0x000000
         .idata_HTTP2.o_i    romdata   0x018eb6    program   0x00006c
        .idata_Hashes.o_i    romdata   0x018eb6    program   0x000000
       .idata_Helpers.o_i    romdata   0x018eb6    program   0x000000
          .idata_ICMP.o_i    romdata   0x018eb6    program   0x000000
      .idata_ETH97J60.o_i    romdata   0x018f22    program   0x000000
           .idata_DNS.o_i    romdata   0x018f22    program   0x000003
         .idata_Delay.o_i    romdata   0x018f22    program   0x000000
          .idata_DHCP.o_i    romdata   0x018f25    program   0x000008
 .idata_CustomHTTPApp.o_i    romdata   0x018f2d    program   0x000002
      .idata_Announce.o_i    romdata   0x018f2f    program   0x000001
        .idata_BigInt.o_i    romdata   0x018f2f    program   0x000000
    .idata_BTnic_Comm.o_i    romdata   0x018f2f    program   0x000000
           .idata_ARP.o_i    romdata   0x018f30    program   0x000001
       .idata_ARCFOUR.o_i    romdata   0x018f31    program   0x000000
              .code_SSL.o       code   0x018f32    program   0x000000
              .code_RSA.o       code   0x018f32    program   0x000000
         .code_i2c_writ.o       code   0x018f32    program   0x000000
            .code_c018i.o       code   0x018f32    program   0x000000
         .code_i2c_open.o       code   0x018f32    program   0x000000
           .code_Random.o       code   0x018f32    program   0x000000
           .code_Hashes.o       code   0x018f32    program   0x000000
             .code_NBNS.o       code   0x018f32    program   0x000000
            .code_Delay.o       code   0x018f32    program   0x000000
           .code_BigInt.o       code   0x018f32    program   0x000000
         .code_MPFSImg2.o       code   0x018f32    program   0x000000
          .code_ARCFOUR.o       code   0x018f32    program   0x000000
     .config_1fff8_Main.o    romdata   0x01fff8    program   0x000001
     .config_1fff9_Main.o    romdata   0x01fff9    program   0x000001
     .config_1fffa_Main.o    romdata   0x01fffa    program   0x000001
     .config_1fffb_Main.o    romdata   0x01fffb    program   0x000001
     .config_1fffd_Main.o    romdata   0x01fffd    program   0x000001
                MATH_DATA      udata   0x000000       data   0x000014
                 .tmpdata      udata   0x000014       data   0x00000e
                DELAYDAT2      udata   0x000022       data   0x000001
                DELAYDAT1      udata   0x000023       data   0x000001
   HTTP_CONNECTION_STATES      udata   0x000060       data   0x000084
             .udata_DNS.o      udata   0x0000e4       data   0x000018
         .udata_Helpers.o      udata   0x0000fc       data   0x000004
      .udata_BTnic_Comm.o      udata   0x000100       data   0x0000f9
        .udata_ETH97J60.o      udata   0x0001f9       data   0x000007
           .udata_MPFS2.o      udata   0x000200       data   0x00006b
             .udata_UDP.o      udata   0x00026b       data   0x000044
       SYN_QUEUE_RAM_SECT      udata   0x0002af       data   0x00003c
            .udata_SNTP.o      udata   0x0002eb       data   0x00000f
            .udata_Tick.o      udata   0x0002fa       data   0x000006
            .udata_Main.o      udata   0x000300       data   0x000035
             .udata_TCP.o      udata   0x000335       data   0x000033
            .udata_DHCP.o      udata   0x000368       data   0x00001d
           .udata_c018i.o      udata   0x000385       data   0x00000a
            .idata_SNTP.o      idata   0x00038f       data   0x000009
            .idata_DHCP.o      idata   0x000398       data   0x000008
            .idata_Tick.o      idata   0x0003a0       data   0x000004
            .idata_Main.o      idata   0x0003a4       data   0x000004
             .idata_DNS.o      idata   0x0003a8       data   0x000003
                SEED_DATA      idata   0x0003ab       data   0x000002
   .udata_CustomHTTPApp.o      udata   0x0003ad       data   0x000002
             .idata_UDP.o      idata   0x0003af       data   0x000002
             .idata_TCP.o      idata   0x0003b1       data   0x000002
              .idata_IP.o      idata   0x0003b3       data   0x000002
   .idata_CustomHTTPApp.o      idata   0x0003b5       data   0x000002
              .udata_IP.o      udata   0x0003b7       data   0x000001
        .udata_Announce.o      udata   0x0003b8       data   0x000001
          .idata_Reboot.o      idata   0x0003b9       data   0x000001
        .idata_Announce.o      idata   0x0003ba       data   0x000001
             .idata_ARP.o      idata   0x0003bb       data   0x000001
        .udata_readsspi.o      udata   0x0003bc       data   0x000000
          .idata_eeprom.o      idata   0x0003bc       data   0x000000
          .udata_eeprom.o      udata   0x0003bc       data   0x000000
        .idata_i2c_writ.o      idata   0x0003bc       data   0x000000
        .udata_i2c_open.o      udata   0x0003bc       data   0x000000
        .idata_i2c_open.o      idata   0x0003bc       data   0x000000
         .idata_wrtsspi.o      idata   0x0003bc       data   0x000000
        .udata_clrcsspi.o      udata   0x0003bc       data   0x000000
        .idata_setcsspi.o      idata   0x0003bc       data   0x000000
        .udata_setcsspi.o      udata   0x0003bc       data   0x000000
        .idata_opensspi.o      idata   0x0003bc       data   0x000000
        .idata_clrcsspi.o      idata   0x0003bc       data   0x000000
        .udata_opensspi.o      udata   0x0003bc       data   0x000000
        .udata_i2c1read.o      udata   0x0003bc       data   0x000000
         .idata_fxm3232.o      idata   0x0003bc       data   0x000000
         .udata_fxm3232.o      udata   0x0003bc       data   0x000000
        .idata_fxd3232u.o      idata   0x0003bc       data   0x000000
        .idata_i2c1read.o      idata   0x0003bc       data   0x000000
        .udata_fxd3232u.o      udata   0x0003bc       data   0x000000
        .idata_fxd1616u.o      idata   0x0003bc       data   0x000000
        .udata_fxd1616u.o      udata   0x0003bc       data   0x000000
        .udata_i2c1writ.o      udata   0x0003bc       data   0x000000
        .idata_i2c1writ.o      idata   0x0003bc       data   0x000000
          .udata___init.o      udata   0x0003bc       data   0x000000
          .idata___init.o      idata   0x0003bc       data   0x000000
            .idata_sram.o      idata   0x0003bc       data   0x000000
            .udata_sram.o      udata   0x0003bc       data   0x000000
       .idata_dataflash.o      idata   0x0003bc       data   0x000000
       .udata_dataflash.o      udata   0x0003bc       data   0x000000
        .idata_readsspi.o      idata   0x0003bc       data   0x000000
            .idata_ICMP.o      idata   0x0003bc       data   0x000000
            .udata_ICMP.o      udata   0x0003bc       data   0x000000
        .idata_MPFSImg2.o      idata   0x0003bc       data   0x000000
        .udata_MPFSImg2.o      udata   0x0003bc       data   0x000000
           .udata_HTTP2.o      udata   0x0003bc       data   0x000000
        .idata_StackTsk.o      idata   0x0003bc       data   0x000000
         .idata_Helpers.o      idata   0x0003bc       data   0x000000
        .idata_ETH97J60.o      idata   0x0003bc       data   0x000000
           .idata_Delay.o      idata   0x0003bc       data   0x000000
           .udata_Delay.o      udata   0x0003bc       data   0x000000
           .idata_c018i.o      idata   0x0003bc       data   0x000000
           .idata_MPFS2.o      idata   0x0003bc       data   0x000000
          .udata_Reboot.o      udata   0x0003bc       data   0x000000
            .udata_NBNS.o      udata   0x0003bc       data   0x000000
            .idata_NBNS.o      idata   0x0003bc       data   0x000000
         .udata_ARCFOUR.o      udata   0x0003bc       data   0x000000
         .idata_ARCFOUR.o      idata   0x0003bc       data   0x000000
          .udata_BigInt.o      udata   0x0003bc       data   0x000000
          .idata_BigInt.o      idata   0x0003bc       data   0x000000
          .udata_Hashes.o      udata   0x0003bc       data   0x000000
          .idata_Hashes.o      idata   0x0003bc       data   0x000000
          .udata_Random.o      udata   0x0003bc       data   0x000000
          .idata_Random.o      idata   0x0003bc       data   0x000000
             .udata_RSA.o      udata   0x0003bc       data   0x000000
             .idata_RSA.o      idata   0x0003bc       data   0x000000
             .udata_SSL.o      udata   0x0003bc       data   0x000000
             .idata_SSL.o      idata   0x0003bc       data   0x000000
      .idata_BTnic_Comm.o      idata   0x0003bc       data   0x000000
        .udata_i2c_writ.o      udata   0x0003bc       data   0x000000
                   .stack      udata   0x000d00       data   0x000100
           .idata_HTTP2.o      idata   0x000e00       data   0x00006c
             .udata_ARP.o      udata   0x000e6c       data   0x000014
              SFR_BANKED0      udata   0x000e80       data   0x000006
              SFR_BANKED1      udata   0x000e8a       data   0x000001
              SFR_BANKED2      udata   0x000e97       data   0x000003
              SFR_BANKED3      udata   0x000ea0       data   0x000001
              SFR_BANKED4      udata   0x000ea2       data   0x000003
              SFR_BANKED5      udata   0x000ea6       data   0x000002
              SFR_BANKED6      udata   0x000eaa       data   0x000002
              SFR_BANKED7      udata   0x000eb2       data   0x000001
              SFR_BANKED8      udata   0x000eb4       data   0x000001
              SFR_BANKED9      udata   0x000eb6       data   0x000004
             SFR_BANKED10      udata   0x000ec0       data   0x000012
             SFR_BANKED11      udata   0x000ed4       data   0x000002
             SFR_BANKED12      udata   0x000ed8       data   0x000002
             SFR_BANKED13      udata   0x000ee2       data   0x000016
             SFR_BANKED14      udata   0x000efb       data   0x000001
             SFR_BANKED15      udata   0x000efd       data   0x000002
                 TCB_uRAM      udata   0x000f00       data   0x000054
        .udata_StackTsk.o      udata   0x000f54       data   0x00000b
         .udata_wrtsspi.o      udata   0x000f5f       data   0x000001
            SFR_UNBANKED0      udata   0x000f60       data   0x0000a0



                              Program Memory Usage 
                               Start         End      
                           ---------   ---------      
                            0x000000    0x018f30      
                            0x01fff8    0x01fffb      
                            0x01fffd    0x01fffd      
            102198 out of 131072 program addresses used, program memory utilization is 77%



                              Symbols - Sorted by Name
                     Name    Address   Location    Storage File                     
                ---------  ---------  ---------  --------- ---------                
                  ARPInit   0x01550c    program     extern C:\Users\Matt\Documents\Microchip\TcpStack-500-Olimex\Microchip\TCPIP Stack\ARP.c
            ARPIsResolved   0x0157d6    program     extern C:\Users\Matt\Documents\Microchip\TcpStack-500-Olimex\Microchip\TCPIP Stack\ARP.c
               ARPProcess   0x015524    program     extern C:\Users\Matt\Documents\Microchip\TcpStack-500-Olimex\Microchip\TCPIP Stack\ARP.c
                   ARPPut   0x0153b2    program     static C:\Users\Matt\Documents\Microchip\TcpStack-500-Olimex\Microchip\TCPIP Stack\ARP.c
               ARPResolve   0x0156fc    program     extern C:\Users\Matt\Documents\Microchip\TcpStack-500-Olimex\Microchip\TCPIP Stack\ARP.c
               AnnounceIP   0x017a62    program     extern C:\Users\Matt\Documents\Microchip\TcpStack-500-Olimex\Microchip\TCPIP Stack\Announce.c
          BTCommGetBuffer   0x016e6c    program     extern C:\Users\Matt\Documents\Microchip\BTnicEmb\BTnic_Comm.c
             BTCommGetRsp   0x016dbc    program     extern C:\Users\Matt\Documents\Microchip\BTnicEmb\BTnic_Comm.c
        BTCommGetRspCount   0x016d7e    program     extern C:\Users\Matt\Documents\Microchip\BTnicEmb\BTnic_Comm.c
          BTCommGetRspLen   0x016d64    program     extern C:\Users\Matt\Documents\Microchip\BTnicEmb\BTnic_Comm.c
           BTCommGetState   0x016c48    program     extern C:\Users\Matt\Documents\Microchip\BTnicEmb\BTnic_Comm.c
           BTCommGetTimer   0x016e02    program     extern C:\Users\Matt\Documents\Microchip\BTnicEmb\BTnic_Comm.c
               BTCommInit   0x0169e0    program     extern C:\Users\Matt\Documents\Microchip\BTnicEmb\BTnic_Comm.c
                 BTCommRX   0x016b76    program     extern C:\Users\Matt\Documents\Microchip\BTnicEmb\BTnic_Comm.c
             BTCommSetRsp   0x016e16    program     extern C:\Users\Matt\Documents\Microchip\BTnicEmb\BTnic_Comm.c
           BTCommSetState   0x016d28    program     extern C:\Users\Matt\Documents\Microchip\BTnicEmb\BTnic_Comm.c
                 BTCommTX   0x016a02    program     extern C:\Users\Matt\Documents\Microchip\BTnicEmb\BTnic_Comm.c
             Base64Decode   0x0112e2    program     extern C:\Users\Matt\Documents\Microchip\TcpStack-500-Olimex\Microchip\TCPIP Stack\Helpers.c
     CalcIPBufferChecksum   0x01404c    program     extern C:\Users\Matt\Documents\Microchip\TcpStack-500-Olimex\Microchip\TCPIP Stack\ETH97J60.c
           CalcIPChecksum   0x0119ba    program     extern C:\Users\Matt\Documents\Microchip\TcpStack-500-Olimex\Microchip\TCPIP Stack\Helpers.c
             ClearCSSWSPI   0x000012    program     extern C:\Users\Matt\Documents\Microchip\BTnicEmb\clrcsspi.c
              CloseSocket   0x005bf6    program     static C:\Users\Matt\Documents\Microchip\TcpStack-500-Olimex\Microchip\TCPIP Stack\TCP.c
                   D10K_1   0x018daa    program     static C:\MCC18\src\traditional\delays\d10ktcyx.asm
                    D10Kl   0x018db6    program     static C:\MCC18\src\traditional\delays\d10ktcyx.asm
                    D10Kx   0x018da8    program     static C:\MCC18\src\traditional\delays\d10ktcyx.asm
                    D1K_1   0x018e30    program     static C:\MCC18\src\traditional\delays\d1ktcyx.asm
                     D1Kx   0x018e2e    program     static C:\MCC18\src\traditional\delays\d1ktcyx.asm
              DHCPDisable   0x0146fc    program     extern C:\Users\Matt\Documents\Microchip\TcpStack-500-Olimex\Microchip\TCPIP Stack\DHCP.c
               DHCPEnable   0x01471a    program     extern C:\Users\Matt\Documents\Microchip\TcpStack-500-Olimex\Microchip\TCPIP Stack\DHCP.c
                DHCPReset   0x0146de    program     extern C:\Users\Matt\Documents\Microchip\TcpStack-500-Olimex\Microchip\TCPIP Stack\DHCP.c
                 DHCPTask   0x014730    program     extern C:\Users\Matt\Documents\Microchip\TcpStack-500-Olimex\Microchip\TCPIP Stack\DHCP.c
            DNSBeginUsage   0x012b8a    program     extern C:\Users\Matt\Documents\Microchip\TcpStack-500-Olimex\Microchip\TCPIP Stack\DNS.c
              DNSEndUsage   0x012b9c    program     extern C:\Users\Matt\Documents\Microchip\TcpStack-500-Olimex\Microchip\TCPIP Stack\DNS.c
             DNSGetString   0x0138c8    program     static C:\Users\Matt\Documents\Microchip\TcpStack-500-Olimex\Microchip\TCPIP Stack\DNS.c
            DNSIsResolved   0x012c8a    program     extern C:\Users\Matt\Documents\Microchip\TcpStack-500-Olimex\Microchip\TCPIP Stack\DNS.c
          DNSPutROMString   0x013788    program     static C:\Users\Matt\Documents\Microchip\TcpStack-500-Olimex\Microchip\TCPIP Stack\DNS.c
             DNSPutString   0x013688    program     static C:\Users\Matt\Documents\Microchip\TcpStack-500-Olimex\Microchip\TCPIP Stack\DNS.c
               DNSResolve   0x012bc4    program     extern C:\Users\Matt\Documents\Microchip\TcpStack-500-Olimex\Microchip\TCPIP Stack\DNS.c
            DNSResolveROM   0x012c22    program     extern C:\Users\Matt\Documents\Microchip\TcpStack-500-Olimex\Microchip\TCPIP Stack\DNS.c
             Delay10KTCYx   0x018d9e    program     extern C:\MCC18\src\traditional\delays\d10ktcyx.asm
              Delay1KTCYx   0x018e24    program     extern C:\MCC18\src\traditional\delays\d1ktcyx.asm
            DiscoveryTask   0x017b76    program     extern C:\Users\Matt\Documents\Microchip\TcpStack-500-Olimex\Microchip\TCPIP Stack\Announce.c
                 FXD1616U   0x018dcc    program     extern C:\MCC18\src\traditional\math\fxd1616u.c
                 FXD3232U   0x018d56    program     extern C:\MCC18\src\traditional\math\fxd3232u.c
                 FXM1616U   0x018a00    program     extern C:\MCC18\src\traditional\math\fxm1616u.asm
                 FXM2424U   0x018a3c    program     extern C:\MCC18\src\traditional\math\fxm2424u.asm
                  FXM3232   0x018c86    program     extern C:\MCC18\src\traditional\math\fxm3232.c
       FindMatchingSocket   0x01294c    program     static C:\Users\Matt\Documents\Microchip\TcpStack-500-Olimex\Microchip\TCPIP Stack\UDP.c
       FindMatchingSocket   0x0052ea    program     static C:\Users\Matt\Documents\Microchip\TcpStack-500-Olimex\Microchip\TCPIP Stack\TCP.c
        FormatNetBIOSName   0x011bc6    program     extern C:\Users\Matt\Documents\Microchip\TcpStack-500-Olimex\Microchip\TCPIP Stack\Helpers.c
      GenerateRandomDWORD   0x010b26    program     extern C:\Users\Matt\Documents\Microchip\TcpStack-500-Olimex\Microchip\TCPIP Stack\Helpers.c
              GetTickCopy   0x0188d0    program     static C:\Users\Matt\Documents\Microchip\TcpStack-500-Olimex\Microchip\TCPIP Stack\Tick.c
            HTTPCheckAuth   0x00d67e    program     extern C:\Users\Matt\Documents\Microchip\BTnicEmb\CustomHTTPApp.c
           HTTPExecuteGet   0x00d6e6    program     extern C:\Users\Matt\Documents\Microchip\BTnicEmb\CustomHTTPApp.c
          HTTPExecutePost   0x00d83a    program     extern C:\Users\Matt\Documents\Microchip\BTnicEmb\CustomHTTPApp.c
               HTTPGetArg   0x00af34    program     extern C:\Users\Matt\Documents\Microchip\TcpStack-500-Olimex\Microchip\TCPIP Stack\HTTP2.c
            HTTPGetROMArg   0x00b046    program     extern C:\Users\Matt\Documents\Microchip\TcpStack-500-Olimex\Microchip\TCPIP Stack\HTTP2.c
HTTPHeaderParseAuthorization   0x00aa4c    program     static C:\Users\Matt\Documents\Microchip\TcpStack-500-Olimex\Microchip\TCPIP Stack\HTTP2.c
HTTPHeaderParseContentLength   0x00ac82    program     static C:\Users\Matt\Documents\Microchip\TcpStack-500-Olimex\Microchip\TCPIP Stack\HTTP2.c
    HTTPHeaderParseLookup   0x00aa26    program     static C:\Users\Matt\Documents\Microchip\TcpStack-500-Olimex\Microchip\TCPIP Stack\HTTP2.c
              HTTPIncFile   0x00b6c6    program     extern C:\Users\Matt\Documents\Microchip\TcpStack-500-Olimex\Microchip\TCPIP Stack\HTTP2.c
                 HTTPInit   0x008e34    program     extern C:\Users\Matt\Documents\Microchip\TcpStack-500-Olimex\Microchip\TCPIP Stack\HTTP2.c
             HTTPLoadConn   0x009048    program     static C:\Users\Matt\Documents\Microchip\TcpStack-500-Olimex\Microchip\TCPIP Stack\HTTP2.c
            HTTPNeedsAuth   0x00d638    program     extern C:\Users\Matt\Documents\Microchip\BTnicEmb\CustomHTTPApp.c
           HTTPPostConfig   0x00d8ac    program     static C:\Users\Matt\Documents\Microchip\BTnicEmb\CustomHTTPApp.c
                HTTPPrint   0x008aa6    program     extern C:\Users\Matt\Documents\Microchip\BTnicEmb\HTTPPrint.h
              HTTPPrintIP   0x00e662    program     extern C:\Users\Matt\Documents\Microchip\BTnicEmb\CustomHTTPApp.c
               HTTPPrint_   0x008e08    program     extern C:\Users\Matt\Documents\Microchip\BTnicEmb\HTTPPrint.h
       HTTPPrint_BTBuffer   0x00e558    program     extern C:\Users\Matt\Documents\Microchip\BTnicEmb\CustomHTTPApp.c
    HTTPPrint_BTCommTimer   0x00e3f0    program     extern C:\Users\Matt\Documents\Microchip\BTnicEmb\CustomHTTPApp.c
      HTTPPrint_BTNic_CGI   0x00e102    program     extern C:\Users\Matt\Documents\Microchip\BTnicEmb\CustomHTTPApp.c
        HTTPPrint_BTState   0x00df2a    program     extern C:\Users\Matt\Documents\Microchip\BTnicEmb\CustomHTTPApp.c
          HTTPPrint_BTVer   0x00def4    program     extern C:\Users\Matt\Documents\Microchip\BTnicEmb\CustomHTTPApp.c
       HTTPPrint_Data_CGI   0x00edca    program     extern C:\Users\Matt\Documents\Microchip\BTnicEmb\CustomHTTPApp.c
        HTTPPrint_MEMDUMP   0x00ea62    program     extern C:\Users\Matt\Documents\Microchip\BTnicEmb\CustomHTTPApp.c
       HTTPPrint_SSP1CON1   0x00e2b8    program     extern C:\Users\Matt\Documents\Microchip\BTnicEmb\CustomHTTPApp.c
       HTTPPrint_SSP1CON2   0x00e320    program     extern C:\Users\Matt\Documents\Microchip\BTnicEmb\CustomHTTPApp.c
       HTTPPrint_SSP1STAT   0x00e388    program     extern C:\Users\Matt\Documents\Microchip\BTnicEmb\CustomHTTPApp.c
        HTTPPrint_TickGet   0x00e4a4    program     extern C:\Users\Matt\Documents\Microchip\BTnicEmb\CustomHTTPApp.c
HTTPPrint_config_dhcpchecked   0x00e75c    program     extern C:\Users\Matt\Documents\Microchip\BTnicEmb\CustomHTTPApp.c
    HTTPPrint_config_dns1   0x00e7f4    program     extern C:\Users\Matt\Documents\Microchip\BTnicEmb\CustomHTTPApp.c
    HTTPPrint_config_dns2   0x00e812    program     extern C:\Users\Matt\Documents\Microchip\BTnicEmb\CustomHTTPApp.c
      HTTPPrint_config_gw   0x00e7b8    program     extern C:\Users\Matt\Documents\Microchip\BTnicEmb\CustomHTTPApp.c
HTTPPrint_config_hostname   0x00e72a    program     extern C:\Users\Matt\Documents\Microchip\BTnicEmb\CustomHTTPApp.c
HTTPPrint_config_httpPort   0x00f0fe    program     extern C:\Users\Matt\Documents\Microchip\BTnicEmb\CustomHTTPApp.c
HTTPPrint_config_httpsPort   0x00f100    program     extern C:\Users\Matt\Documents\Microchip\BTnicEmb\CustomHTTPApp.c
      HTTPPrint_config_ip   0x00e79a    program     extern C:\Users\Matt\Documents\Microchip\BTnicEmb\CustomHTTPApp.c
     HTTPPrint_config_mac   0x00e830    program     extern C:\Users\Matt\Documents\Microchip\BTnicEmb\CustomHTTPApp.c
    HTTPPrint_config_pass   0x00f106    program     extern C:\Users\Matt\Documents\Microchip\BTnicEmb\CustomHTTPApp.c
 HTTPPrint_config_reqauth   0x00f108    program     extern C:\Users\Matt\Documents\Microchip\BTnicEmb\CustomHTTPApp.c
HTTPPrint_config_reqhttps   0x00f102    program     extern C:\Users\Matt\Documents\Microchip\BTnicEmb\CustomHTTPApp.c
  HTTPPrint_config_subnet   0x00e7d6    program     extern C:\Users\Matt\Documents\Microchip\BTnicEmb\CustomHTTPApp.c
    HTTPPrint_config_user   0x00f104    program     extern C:\Users\Matt\Documents\Microchip\BTnicEmb\CustomHTTPApp.c
         HTTPPrint_reboot   0x00e942    program     extern C:\Users\Matt\Documents\Microchip\BTnicEmb\CustomHTTPApp.c
     HTTPPrint_rebootaddr   0x00e946    program     extern C:\Users\Matt\Documents\Microchip\BTnicEmb\CustomHTTPApp.c
    HTTPPrint_status_fail   0x00e9ec    program     extern C:\Users\Matt\Documents\Microchip\BTnicEmb\CustomHTTPApp.c
      HTTPPrint_status_ok   0x00e976    program     extern C:\Users\Matt\Documents\Microchip\BTnicEmb\CustomHTTPApp.c
              HTTPProcess   0x00913c    program     static C:\Users\Matt\Documents\Microchip\TcpStack-500-Olimex\Microchip\TCPIP Stack\HTTP2.c
         HTTPReadPostName   0x00b1a0    program     extern C:\Users\Matt\Documents\Microchip\TcpStack-500-Olimex\Microchip\TCPIP Stack\HTTP2.c
        HTTPReadPostValue   0x00b214    program     extern C:\Users\Matt\Documents\Microchip\TcpStack-500-Olimex\Microchip\TCPIP Stack\HTTP2.c
               HTTPReadTo   0x00b2fe    program     static C:\Users\Matt\Documents\Microchip\TcpStack-500-Olimex\Microchip\TCPIP Stack\HTTP2.c
             HTTPSendFile   0x00a77a    program     static C:\Users\Matt\Documents\Microchip\TcpStack-500-Olimex\Microchip\TCPIP Stack\HTTP2.c
               HTTPServer   0x008f1e    program     extern C:\Users\Matt\Documents\Microchip\TcpStack-500-Olimex\Microchip\TCPIP Stack\HTTP2.c
            HTTPURLDecode   0x00ad72    program     extern C:\Users\Matt\Documents\Microchip\TcpStack-500-Olimex\Microchip\TCPIP Stack\HTTP2.c
                HTTP_CRLF   0x018e9c    program     static C:\Users\Matt\Documents\Microchip\TcpStack-500-Olimex\Microchip\TCPIP Stack\HTTP2.c
             HandleTCPSeg   0x005f06    program     static C:\Users\Matt\Documents\Microchip\TcpStack-500-Olimex\Microchip\TCPIP Stack\TCP.c
                  HighISR   0x015a2e    program     extern C:\Users\Matt\Documents\Microchip\BTnicEmb\Main.c
               HighVector   0x000008    program     extern C:\Users\Matt\Documents\Microchip\BTnicEmb\Main.c
              ICMPProcess   0x01877a    program     extern C:\Users\Matt\Documents\Microchip\TcpStack-500-Olimex\Microchip\TCPIP Stack\ICMP.c
              IPGetHeader   0x0172d4    program     extern C:\Users\Matt\Documents\Microchip\TcpStack-500-Olimex\Microchip\TCPIP Stack\IP.c
              IPPutHeader   0x017448    program     extern C:\Users\Matt\Documents\Microchip\TcpStack-500-Olimex\Microchip\TCPIP Stack\IP.c
            IPSetRxBuffer   0x0175ac    program     extern C:\Users\Matt\Documents\Microchip\TcpStack-500-Olimex\Microchip\TCPIP Stack\IP.c
            InitAppConfig   0x015c74    program     static C:\Users\Matt\Documents\Microchip\BTnicEmb\Main.c
          InitializeBoard   0x015c38    program     static C:\Users\Matt\Documents\Microchip\BTnicEmb\Main.c
                   LowISR   0x015974    program     extern C:\Users\Matt\Documents\Microchip\BTnicEmb\Main.c
                LowVector   0x000018    program     extern C:\Users\Matt\Documents\Microchip\BTnicEmb\Main.c
        MACCalcRxChecksum   0x013f8a    program     extern C:\Users\Matt\Documents\Microchip\TcpStack-500-Olimex\Microchip\TCPIP Stack\ETH97J60.c
             MACDiscardRx   0x013aac    program     extern C:\Users\Matt\Documents\Microchip\TcpStack-500-Olimex\Microchip\TCPIP Stack\ETH97J60.c
                 MACFlush   0x013e48    program     extern C:\Users\Matt\Documents\Microchip\TcpStack-500-Olimex\Microchip\TCPIP Stack\ETH97J60.c
                   MACGet   0x0144c6    program     extern C:\Users\Matt\Documents\Microchip\TcpStack-500-Olimex\Microchip\TCPIP Stack\ETH97J60.c
              MACGetArray   0x0144cc    program     extern C:\Users\Matt\Documents\Microchip\TcpStack-500-Olimex\Microchip\TCPIP Stack\ETH97J60.c
         MACGetFreeRxSize   0x013b42    program     extern C:\Users\Matt\Documents\Microchip\TcpStack-500-Olimex\Microchip\TCPIP Stack\ETH97J60.c
             MACGetHeader   0x013c3a    program     extern C:\Users\Matt\Documents\Microchip\TcpStack-500-Olimex\Microchip\TCPIP Stack\ETH97J60.c
                  MACInit   0x013948    program     extern C:\Users\Matt\Documents\Microchip\TcpStack-500-Olimex\Microchip\TCPIP Stack\ETH97J60.c
              MACIsLinked   0x013a52    program     extern C:\Users\Matt\Documents\Microchip\TcpStack-500-Olimex\Microchip\TCPIP Stack\ETH97J60.c
         MACIsMemCopyDone   0x0144b8    program     extern C:\Users\Matt\Documents\Microchip\TcpStack-500-Olimex\Microchip\TCPIP Stack\ETH97J60.c
             MACIsTxReady   0x013a72    program     extern C:\Users\Matt\Documents\Microchip\TcpStack-500-Olimex\Microchip\TCPIP Stack\ETH97J60.c
          MACMemCopyAsync   0x014250    program     extern C:\Users\Matt\Documents\Microchip\TcpStack-500-Olimex\Microchip\TCPIP Stack\ETH97J60.c
             MACPowerDown   0x0146be    program     extern C:\Users\Matt\Documents\Microchip\TcpStack-500-Olimex\Microchip\TCPIP Stack\ETH97J60.c
               MACPowerUp   0x0146d0    program     extern C:\Users\Matt\Documents\Microchip\TcpStack-500-Olimex\Microchip\TCPIP Stack\ETH97J60.c
                   MACPut   0x01456c    program     extern C:\Users\Matt\Documents\Microchip\TcpStack-500-Olimex\Microchip\TCPIP Stack\ETH97J60.c
              MACPutArray   0x014586    program     extern C:\Users\Matt\Documents\Microchip\TcpStack-500-Olimex\Microchip\TCPIP Stack\ETH97J60.c
             MACPutHeader   0x013dc2    program     extern C:\Users\Matt\Documents\Microchip\TcpStack-500-Olimex\Microchip\TCPIP Stack\ETH97J60.c
           MACPutROMArray   0x0145ca    program     extern C:\Users\Matt\Documents\Microchip\TcpStack-500-Olimex\Microchip\TCPIP Stack\ETH97J60.c
            MACSetReadPtr   0x013f44    program     extern C:\Users\Matt\Documents\Microchip\TcpStack-500-Olimex\Microchip\TCPIP Stack\ETH97J60.c
        MACSetReadPtrInRx   0x013e7e    program     extern C:\Users\Matt\Documents\Microchip\TcpStack-500-Olimex\Microchip\TCPIP Stack\ETH97J60.c
           MACSetWritePtr   0x013efe    program     extern C:\Users\Matt\Documents\Microchip\TcpStack-500-Olimex\Microchip\TCPIP Stack\ETH97J60.c
                MPFSClose   0x00f972    program     extern C:\Users\Matt\Documents\Microchip\TcpStack-500-Olimex\Microchip\TCPIP Stack\MPFS2.c
                  MPFSGet   0x00f9c6    program     extern C:\Users\Matt\Documents\Microchip\TcpStack-500-Olimex\Microchip\TCPIP Stack\MPFS2.c
             MPFSGetArray   0x00fba4    program     extern C:\Users\Matt\Documents\Microchip\TcpStack-500-Olimex\Microchip\TCPIP Stack\MPFS2.c
          MPFSGetBytesRem   0x010694    program     extern C:\Users\Matt\Documents\Microchip\TcpStack-500-Olimex\Microchip\TCPIP Stack\MPFS2.c
           MPFSGetEndAddr   0x0107f6    program     extern C:\Users\Matt\Documents\Microchip\TcpStack-500-Olimex\Microchip\TCPIP Stack\MPFS2.c
          MPFSGetFilename   0x0108c8    program     extern C:\Users\Matt\Documents\Microchip\TcpStack-500-Olimex\Microchip\TCPIP Stack\MPFS2.c
             MPFSGetFlags   0x010544    program     extern C:\Users\Matt\Documents\Microchip\TcpStack-500-Olimex\Microchip\TCPIP Stack\MPFS2.c
                MPFSGetID   0x010a60    program     extern C:\Users\Matt\Documents\Microchip\TcpStack-500-Olimex\Microchip\TCPIP Stack\MPFS2.c
              MPFSGetLong   0x00fe52    program     extern C:\Users\Matt\Documents\Microchip\TcpStack-500-Olimex\Microchip\TCPIP Stack\MPFS2.c
         MPFSGetMicrotime   0x010494    program     extern C:\Users\Matt\Documents\Microchip\TcpStack-500-Olimex\Microchip\TCPIP Stack\MPFS2.c
          MPFSGetPosition   0x0109ce    program     extern C:\Users\Matt\Documents\Microchip\TcpStack-500-Olimex\Microchip\TCPIP Stack\MPFS2.c
              MPFSGetSize   0x0105e4    program     extern C:\Users\Matt\Documents\Microchip\TcpStack-500-Olimex\Microchip\TCPIP Stack\MPFS2.c
         MPFSGetStartAddr   0x010746    program     extern C:\Users\Matt\Documents\Microchip\TcpStack-500-Olimex\Microchip\TCPIP Stack\MPFS2.c
         MPFSGetTimestamp   0x0103e4    program     extern C:\Users\Matt\Documents\Microchip\TcpStack-500-Olimex\Microchip\TCPIP Stack\MPFS2.c
                 MPFSInit   0x00f10a    program     extern C:\Users\Matt\Documents\Microchip\TcpStack-500-Olimex\Microchip\TCPIP Stack\MPFS2.c
                 MPFSOpen   0x00f168    program     extern C:\Users\Matt\Documents\Microchip\TcpStack-500-Olimex\Microchip\TCPIP Stack\MPFS2.c
               MPFSOpenID   0x00f83a    program     extern C:\Users\Matt\Documents\Microchip\TcpStack-500-Olimex\Microchip\TCPIP Stack\MPFS2.c
              MPFSOpenROM   0x00f4ae    program     extern C:\Users\Matt\Documents\Microchip\TcpStack-500-Olimex\Microchip\TCPIP Stack\MPFS2.c
                 MPFSSeek   0x00fe9e    program     extern C:\Users\Matt\Documents\Microchip\TcpStack-500-Olimex\Microchip\TCPIP Stack\MPFS2.c
              MPFS_000001   0x00bcc2    program     extern C:\Users\Matt\Documents\Microchip\BTnicEmb\MPFSImg2.c
              MPFS_000002   0x00c0c2    program     extern C:\Users\Matt\Documents\Microchip\BTnicEmb\MPFSImg2.c
              MPFS_000003   0x00c4c2    program     extern C:\Users\Matt\Documents\Microchip\BTnicEmb\MPFSImg2.c
              MPFS_000004   0x00c8c2    program     extern C:\Users\Matt\Documents\Microchip\BTnicEmb\MPFSImg2.c
              MPFS_000005   0x00ccc2    program     extern C:\Users\Matt\Documents\Microchip\BTnicEmb\MPFSImg2.c
              MPFS_000006   0x00d0c2    program     extern C:\Users\Matt\Documents\Microchip\BTnicEmb\MPFSImg2.c
              MPFS_000007   0x00d4c2    program     extern C:\Users\Matt\Documents\Microchip\BTnicEmb\MPFSImg2.c
               MPFS_Start   0x00b8c2    program     extern C:\Users\Matt\Documents\Microchip\BTnicEmb\MPFSImg2.c
                  OneByte   0x0172c2    program     static C:\MCC18\src\traditional\stdclib\ltobcd.asm
                  OneByte   0x01710c    program     static C:\MCC18\src\traditional\stdclib\itobcd.asm
                OpenSWSPI   0x018e8c    program     extern C:\Users\Matt\Documents\Microchip\BTnicEmb\opensspi.c
                ProcLower   0x01725a    program     static C:\MCC18\src\traditional\stdclib\ultoa.asm
                ProcLower   0x0170c0    program     static C:\MCC18\src\traditional\stdclib\itoa.asm
                ProcUpper   0x0170b6    program     static C:\MCC18\src\traditional\stdclib\itoa.asm
                ProcUpper   0x017250    program     static C:\MCC18\src\traditional\stdclib\ultoa.asm
     ROMStringToIPAddress   0x01107e    program     extern C:\Users\Matt\Documents\Microchip\TcpStack-500-Olimex\Microchip\TCPIP Stack\Helpers.c
                 ReadI2C1   0x018e60    program     extern C:\MCC18\src\pmc_common\i2c\i2c1read.c
               ReadPHYReg   0x014620    program     extern C:\Users\Matt\Documents\Microchip\TcpStack-500-Olimex\Microchip\TCPIP Stack\ETH97J60.c
                ReadSWSPI   0x018b6c    program     extern C:\Users\Matt\Documents\Microchip\BTnicEmb\readsspi.c
               RebootTask   0x018618    program     extern C:\Users\Matt\Documents\Microchip\TcpStack-500-Olimex\Microchip\TCPIP Stack\Reboot.c
               SNTPClient   0x015f02    program     extern C:\Users\Matt\Documents\Microchip\TcpStack-500-Olimex\Microchip\TCPIP Stack\SNTP.c
        SNTPGetUTCSeconds   0x01637a    program     extern C:\Users\Matt\Documents\Microchip\TcpStack-500-Olimex\Microchip\TCPIP Stack\SNTP.c
            SaveAppConfig   0x015e60    program     extern C:\Users\Matt\Documents\Microchip\BTnicEmb\Main.c
                  SendTCP   0x0043b0    program     static C:\Users\Matt\Documents\Microchip\TcpStack-500-Olimex\Microchip\TCPIP Stack\TCP.c
               SetCSSWSPI   0x00000e    program     extern C:\Users\Matt\Documents\Microchip\BTnicEmb\setcsspi.c
        StackApplications   0x017f7c    program     extern C:\Users\Matt\Documents\Microchip\TcpStack-500-Olimex\Microchip\TCPIP Stack\StackTsk.c
                StackInit   0x017d0e    program     extern C:\Users\Matt\Documents\Microchip\TcpStack-500-Olimex\Microchip\TCPIP Stack\StackTsk.c
                StackTask   0x017d52    program     extern C:\Users\Matt\Documents\Microchip\TcpStack-500-Olimex\Microchip\TCPIP Stack\StackTsk.c
        StringToIPAddress   0x010e2a    program     extern C:\Users\Matt\Documents\Microchip\TcpStack-500-Olimex\Microchip\TCPIP Stack\Helpers.c
            SwapARPPacket   0x01589c    program     static C:\Users\Matt\Documents\Microchip\TcpStack-500-Olimex\Microchip\TCPIP Stack\ARP.c
             SwapIPHeader   0x0175e6    program     static C:\Users\Matt\Documents\Microchip\TcpStack-500-Olimex\Microchip\TCPIP Stack\IP.c
            SwapTCPHeader   0x0059c6    program     static C:\Users\Matt\Documents\Microchip\TcpStack-500-Olimex\Microchip\TCPIP Stack\TCP.c
                  SyncTCB   0x0000c8    program     static C:\Users\Matt\Documents\Microchip\TcpStack-500-Olimex\Microchip\TCPIP Stack\TCP.c
        TCPAdjustFIFOSize   0x0080da    program     extern C:\Users\Matt\Documents\Microchip\TcpStack-500-Olimex\Microchip\TCPIP Stack\TCP.c
               TCPDiscard   0x001ac0    program     extern C:\Users\Matt\Documents\Microchip\TcpStack-500-Olimex\Microchip\TCPIP Stack\TCP.c
            TCPDisconnect   0x0009be    program     extern C:\Users\Matt\Documents\Microchip\TcpStack-500-Olimex\Microchip\TCPIP Stack\TCP.c
           TCPFindArrayEx   0x0023a4    program     extern C:\Users\Matt\Documents\Microchip\TcpStack-500-Olimex\Microchip\TCPIP Stack\TCP.c
                TCPFindEx   0x0031ea    program     extern C:\Users\Matt\Documents\Microchip\TcpStack-500-Olimex\Microchip\TCPIP Stack\TCP.c
        TCPFindROMArrayEx   0x002a98    program     extern C:\Users\Matt\Documents\Microchip\TcpStack-500-Olimex\Microchip\TCPIP Stack\TCP.c
                 TCPFlush   0x000b72    program     extern C:\Users\Matt\Documents\Microchip\TcpStack-500-Olimex\Microchip\TCPIP Stack\TCP.c
                   TCPGet   0x001cc0    program     extern C:\Users\Matt\Documents\Microchip\TcpStack-500-Olimex\Microchip\TCPIP Stack\TCP.c
              TCPGetArray   0x001ee2    program     extern C:\Users\Matt\Documents\Microchip\TcpStack-500-Olimex\Microchip\TCPIP Stack\TCP.c
         TCPGetRemoteInfo   0x000b1c    program     extern C:\Users\Matt\Documents\Microchip\TcpStack-500-Olimex\Microchip\TCPIP Stack\TCP.c
         TCPGetRxFIFOFree   0x0022ee    program     extern C:\Users\Matt\Documents\Microchip\TcpStack-500-Olimex\Microchip\TCPIP Stack\TCP.c
         TCPGetTxFIFOFull   0x001a0c    program     extern C:\Users\Matt\Documents\Microchip\TcpStack-500-Olimex\Microchip\TCPIP Stack\TCP.c
                  TCPInit   0x0001b4    program     extern C:\Users\Matt\Documents\Microchip\TcpStack-500-Olimex\Microchip\TCPIP Stack\TCP.c
           TCPIsConnected   0x00097c    program     extern C:\Users\Matt\Documents\Microchip\TcpStack-500-Olimex\Microchip\TCPIP Stack\TCP.c
            TCPIsGetReady   0x001b48    program     extern C:\Users\Matt\Documents\Microchip\TcpStack-500-Olimex\Microchip\TCPIP Stack\TCP.c
            TCPIsPutReady   0x000bd0    program     extern C:\Users\Matt\Documents\Microchip\TcpStack-500-Olimex\Microchip\TCPIP Stack\TCP.c
                  TCPOpen   0x0005b6    program     extern C:\Users\Matt\Documents\Microchip\TcpStack-500-Olimex\Microchip\TCPIP Stack\TCP.c
               TCPProcess   0x0041a2    program     extern C:\Users\Matt\Documents\Microchip\TcpStack-500-Olimex\Microchip\TCPIP Stack\TCP.c
                   TCPPut   0x000d7a    program     extern C:\Users\Matt\Documents\Microchip\TcpStack-500-Olimex\Microchip\TCPIP Stack\TCP.c
              TCPPutArray   0x001034    program     extern C:\Users\Matt\Documents\Microchip\TcpStack-500-Olimex\Microchip\TCPIP Stack\TCP.c
           TCPPutROMArray   0x00148a    program     extern C:\Users\Matt\Documents\Microchip\TcpStack-500-Olimex\Microchip\TCPIP Stack\TCP.c
          TCPPutROMString   0x001978    program     extern C:\Users\Matt\Documents\Microchip\TcpStack-500-Olimex\Microchip\TCPIP Stack\TCP.c
             TCPPutString   0x0018f0    program     extern C:\Users\Matt\Documents\Microchip\TcpStack-500-Olimex\Microchip\TCPIP Stack\TCP.c
               TCPRAMCopy   0x0087e4    program     static C:\Users\Matt\Documents\Microchip\TcpStack-500-Olimex\Microchip\TCPIP Stack\TCP.c
            TCPRAMCopyROM   0x008926    program     static C:\Users\Matt\Documents\Microchip\TcpStack-500-Olimex\Microchip\TCPIP Stack\TCP.c
     TCPSocketInitializer   0x018e7a    program     extern C:\Users\Matt\Documents\Microchip\BTnicEmb\TCPIPConfig.h
                  TCPTick   0x00323e    program     extern C:\Users\Matt\Documents\Microchip\TcpStack-500-Olimex\Microchip\TCPIP Stack\TCP.c
              TCPWasReset   0x000918    program     extern C:\Users\Matt\Documents\Microchip\TcpStack-500-Olimex\Microchip\TCPIP Stack\TCP.c
TickConvertToMilliseconds   0x0189a8    program     extern C:\Users\Matt\Documents\Microchip\TcpStack-500-Olimex\Microchip\TCPIP Stack\Tick.c
                  TickGet   0x0188f6    program     extern C:\Users\Matt\Documents\Microchip\TcpStack-500-Olimex\Microchip\TCPIP Stack\Tick.c
            TickGetDiv256   0x01890c    program     extern C:\Users\Matt\Documents\Microchip\TcpStack-500-Olimex\Microchip\TCPIP Stack\Tick.c
            TickGetDiv64K   0x01895a    program     extern C:\Users\Matt\Documents\Microchip\TcpStack-500-Olimex\Microchip\TCPIP Stack\Tick.c
                 TickInit   0x0188c0    program     extern C:\Users\Matt\Documents\Microchip\TcpStack-500-Olimex\Microchip\TCPIP Stack\Tick.c
               TickUpdate   0x0189ec    program     extern C:\Users\Matt\Documents\Microchip\TcpStack-500-Olimex\Microchip\TCPIP Stack\Tick.c
                 TstLower   0x017244    program     static C:\MCC18\src\traditional\stdclib\ultoa.asm
                 TstLower   0x0170aa    program     static C:\MCC18\src\traditional\stdclib\itoa.asm
                 TstUpper   0x0170a4    program     static C:\MCC18\src\traditional\stdclib\itoa.asm
                 TstUpper   0x01723e    program     static C:\MCC18\src\traditional\stdclib\ultoa.asm
                 UDPClose   0x011e30    program     extern C:\Users\Matt\Documents\Microchip\TcpStack-500-Olimex\Microchip\TCPIP Stack\UDP.c
               UDPDiscard   0x012702    program     extern C:\Users\Matt\Documents\Microchip\TcpStack-500-Olimex\Microchip\TCPIP Stack\UDP.c
                 UDPFlush   0x012304    program     extern C:\Users\Matt\Documents\Microchip\TcpStack-500-Olimex\Microchip\TCPIP Stack\UDP.c
                   UDPGet   0x0125d8    program     extern C:\Users\Matt\Documents\Microchip\TcpStack-500-Olimex\Microchip\TCPIP Stack\UDP.c
              UDPGetArray   0x012624    program     extern C:\Users\Matt\Documents\Microchip\TcpStack-500-Olimex\Microchip\TCPIP Stack\UDP.c
                  UDPInit   0x011c58    program     extern C:\Users\Matt\Documents\Microchip\TcpStack-500-Olimex\Microchip\TCPIP Stack\UDP.c
            UDPIsGetReady   0x012588    program     extern C:\Users\Matt\Documents\Microchip\TcpStack-500-Olimex\Microchip\TCPIP Stack\UDP.c
            UDPIsPutReady   0x011f3c    program     extern C:\Users\Matt\Documents\Microchip\TcpStack-500-Olimex\Microchip\TCPIP Stack\UDP.c
                  UDPOpen   0x011c8a    program     extern C:\Users\Matt\Documents\Microchip\TcpStack-500-Olimex\Microchip\TCPIP Stack\UDP.c
               UDPProcess   0x01271c    program     extern C:\Users\Matt\Documents\Microchip\TcpStack-500-Olimex\Microchip\TCPIP Stack\UDP.c
                   UDPPut   0x011fbc    program     extern C:\Users\Matt\Documents\Microchip\TcpStack-500-Olimex\Microchip\TCPIP Stack\UDP.c
              UDPPutArray   0x012018    program     extern C:\Users\Matt\Documents\Microchip\TcpStack-500-Olimex\Microchip\TCPIP Stack\UDP.c
           UDPPutROMArray   0x012104    program     extern C:\Users\Matt\Documents\Microchip\TcpStack-500-Olimex\Microchip\TCPIP Stack\UDP.c
          UDPPutROMString   0x012276    program     extern C:\Users\Matt\Documents\Microchip\TcpStack-500-Olimex\Microchip\TCPIP Stack\UDP.c
             UDPPutString   0x0121f6    program     extern C:\Users\Matt\Documents\Microchip\TcpStack-500-Olimex\Microchip\TCPIP Stack\UDP.c
           UDPSetRxBuffer   0x011ef8    program     extern C:\Users\Matt\Documents\Microchip\TcpStack-500-Olimex\Microchip\TCPIP Stack\UDP.c
           UDPSetTxBuffer   0x011e8a    program     extern C:\Users\Matt\Documents\Microchip\TcpStack-500-Olimex\Microchip\TCPIP Stack\UDP.c
                  UDPTask   0x011c84    program     extern C:\Users\Matt\Documents\Microchip\TcpStack-500-Olimex\Microchip\TCPIP Stack\UDP.c
                WriteI2C1   0x018c06    program     extern C:\MCC18\src\pmc_common\i2c\i2c1writ.c
              WritePHYReg   0x01467a    program     extern C:\Users\Matt\Documents\Microchip\TcpStack-500-Olimex\Microchip\TCPIP Stack\ETH97J60.c
               WriteSWSPI   0x018cf6    program     extern C:\Users\Matt\Documents\Microchip\BTnicEmb\wrtsspi.c
                  _14jEnd   0x016fb2    program     static C:\MCC18\src\traditional\stdclib\atol.asm
              _2jContinue   0x0182c4    program     static C:\MCC18\src\traditional\stdclib\memset.asm
                   _2jEnd   0x0183c6    program     static C:\MCC18\src\traditional\stdclib\slenpgm.asm
              _3jContinue   0x0181f4    program     static C:\MCC18\src\traditional\stdclib\mcmpp2r.asm
              _3jContinue   0x018290    program     static C:\MCC18\src\traditional\stdclib\mcpyp2r.asm
                   _3jEnd   0x0182ce    program     static C:\MCC18\src\traditional\stdclib\memset.asm
              _4jContinue   0x01823c    program     static C:\MCC18\src\traditional\stdclib\memcpy.asm
                   _4jEnd   0x0181fe    program     static C:\MCC18\src\traditional\stdclib\mcmpp2r.asm
                   _4jEnd   0x01829a    program     static C:\MCC18\src\traditional\stdclib\mcpyp2r.asm
                   _5jEnd   0x018246    program     static C:\MCC18\src\traditional\stdclib\memcpy.asm
       _D10KTCYXCODE_0010   0x018dae    program     static C:\MCC18\src\traditional\delays\d10ktcyx.asm
       _D10KTCYXCODE_001C   0x018dba    program     static C:\MCC18\src\traditional\delays\d10ktcyx.asm
        _D1KTCYXCODE_0010   0x018e34    program     static C:\MCC18\src\traditional\delays\d1ktcyx.asm
        _D1KTCYXCODE_0016   0x018e3a    program     static C:\MCC18\src\traditional\delays\d1ktcyx.asm
             _DHCPReceive   0x014b7c    program     static C:\Users\Matt\Documents\Microchip\TcpStack-500-Olimex\Microchip\TCPIP Stack\DHCP.c
                _DHCPSend   0x01510e    program     static C:\Users\Matt\Documents\Microchip\TcpStack-500-Olimex\Microchip\TCPIP Stack\DHCP.c
           _LoadFATRecord   0x01032c    program     static C:\Users\Matt\Documents\Microchip\TcpStack-500-Olimex\Microchip\TCPIP Stack\MPFS2.c
                _Validate   0x010aa0    program     static C:\Users\Matt\Documents\Microchip\TcpStack-500-Olimex\Microchip\TCPIP Stack\MPFS2.c
           ___do_lbl00001   0x018be4    program     static                          
           ___do_lbl00002   0x018be8    program     static                          
           ___do_lbl00002   0x0188ee    program     static                          
           ___do_lbl00002   0x018d42    program     static                          
           ___do_lbl00003   0x018d46    program     static                          
           ___do_lbl00003   0x0188f2    program     static                          
           ___do_lbl00004   0x0188d0    program     static                          
           ___do_lbl00004   0x018b8a    program     static                          
           ___do_lbl00006   0x018d16    program     static                          
          ___for_lbl00122   0x011b82    program     static                          
          ___for_lbl00123   0x011b88    program     static                          
          ___for_lbl00124   0x011b64    program     static                          
          ___for_lbl00125   0x011b9c    program     static                          
          ___for_lbl00126   0x011ba0    program     static                          
          ___for_lbl00127   0x011b88    program     static                          
           ___if_lbl00001   0x01864e    program     static                          
           ___if_lbl00001   0x018d12    program     static                          
           ___if_lbl00002   0x018658    program     static                          
           ___if_lbl00003   0x018bba    program     static                          
           ___if_lbl00003   0x018672    program     static                          
           ___if_lbl00004   0x018d1c    program     static                          
           ___if_lbl00004   0x0186e2    program     static                          
           ___if_lbl00005   0x010d12    program     static                          
           ___if_lbl00005   0x018d40    program     static                          
           ___if_lbl00006   0x010d30    program     static                          
           ___if_lbl00007   0x010dc6    program     static                          
           ___if_lbl00008   0x010dcc    program     static                          
           ___if_lbl00010   0x015bac    program     static                          
           ___if_lbl00011   0x015bae    program     static                          
           ___if_lbl00014   0x015c06    program     static                          
           ___if_lbl00017   0x015c1a    program     static                          
           ___if_lbl00020   0x013c50    program     static                          
           ___if_lbl00021   0x013c5c    program     static                          
           ___if_lbl00027   0x013d2a    program     static                          
           ___if_lbl00030   0x013da2    program     static                          
       ___return_lbl00000   0x000004    program     static                          
       ___return_lbl00000   0x013a48    program     static                          
       ___return_lbl00000   0x018df6    program     static                          
       ___return_lbl00000   0x018bee    program     static                          
       ___return_lbl00000   0x018d9c    program     static                          
       ___return_lbl00000   0x018cf4    program     static                          
       ___return_lbl00000   0x018d4c    program     static                          
       ___return_lbl00000   0x018766    program     static                          
       ___return_lbl00000   0x010e16    program     static                          
       ___return_lbl00001   0x018e5e    program     static                          
       ___return_lbl00001   0x0188f4    program     static                          
       ___return_lbl00002   0x018b6a    program     static                          
       ___return_lbl00003   0x00001c    program     static                          
       ___return_lbl00004   0x00000c    program     static                          
       ___return_lbl00005   0x015c24    program     static                          
       ___return_lbl00011   0x0181bc    program     static                          
       ___return_lbl00012   0x0181c8    program     static                          
       ___return_lbl00019   0x013daa    program     static                          
       ___return_lbl00019   0x01860a    program     static                          
       ___return_lbl00020   0x018616    program     static                          
       ___return_lbl00031   0x017a54    program     static                          
       ___return_lbl00032   0x017a60    program     static                          
       ___return_lbl00079   0x01457e    program     static                          
       ___return_lbl00080   0x0145c2    program     static                          
       ___return_lbl00083   0x014618    program     static                          
       ___return_lbl00086   0x014666    program     static                          
       ___return_lbl00089   0x0146b4    program     static                          
       ___return_lbl00120   0x00e944    program     static                          
       ___return_lbl00121   0x011bb2    program     static                          
        ___while_lbl00001   0x010ba6    program     static                          
        ___while_lbl00001   0x01395a    program     static                          
        ___while_lbl00002   0x010dce    program     static                          
        ___while_lbl00002   0x013960    program     static                          
        ___while_lbl00003   0x010bae    program     static                          
        ___while_lbl00004   0x010bb2    program     static                          
        ___while_lbl00006   0x015b22    program     static                          
        ___while_lbl00007   0x015bae    program     static                          
        ___while_lbl00008   0x015ba6    program     static                          
        ___while_lbl00009   0x015baa    program     static                          
        ___while_lbl00012   0x015bb8    program     static                          
        ___while_lbl00013   0x015c24    program     static                          
        ___while_lbl00015   0x015c12    program     static                          
        ___while_lbl00016   0x015c16    program     static                          
        ___while_lbl00081   0x01458e    program     static                          
        ___while_lbl00082   0x0145c2    program     static                          
        ___while_lbl00084   0x0145d2    program     static                          
        ___while_lbl00085   0x014618    program     static                          
        ___while_lbl00087   0x01463c    program     static                          
        ___while_lbl00088   0x014642    program     static                          
        ___while_lbl00090   0x0146ae    program     static                          
        ___while_lbl00091   0x0146b4    program     static                          
               __config_0   0x01fff8    program     static C:\Users\Matt\Documents\Microchip\BTnicEmb\Main.c
               __config_1   0x01fff9    program     static C:\Users\Matt\Documents\Microchip\BTnicEmb\Main.c
               __config_2   0x01fffa    program     static C:\Users\Matt\Documents\Microchip\BTnicEmb\Main.c
               __config_3   0x01fffb    program     static C:\Users\Matt\Documents\Microchip\BTnicEmb\Main.c
               __config_4   0x01fffd    program     static C:\Users\Matt\Documents\Microchip\BTnicEmb\Main.c
                   __init   0x000006    program     extern C:\MCC18\src\traditional\stdclib\__init.c
               __string_0   0x01659a    program     static C:\Users\Matt\Documents\Microchip\BTnicEmb\CustomHTTPApp.c
               __string_0   0x0169ab    program     static C:\Users\Matt\Documents\Microchip\TcpStack-500-Olimex\Microchip\TCPIP Stack\HTTP2.c
               __string_0   0x0169b7    program     static C:\Users\Matt\Documents\Microchip\TcpStack-500-Olimex\Microchip\TCPIP Stack\SNTP.c
               __string_0   0x0169c4    program     static C:\Users\Matt\Documents\Microchip\TcpStack-500-Olimex\Microchip\TCPIP Stack\Announce.c
               __string_0   0x016478    program     static C:\Users\Matt\Documents\Microchip\BTnicEmb\Main.c
               __string_0   0x0169b0    program     static C:\Users\Matt\Documents\Microchip\TcpStack-500-Olimex\Microchip\TCPIP Stack\MPFS2.c
               __string_1   0x016594    program     static C:\Users\Matt\Documents\Microchip\BTnicEmb\CustomHTTPApp.c
              __string_10   0x016547    program     static C:\Users\Matt\Documents\Microchip\BTnicEmb\CustomHTTPApp.c
              __string_10   0x016986    program     static C:\Users\Matt\Documents\Microchip\TcpStack-500-Olimex\Microchip\TCPIP Stack\HTTP2.c
              __string_11   0x016542    program     static C:\Users\Matt\Documents\Microchip\BTnicEmb\CustomHTTPApp.c
              __string_11   0x016982    program     static C:\Users\Matt\Documents\Microchip\TcpStack-500-Olimex\Microchip\TCPIP Stack\HTTP2.c
              __string_12   0x01653e    program     static C:\Users\Matt\Documents\Microchip\BTnicEmb\CustomHTTPApp.c
              __string_12   0x01697e    program     static C:\Users\Matt\Documents\Microchip\TcpStack-500-Olimex\Microchip\TCPIP Stack\HTTP2.c
              __string_13   0x016539    program     static C:\Users\Matt\Documents\Microchip\BTnicEmb\CustomHTTPApp.c
              __string_13   0x01697a    program     static C:\Users\Matt\Documents\Microchip\TcpStack-500-Olimex\Microchip\TCPIP Stack\HTTP2.c
              __string_14   0x016534    program     static C:\Users\Matt\Documents\Microchip\BTnicEmb\CustomHTTPApp.c
              __string_14   0x01696f    program     static C:\Users\Matt\Documents\Microchip\TcpStack-500-Olimex\Microchip\TCPIP Stack\HTTP2.c
              __string_15   0x01651f    program     static C:\Users\Matt\Documents\Microchip\BTnicEmb\CustomHTTPApp.c
              __string_15   0x016965    program     static C:\Users\Matt\Documents\Microchip\TcpStack-500-Olimex\Microchip\TCPIP Stack\HTTP2.c
              __string_16   0x01650b    program     static C:\Users\Matt\Documents\Microchip\BTnicEmb\CustomHTTPApp.c
              __string_16   0x01695c    program     static C:\Users\Matt\Documents\Microchip\TcpStack-500-Olimex\Microchip\TCPIP Stack\HTTP2.c
              __string_17   0x016953    program     static C:\Users\Matt\Documents\Microchip\TcpStack-500-Olimex\Microchip\TCPIP Stack\HTTP2.c
              __string_17   0x016507    program     static C:\Users\Matt\Documents\Microchip\BTnicEmb\CustomHTTPApp.c
              __string_18   0x016949    program     static C:\Users\Matt\Documents\Microchip\TcpStack-500-Olimex\Microchip\TCPIP Stack\HTTP2.c
              __string_18   0x016502    program     static C:\Users\Matt\Documents\Microchip\BTnicEmb\CustomHTTPApp.c
              __string_19   0x0164ff    program     static C:\Users\Matt\Documents\Microchip\BTnicEmb\CustomHTTPApp.c
              __string_19   0x01693f    program     static C:\Users\Matt\Documents\Microchip\TcpStack-500-Olimex\Microchip\TCPIP Stack\HTTP2.c
               __string_2   0x01658a    program     static C:\Users\Matt\Documents\Microchip\BTnicEmb\CustomHTTPApp.c
               __string_2   0x0169a7    program     static C:\Users\Matt\Documents\Microchip\TcpStack-500-Olimex\Microchip\TCPIP Stack\HTTP2.c
              __string_20   0x016934    program     static C:\Users\Matt\Documents\Microchip\TcpStack-500-Olimex\Microchip\TCPIP Stack\HTTP2.c
              __string_20   0x0164fa    program     static C:\Users\Matt\Documents\Microchip\BTnicEmb\CustomHTTPApp.c
              __string_21   0x016920    program     static C:\Users\Matt\Documents\Microchip\TcpStack-500-Olimex\Microchip\TCPIP Stack\HTTP2.c
              __string_21   0x0164f7    program     static C:\Users\Matt\Documents\Microchip\BTnicEmb\CustomHTTPApp.c
              __string_22   0x016913    program     static C:\Users\Matt\Documents\Microchip\TcpStack-500-Olimex\Microchip\TCPIP Stack\HTTP2.c
              __string_22   0x0164f3    program     static C:\Users\Matt\Documents\Microchip\BTnicEmb\CustomHTTPApp.c
              __string_23   0x016912    program     static C:\Users\Matt\Documents\Microchip\TcpStack-500-Olimex\Microchip\TCPIP Stack\HTTP2.c
              __string_23   0x0164eb    program     static C:\Users\Matt\Documents\Microchip\BTnicEmb\CustomHTTPApp.c
              __string_24   0x0168ed    program     static C:\Users\Matt\Documents\Microchip\TcpStack-500-Olimex\Microchip\TCPIP Stack\HTTP2.c
              __string_24   0x0164e2    program     static C:\Users\Matt\Documents\Microchip\BTnicEmb\CustomHTTPApp.c
              __string_25   0x01686c    program     static C:\Users\Matt\Documents\Microchip\TcpStack-500-Olimex\Microchip\TCPIP Stack\HTTP2.c
              __string_25   0x0164d8    program     static C:\Users\Matt\Documents\Microchip\BTnicEmb\CustomHTTPApp.c
              __string_26   0x0164d5    program     static C:\Users\Matt\Documents\Microchip\BTnicEmb\CustomHTTPApp.c
              __string_26   0x016829    program     static C:\Users\Matt\Documents\Microchip\TcpStack-500-Olimex\Microchip\TCPIP Stack\HTTP2.c
              __string_27   0x0164d1    program     static C:\Users\Matt\Documents\Microchip\BTnicEmb\CustomHTTPApp.c
              __string_27   0x0167bc    program     static C:\Users\Matt\Documents\Microchip\TcpStack-500-Olimex\Microchip\TCPIP Stack\HTTP2.c
              __string_28   0x0164ce    program     static C:\Users\Matt\Documents\Microchip\BTnicEmb\CustomHTTPApp.c
              __string_28   0x01674c    program     static C:\Users\Matt\Documents\Microchip\TcpStack-500-Olimex\Microchip\TCPIP Stack\HTTP2.c
              __string_29   0x0164c6    program     static C:\Users\Matt\Documents\Microchip\BTnicEmb\CustomHTTPApp.c
              __string_29   0x0166e6    program     static C:\Users\Matt\Documents\Microchip\TcpStack-500-Olimex\Microchip\TCPIP Stack\HTTP2.c
               __string_3   0x0169a3    program     static C:\Users\Matt\Documents\Microchip\TcpStack-500-Olimex\Microchip\TCPIP Stack\HTTP2.c
               __string_3   0x016581    program     static C:\Users\Matt\Documents\Microchip\BTnicEmb\CustomHTTPApp.c
              __string_30   0x0166b4    program     static C:\Users\Matt\Documents\Microchip\TcpStack-500-Olimex\Microchip\TCPIP Stack\HTTP2.c
              __string_30   0x0164c0    program     static C:\Users\Matt\Documents\Microchip\BTnicEmb\CustomHTTPApp.c
              __string_31   0x01665d    program     static C:\Users\Matt\Documents\Microchip\TcpStack-500-Olimex\Microchip\TCPIP Stack\HTTP2.c
              __string_31   0x0164bb    program     static C:\Users\Matt\Documents\Microchip\BTnicEmb\CustomHTTPApp.c
              __string_32   0x016655    program     static C:\Users\Matt\Documents\Microchip\TcpStack-500-Olimex\Microchip\TCPIP Stack\HTTP2.c
              __string_32   0x0164b6    program     static C:\Users\Matt\Documents\Microchip\BTnicEmb\CustomHTTPApp.c
              __string_33   0x016646    program     static C:\Users\Matt\Documents\Microchip\TcpStack-500-Olimex\Microchip\TCPIP Stack\HTTP2.c
              __string_33   0x0164b4    program     static C:\Users\Matt\Documents\Microchip\BTnicEmb\CustomHTTPApp.c
              __string_34   0x01649d    program     static C:\Users\Matt\Documents\Microchip\BTnicEmb\CustomHTTPApp.c
              __string_34   0x016636    program     static C:\Users\Matt\Documents\Microchip\TcpStack-500-Olimex\Microchip\TCPIP Stack\HTTP2.c
              __string_35   0x016492    program     static C:\Users\Matt\Documents\Microchip\BTnicEmb\CustomHTTPApp.c
              __string_35   0x016632    program     static C:\Users\Matt\Documents\Microchip\TcpStack-500-Olimex\Microchip\TCPIP Stack\HTTP2.c
              __string_36   0x016487    program     static C:\Users\Matt\Documents\Microchip\BTnicEmb\CustomHTTPApp.c
              __string_36   0x01662d    program     static C:\Users\Matt\Documents\Microchip\TcpStack-500-Olimex\Microchip\TCPIP Stack\HTTP2.c
              __string_37   0x016481    program     static C:\Users\Matt\Documents\Microchip\BTnicEmb\CustomHTTPApp.c
              __string_37   0x016622    program     static C:\Users\Matt\Documents\Microchip\TcpStack-500-Olimex\Microchip\TCPIP Stack\HTTP2.c
              __string_38   0x01660f    program     static C:\Users\Matt\Documents\Microchip\TcpStack-500-Olimex\Microchip\TCPIP Stack\HTTP2.c
              __string_39   0x0165f0    program     static C:\Users\Matt\Documents\Microchip\TcpStack-500-Olimex\Microchip\TCPIP Stack\HTTP2.c
               __string_4   0x016576    program     static C:\Users\Matt\Documents\Microchip\BTnicEmb\CustomHTTPApp.c
               __string_4   0x01699e    program     static C:\Users\Matt\Documents\Microchip\TcpStack-500-Olimex\Microchip\TCPIP Stack\HTTP2.c
              __string_40   0x0165e1    program     static C:\Users\Matt\Documents\Microchip\TcpStack-500-Olimex\Microchip\TCPIP Stack\HTTP2.c
              __string_41   0x0165c8    program     static C:\Users\Matt\Documents\Microchip\TcpStack-500-Olimex\Microchip\TCPIP Stack\HTTP2.c
              __string_42   0x0165b8    program     static C:\Users\Matt\Documents\Microchip\TcpStack-500-Olimex\Microchip\TCPIP Stack\HTTP2.c
              __string_43   0x0165af    program     static C:\Users\Matt\Documents\Microchip\TcpStack-500-Olimex\Microchip\TCPIP Stack\HTTP2.c
              __string_44   0x0165a6    program     static C:\Users\Matt\Documents\Microchip\TcpStack-500-Olimex\Microchip\TCPIP Stack\HTTP2.c
              __string_45   0x0165a2    program     static C:\Users\Matt\Documents\Microchip\TcpStack-500-Olimex\Microchip\TCPIP Stack\HTTP2.c
               __string_5   0x016569    program     static C:\Users\Matt\Documents\Microchip\BTnicEmb\CustomHTTPApp.c
               __string_5   0x01699a    program     static C:\Users\Matt\Documents\Microchip\TcpStack-500-Olimex\Microchip\TCPIP Stack\HTTP2.c
               __string_6   0x016556    program     static C:\Users\Matt\Documents\Microchip\BTnicEmb\CustomHTTPApp.c
               __string_6   0x016996    program     static C:\Users\Matt\Documents\Microchip\TcpStack-500-Olimex\Microchip\TCPIP Stack\HTTP2.c
               __string_7   0x016553    program     static C:\Users\Matt\Documents\Microchip\BTnicEmb\CustomHTTPApp.c
               __string_7   0x016992    program     static C:\Users\Matt\Documents\Microchip\TcpStack-500-Olimex\Microchip\TCPIP Stack\HTTP2.c
               __string_8   0x016550    program     static C:\Users\Matt\Documents\Microchip\BTnicEmb\CustomHTTPApp.c
               __string_8   0x01698e    program     static C:\Users\Matt\Documents\Microchip\TcpStack-500-Olimex\Microchip\TCPIP Stack\HTTP2.c
               __string_9   0x01654c    program     static C:\Users\Matt\Documents\Microchip\BTnicEmb\CustomHTTPApp.c
               __string_9   0x01698a    program     static C:\Users\Matt\Documents\Microchip\TcpStack-500-Olimex\Microchip\TCPIP Stack\HTTP2.c
               __tmplbl_0   0x015b9c    program     static                          
               __tmplbl_0   0x010c12    program     static                          
               __tmplbl_0   0x0186da    program     static                          
               __tmplbl_1   0x015bec    program     static                          
              __tmplbl_10   0x013cc6    program     static                          
              __tmplbl_11   0x013cc4    program     static                          
             __tmplbl_116   0x00324c    program     static                          
              __tmplbl_12   0x013d90    program     static                          
              __tmplbl_13   0x013d82    program     static                          
             __tmplbl_136   0x0080c6    program     static                          
             __tmplbl_138   0x0080c6    program     static                          
              __tmplbl_14   0x013d88    program     static                          
             __tmplbl_140   0x0080c6    program     static                          
             __tmplbl_142   0x0080c6    program     static                          
             __tmplbl_144   0x0080c6    program     static                          
             __tmplbl_147   0x0080c6    program     static                          
             __tmplbl_157   0x0080c6    program     static                          
             __tmplbl_158   0x0080c6    program     static                          
             __tmplbl_160   0x0080c6    program     static                          
             __tmplbl_161   0x007294    program     static                          
             __tmplbl_162   0x0072c2    program     static                          
             __tmplbl_163   0x0080c6    program     static                          
             __tmplbl_164   0x0080c6    program     static                          
             __tmplbl_174   0x0080c6    program     static                          
             __tmplbl_175   0x0080c6    program     static                          
             __tmplbl_176   0x0080c6    program     static                          
             __tmplbl_178   0x0080c6    program     static                          
             __tmplbl_179   0x0080c6    program     static                          
             __tmplbl_180   0x0080c6    program     static                          
             __tmplbl_181   0x0080c6    program     static                          
             __tmplbl_182   0x007dbe    program     static                          
              __tmplbl_30   0x0135ee    program     static                          
              __tmplbl_31   0x0135ce    program     static                          
              __tmplbl_34   0x01366c    program     static                          
              __tmplbl_35   0x01366c    program     static                          
              __tmplbl_36   0x01366c    program     static                          
              __tmplbl_37   0x01366c    program     static                          
              __tmplbl_38   0x01366c    program     static                          
              __tmplbl_39   0x010b8e    program     static                          
              __tmplbl_40   0x010c2e    program     static                          
              __tmplbl_41   0x010c6e    program     static                          
              __tmplbl_42   0x010cd2    program     static                          
               __tmplbl_5   0x013d28    program     static                          
               __tmplbl_6   0x013d14    program     static                          
               __tmplbl_7   0x013cfe    program     static                          
              __tmplbl_76   0x00a6fa    program     static                          
              __tmplbl_77   0x00a676    program     static                          
              __tmplbl_78   0x00a600    program     static                          
              __tmplbl_79   0x00a5b4    program     static                          
               __tmplbl_8   0x013cea    program     static                          
              __tmplbl_80   0x00a136    program     static                          
              __tmplbl_81   0x00a0c6    program     static                          
              __tmplbl_82   0x009ecc    program     static                          
              __tmplbl_83   0x009ea6    program     static                          
              __tmplbl_84   0x009e1a    program     static                          
              __tmplbl_85   0x009a34    program     static                          
              __tmplbl_86   0x00a75c    program     static                          
              __tmplbl_87   0x00a75c    program     static                          
              __tmplbl_88   0x00a75c    program     static                          
              __tmplbl_89   0x00a75c    program     static                          
               __tmplbl_9   0x013cd4    program     static                          
              __tmplbl_90   0x00a75c    program     static                          
              __tmplbl_92   0x00a75c    program     static                          
[...]
                     DDRA   0x000f92       data     extern C:\MCC18\src\traditional\proc\p18F67J60.asm
                 DDRAbits   0x000f92       data     extern C:\MCC18\src\traditional\proc\p18F67J60.asm
                TRISAbits   0x000f92       data     extern C:\MCC18\src\traditional\proc\p18F67J60.asm
                TRISBbits   0x000f93       data     extern C:\MCC18\src\traditional\proc\p18F67J60.asm
                    TRISB   0x000f93       data     extern C:\MCC18\src\traditional\proc\p18F67J60.asm
                 DDRBbits   0x000f93       data     extern C:\MCC18\src\traditional\proc\p18F67J60.asm
                     DDRB   0x000f93       data     extern C:\MCC18\src\traditional\proc\p18F67J60.asm
                     DDRC   0x000f94       data     extern C:\MCC18\src\traditional\proc\p18F67J60.asm
                 DDRCbits   0x000f94       data     extern C:\MCC18\src\traditional\proc\p18F67J60.asm
                    TRISC   0x000f94       data     extern C:\MCC18\src\traditional\proc\p18F67J60.asm
                TRISCbits   0x000f94       data     extern C:\MCC18\src\traditional\proc\p18F67J60.asm
                     DDRD   0x000f95       data     extern C:\MCC18\src\traditional\proc\p18F67J60.asm
                 DDRDbits   0x000f95       data     extern C:\MCC18\src\traditional\proc\p18F67J60.asm
                    TRISD   0x000f95       data     extern C:\MCC18\src\traditional\proc\p18F67J60.asm
                TRISDbits   0x000f95       data     extern C:\MCC18\src\traditional\proc\p18F67J60.asm
                TRISEbits   0x000f96       data     extern C:\MCC18\src\traditional\proc\p18F67J60.asm
                    TRISE   0x000f96       data     extern C:\MCC18\src\traditional\proc\p18F67J60.asm
                     DDRE   0x000f96       data     extern C:\MCC18\src\traditional\proc\p18F67J60.asm
                 DDREbits   0x000f96       data     extern C:\MCC18\src\traditional\proc\p18F67J60.asm
                    TRISF   0x000f97       data     extern C:\MCC18\src\traditional\proc\p18F67J60.asm
                TRISFbits   0x000f97       data     extern C:\MCC18\src\traditional\proc\p18F67J60.asm
                     DDRF   0x000f97       data     extern C:\MCC18\src\traditional\proc\p18F67J60.asm
                 DDRFbits   0x000f97       data     extern C:\MCC18\src\traditional\proc\p18F67J60.asm
                    TRISG   0x000f98       data     extern C:\MCC18\src\traditional\proc\p18F67J60.asm
                TRISGbits   0x000f98       data     extern C:\MCC18\src\traditional\proc\p18F67J60.asm
                     DDRG   0x000f98       data     extern C:\MCC18\src\traditional\proc\p18F67J60.asm
                 DDRGbits   0x000f98       data     extern C:\MCC18\src\traditional\proc\p18F67J60.asm
              OSCTUNEbits   0x000f9b       data     extern C:\MCC18\src\traditional\proc\p18F67J60.asm
                  OSCTUNE   0x000f9b       data     extern C:\MCC18\src\traditional\proc\p18F67J60.asm
                 PIE1bits   0x000f9d       data     extern C:\MCC18\src\traditional\proc\p18F67J60.asm
                     PIE1   0x000f9d       data     extern C:\MCC18\src\traditional\proc\p18F67J60.asm
                 PIR1bits   0x000f9e       data     extern C:\MCC18\src\traditional\proc\p18F67J60.asm
                     PIR1   0x000f9e       data     extern C:\MCC18\src\traditional\proc\p18F67J60.asm
                 IPR1bits   0x000f9f       data     extern C:\MCC18\src\traditional\proc\p18F67J60.asm
                     IPR1   0x000f9f       data     extern C:\MCC18\src\traditional\proc\p18F67J60.asm
                 PIE2bits   0x000fa0       data     extern C:\MCC18\src\traditional\proc\p18F67J60.asm
                     PIE2   0x000fa0       data     extern C:\MCC18\src\traditional\proc\p18F67J60.asm
                 PIR2bits   0x000fa1       data     extern C:\MCC18\src\traditional\proc\p18F67J60.asm
                     PIR2   0x000fa1       data     extern C:\MCC18\src\traditional\proc\p18F67J60.asm
                     IPR2   0x000fa2       data     extern C:\MCC18\src\traditional\proc\p18F67J60.asm
                 IPR2bits   0x000fa2       data     extern C:\MCC18\src\traditional\proc\p18F67J60.asm
                     PIE3   0x000fa3       data     extern C:\MCC18\src\traditional\proc\p18F67J60.asm
                 PIE3bits   0x000fa3       data     extern C:\MCC18\src\traditional\proc\p18F67J60.asm
                 PIR3bits   0x000fa4       data     extern C:\MCC18\src\traditional\proc\p18F67J60.asm
                     PIR3   0x000fa4       data     extern C:\MCC18\src\traditional\proc\p18F67J60.asm
                     IPR3   0x000fa5       data     extern C:\MCC18\src\traditional\proc\p18F67J60.asm
                 IPR3bits   0x000fa5       data     extern C:\MCC18\src\traditional\proc\p18F67J60.asm
                   EECON1   0x000fa6       data     extern C:\MCC18\src\traditional\proc\p18F67J60.asm
               EECON1bits   0x000fa6       data     extern C:\MCC18\src\traditional\proc\p18F67J60.asm
                   EECON2   0x000fa7       data     extern C:\MCC18\src\traditional\proc\p18F67J60.asm
                RCSTAbits   0x000fab       data     extern C:\MCC18\src\traditional\proc\p18F67J60.asm
               RCSTA1bits   0x000fab       data     extern C:\MCC18\src\traditional\proc\p18F67J60.asm
                   RCSTA1   0x000fab       data     extern C:\MCC18\src\traditional\proc\p18F67J60.asm
                    RCSTA   0x000fab       data     extern C:\MCC18\src\traditional\proc\p18F67J60.asm
                    TXSTA   0x000fac       data     extern C:\MCC18\src\traditional\proc\p18F67J60.asm
                   TXSTA1   0x000fac       data     extern C:\MCC18\src\traditional\proc\p18F67J60.asm
               TXSTA1bits   0x000fac       data     extern C:\MCC18\src\traditional\proc\p18F67J60.asm
                TXSTAbits   0x000fac       data     extern C:\MCC18\src\traditional\proc\p18F67J60.asm
                   TXREG1   0x000fad       data     extern C:\MCC18\src\traditional\proc\p18F67J60.asm
                    TXREG   0x000fad       data     extern C:\MCC18\src\traditional\proc\p18F67J60.asm
                    RCREG   0x000fae       data     extern C:\MCC18\src\traditional\proc\p18F67J60.asm
                   RCREG1   0x000fae       data     extern C:\MCC18\src\traditional\proc\p18F67J60.asm
                    SPBRG   0x000faf       data     extern C:\MCC18\src\traditional\proc\p18F67J60.asm
                   SPBRG1   0x000faf       data     extern C:\MCC18\src\traditional\proc\p18F67J60.asm
                T3CONbits   0x000fb1       data     extern C:\MCC18\src\traditional\proc\p18F67J60.asm
                    T3CON   0x000fb1       data     extern C:\MCC18\src\traditional\proc\p18F67J60.asm
                    TMR3L   0x000fb2       data     extern C:\MCC18\src\traditional\proc\p18F67J60.asm
                    TMR3H   0x000fb3       data     extern C:\MCC18\src\traditional\proc\p18F67J60.asm
                CMCONbits   0x000fb4       data     extern C:\MCC18\src\traditional\proc\p18F67J60.asm
                    CMCON   0x000fb4       data     extern C:\MCC18\src\traditional\proc\p18F67J60.asm
               CVRCONbits   0x000fb5       data     extern C:\MCC18\src\traditional\proc\p18F67J60.asm
                   CVRCON   0x000fb5       data     extern C:\MCC18\src\traditional\proc\p18F67J60.asm
                  ECCP1AS   0x000fb6       data     extern C:\MCC18\src\traditional\proc\p18F67J60.asm
              ECCP1ASbits   0x000fb6       data     extern C:\MCC18\src\traditional\proc\p18F67J60.asm
                 ECCP3CON   0x000fb7       data     extern C:\MCC18\src\traditional\proc\p18F67J60.asm
             ECCP3CONbits   0x000fb7       data     extern C:\MCC18\src\traditional\proc\p18F67J60.asm
                  CCP3CON   0x000fb7       data     extern C:\MCC18\src\traditional\proc\p18F67J60.asm
              CCP3CONbits   0x000fb7       data     extern C:\MCC18\src\traditional\proc\p18F67J60.asm
                   CCPR3L   0x000fb8       data     extern C:\MCC18\src\traditional\proc\p18F67J60.asm
                    CCPR3   0x000fb8       data     extern C:\MCC18\src\traditional\proc\p18F67J60.asm
                   CCPR3H   0x000fb9       data     extern C:\MCC18\src\traditional\proc\p18F67J60.asm
              CCP2CONbits   0x000fba       data     extern C:\MCC18\src\traditional\proc\p18F67J60.asm
                  CCP2CON   0x000fba       data     extern C:\MCC18\src\traditional\proc\p18F67J60.asm
             ECCP2CONbits   0x000fba       data     extern C:\MCC18\src\traditional\proc\p18F67J60.asm
                 ECCP2CON   0x000fba       data     extern C:\MCC18\src\traditional\proc\p18F67J60.asm
                   CCPR2L   0x000fbb       data     extern C:\MCC18\src\traditional\proc\p18F67J60.asm
                    CCPR2   0x000fbb       data     extern C:\MCC18\src\traditional\proc\p18F67J60.asm
                   CCPR2H   0x000fbc       data     extern C:\MCC18\src\traditional\proc\p18F67J60.asm
              CCP1CONbits   0x000fbd       data     extern C:\MCC18\src\traditional\proc\p18F67J60.asm
                  CCP1CON   0x000fbd       data     extern C:\MCC18\src\traditional\proc\p18F67J60.asm
                 ECCP1CON   0x000fbd       data     extern C:\MCC18\src\traditional\proc\p18F67J60.asm
             ECCP1CONbits   0x000fbd       data     extern C:\MCC18\src\traditional\proc\p18F67J60.asm
                    CCPR1   0x000fbe       data     extern C:\MCC18\src\traditional\proc\p18F67J60.asm
                   CCPR1L   0x000fbe       data     extern C:\MCC18\src\traditional\proc\p18F67J60.asm
                   CCPR1H   0x000fbf       data     extern C:\MCC18\src\traditional\proc\p18F67J60.asm
                   ADCON2   0x000fc0       data     extern C:\MCC18\src\traditional\proc\p18F67J60.asm
               ADCON2bits   0x000fc0       data     extern C:\MCC18\src\traditional\proc\p18F67J60.asm
               ADCON1bits   0x000fc1       data     extern C:\MCC18\src\traditional\proc\p18F67J60.asm
                   ADCON1   0x000fc1       data     extern C:\MCC18\src\traditional\proc\p18F67J60.asm
               ADCON0bits   0x000fc2       data     extern C:\MCC18\src\traditional\proc\p18F67J60.asm
                   ADCON0   0x000fc2       data     extern C:\MCC18\src\traditional\proc\p18F67J60.asm
                    ADRES   0x000fc3       data     extern C:\MCC18\src\traditional\proc\p18F67J60.asm
                   ADRESL   0x000fc3       data     extern C:\MCC18\src\traditional\proc\p18F67J60.asm
                   ADRESH   0x000fc4       data     extern C:\MCC18\src\traditional\proc\p18F67J60.asm
                  SSPCON2   0x000fc5       data     extern C:\MCC18\src\traditional\proc\p18F67J60.asm
              SSPCON2bits   0x000fc5       data     extern C:\MCC18\src\traditional\proc\p18F67J60.asm
             SSP1CON2bits   0x000fc5       data     extern C:\MCC18\src\traditional\proc\p18F67J60.asm
                 SSP1CON2   0x000fc5       data     extern C:\MCC18\src\traditional\proc\p18F67J60.asm
                  SSPCON1   0x000fc6       data     extern C:\MCC18\src\traditional\proc\p18F67J60.asm
              SSPCON1bits   0x000fc6       data     extern C:\MCC18\src\traditional\proc\p18F67J60.asm
             SSP1CON1bits   0x000fc6       data     extern C:\MCC18\src\traditional\proc\p18F67J60.asm
                 SSP1CON1   0x000fc6       data     extern C:\MCC18\src\traditional\proc\p18F67J60.asm
                 SSP1STAT   0x000fc7       data     extern C:\MCC18\src\traditional\proc\p18F67J60.asm
             SSP1STATbits   0x000fc7       data     extern C:\MCC18\src\traditional\proc\p18F67J60.asm
                  SSPSTAT   0x000fc7       data     extern C:\MCC18\src\traditional\proc\p18F67J60.asm
              SSPSTATbits   0x000fc7       data     extern C:\MCC18\src\traditional\proc\p18F67J60.asm
                  SSP1ADD   0x000fc8       data     extern C:\MCC18\src\traditional\proc\p18F67J60.asm
                   SSPADD   0x000fc8       data     extern C:\MCC18\src\traditional\proc\p18F67J60.asm
                   SSPBUF   0x000fc9       data     extern C:\MCC18\src\traditional\proc\p18F67J60.asm
                  SSP1BUF   0x000fc9       data     extern C:\MCC18\src\traditional\proc\p18F67J60.asm
                T2CONbits   0x000fca       data     extern C:\MCC18\src\traditional\proc\p18F67J60.asm
                    T2CON   0x000fca       data     extern C:\MCC18\src\traditional\proc\p18F67J60.asm
                      PR2   0x000fcb       data     extern C:\MCC18\src\traditional\proc\p18F67J60.asm
                     TMR2   0x000fcc       data     extern C:\MCC18\src\traditional\proc\p18F67J60.asm
                    T1CON   0x000fcd       data     extern C:\MCC18\src\traditional\proc\p18F67J60.asm
                T1CONbits   0x000fcd       data     extern C:\MCC18\src\traditional\proc\p18F67J60.asm
                    TMR1L   0x000fce       data     extern C:\MCC18\src\traditional\proc\p18F67J60.asm
                    TMR1H   0x000fcf       data     extern C:\MCC18\src\traditional\proc\p18F67J60.asm
                     RCON   0x000fd0       data     extern C:\MCC18\src\traditional\proc\p18F67J60.asm
                 RCONbits   0x000fd0       data     extern C:\MCC18\src\traditional\proc\p18F67J60.asm
                   WDTCON   0x000fd1       data     extern C:\MCC18\src\traditional\proc\p18F67J60.asm
               WDTCONbits   0x000fd1       data     extern C:\MCC18\src\traditional\proc\p18F67J60.asm
                    ECON1   0x000fd2       data     extern C:\MCC18\src\traditional\proc\p18F67J60.asm
                ECON1bits   0x000fd2       data     extern C:\MCC18\src\traditional\proc\p18F67J60.asm
               OSCCONbits   0x000fd3       data     extern C:\MCC18\src\traditional\proc\p18F67J60.asm
                   OSCCON   0x000fd3       data     extern C:\MCC18\src\traditional\proc\p18F67J60.asm
                    T0CON   0x000fd5       data     extern C:\MCC18\src\traditional\proc\p18F67J60.asm
                T0CONbits   0x000fd5       data     extern C:\MCC18\src\traditional\proc\p18F67J60.asm
                    TMR0L   0x000fd6       data     extern C:\MCC18\src\traditional\proc\p18F67J60.asm
                    TMR0H   0x000fd7       data     extern C:\MCC18\src\traditional\proc\p18F67J60.asm
               STATUSbits   0x000fd8       data     extern C:\MCC18\src\traditional\proc\p18F67J60.asm
                   STATUS   0x000fd8       data     extern C:\MCC18\src\traditional\proc\p18F67J60.asm
                    FSR2L   0x000fd9       data     extern C:\MCC18\src\traditional\proc\p18F67J60.asm
                     FSR2   0x000fd9       data     extern C:\MCC18\src\traditional\proc\p18F67J60.asm
                    FSR2H   0x000fda       data     extern C:\MCC18\src\traditional\proc\p18F67J60.asm
                   PLUSW2   0x000fdb       data     extern C:\MCC18\src\traditional\proc\p18F67J60.asm
                  PREINC2   0x000fdc       data     extern C:\MCC18\src\traditional\proc\p18F67J60.asm
                 POSTDEC2   0x000fdd       data     extern C:\MCC18\src\traditional\proc\p18F67J60.asm
                 POSTINC2   0x000fde       data     extern C:\MCC18\src\traditional\proc\p18F67J60.asm
                    INDF2   0x000fdf       data     extern C:\MCC18\src\traditional\proc\p18F67J60.asm
                      BSR   0x000fe0       data     extern C:\MCC18\src\traditional\proc\p18F67J60.asm
                    FSR1L   0x000fe1       data     extern C:\MCC18\src\traditional\proc\p18F67J60.asm
                     FSR1   0x000fe1       data     extern C:\MCC18\src\traditional\proc\p18F67J60.asm
                    FSR1H   0x000fe2       data     extern C:\MCC18\src\traditional\proc\p18F67J60.asm
                   PLUSW1   0x000fe3       data     extern C:\MCC18\src\traditional\proc\p18F67J60.asm
                  PREINC1   0x000fe4       data     extern C:\MCC18\src\traditional\proc\p18F67J60.asm
                 POSTDEC1   0x000fe5       data     extern C:\MCC18\src\traditional\proc\p18F67J60.asm
                 POSTINC1   0x000fe6       data     extern C:\MCC18\src\traditional\proc\p18F67J60.asm
                    INDF1   0x000fe7       data     extern C:\MCC18\src\traditional\proc\p18F67J60.asm
                     WREG   0x000fe8       data     extern C:\MCC18\src\traditional\proc\p18F67J60.asm
                    FSR0L   0x000fe9       data     extern C:\MCC18\src\traditional\proc\p18F67J60.asm
                     FSR0   0x000fe9       data     extern C:\MCC18\src\traditional\proc\p18F67J60.asm
                    FSR0H   0x000fea       data     extern C:\MCC18\src\traditional\proc\p18F67J60.asm
                   PLUSW0   0x000feb       data     extern C:\MCC18\src\traditional\proc\p18F67J60.asm
                  PREINC0   0x000fec       data     extern C:\MCC18\src\traditional\proc\p18F67J60.asm
                 POSTDEC0   0x000fed       data     extern C:\MCC18\src\traditional\proc\p18F67J60.asm
                 POSTINC0   0x000fee       data     extern C:\MCC18\src\traditional\proc\p18F67J60.asm
                    INDF0   0x000fef       data     extern C:\MCC18\src\traditional\proc\p18F67J60.asm
                  INTCON3   0x000ff0       data     extern C:\MCC18\src\traditional\proc\p18F67J60.asm
              INTCON3bits   0x000ff0       data     extern C:\MCC18\src\traditional\proc\p18F67J60.asm
                  INTCON2   0x000ff1       data     extern C:\MCC18\src\traditional\proc\p18F67J60.asm
              INTCON2bits   0x000ff1       data     extern C:\MCC18\src\traditional\proc\p18F67J60.asm
                   INTCON   0x000ff2       data     extern C:\MCC18\src\traditional\proc\p18F67J60.asm
               INTCONbits   0x000ff2       data     extern C:\MCC18\src\traditional\proc\p18F67J60.asm
                    PRODL   0x000ff3       data     extern C:\MCC18\src\traditional\proc\p18F67J60.asm
                     PROD   0x000ff3       data     extern C:\MCC18\src\traditional\proc\p18F67J60.asm
                    PRODH   0x000ff4       data     extern C:\MCC18\src\traditional\proc\p18F67J60.asm
                   TABLAT   0x000ff5       data     extern C:\MCC18\src\traditional\proc\p18F67J60.asm
                  TBLPTRL   0x000ff6       data     extern C:\MCC18\src\traditional\proc\p18F67J60.asm
                   TBLPTR   0x000ff6       data     extern C:\MCC18\src\traditional\proc\p18F67J60.asm
                  TBLPTRH   0x000ff7       data     extern C:\MCC18\src\traditional\proc\p18F67J60.asm
                  TBLPTRU   0x000ff8       data     extern C:\MCC18\src\traditional\proc\p18F67J60.asm
                      PCL   0x000ff9       data     extern C:\MCC18\src\traditional\proc\p18F67J60.asm
                       PC   0x000ff9       data     extern C:\MCC18\src\traditional\proc\p18F67J60.asm
                   PCLATH   0x000ffa       data     extern C:\MCC18\src\traditional\proc\p18F67J60.asm
                   PCLATU   0x000ffb       data     extern C:\MCC18\src\traditional\proc\p18F67J60.asm
               STKPTRbits   0x000ffc       data     extern C:\MCC18\src\traditional\proc\p18F67J60.asm
                   STKPTR   0x000ffc       data     extern C:\MCC18\src\traditional\proc\p18F67J60.asm
                      TOS   0x000ffd       data     extern C:\MCC18\src\traditional\proc\p18F67J60.asm
                     TOSL   0x000ffd       data     extern C:\MCC18\src\traditional\proc\p18F67J60.asm
                     TOSH   0x000ffe       data     extern C:\MCC18\src\traditional\proc\p18F67J60.asm
                     TOSU   0x000fff       data     extern C:\MCC18\src\traditional\proc\p18F67J60.asm


